Archive member included to satisfy reference by file (symbol)

C:/devkitPro/libnds/lib\libmm9.a(mm_comms.o)
                              main.o (mmEffectVolume)
C:/devkitPro/libnds/lib\libmm9.a(mm_memory.o)
                              main.o (mmLoadEffect)
C:/devkitPro/libnds/lib\libmm9.a(mm_main9.o)
                              C:/devkitPro/libnds/lib\libmm9.a(mm_memory.o) (mmcbMemory)
C:/devkitPro/libnds/lib\libmm9.a(mm_soundbank.o)
                              C:/devkitPro/libnds/lib\libmm9.a(mm_main9.o) (mmSoundBankInMemory)
C:/devkitPro/libnds/lib\libmm9.a(mm_flusher.o)
                              C:/devkitPro/libnds/lib\libmm9.a(mm_memory.o) (mmFlushBank)
C:/devkitPro/libnds/lib\libfilesystem.a(nitrofs.o)
                              main.o (nitroFSInit)
C:/devkitPro/libnds/lib\libfat.a(libfat.o)
                              main.o (fatInitDefault)
C:/devkitPro/libnds/lib\libfat.a(disc.o)
                              C:/devkitPro/libnds/lib\libfat.a(libfat.o) (_FAT_disc_interfaces)
C:/devkitPro/libnds/lib\libfat.a(fatfile.o)
                              C:/devkitPro/libnds/lib\libfat.a(libfat.o) (_FAT_open_r)
C:/devkitPro/libnds/lib\libfat.a(cache.o)
                              C:/devkitPro/libnds/lib\libfat.a(fatfile.o) (_FAT_cache_readSectors)
C:/devkitPro/libnds/lib\libfat.a(fatdir.o)
                              C:/devkitPro/libnds/lib\libfat.a(libfat.o) (_FAT_stat_r)
C:/devkitPro/libnds/lib\libfat.a(directory.o)
                              C:/devkitPro/libnds/lib\libfat.a(fatfile.o) (_FAT_directory_entryGetCluster)
C:/devkitPro/libnds/lib\libfat.a(partition.o)
                              C:/devkitPro/libnds/lib\libfat.a(libfat.o) (_FAT_partition_destructor)
C:/devkitPro/libnds/lib\libfat.a(lock.o)
                              C:/devkitPro/libnds/lib\libfat.a(partition.o) (_FAT_lock_init)
C:/devkitPro/libnds/lib\libfat.a(filetime.o)
                              C:/devkitPro/libnds/lib\libfat.a(fatfile.o) (_FAT_filetime_getTimeFromRTC)
C:/devkitPro/libnds/lib\libfat.a(file_allocation_table.o)
                              C:/devkitPro/libnds/lib\libfat.a(fatfile.o) (_FAT_fat_nextCluster)
C:/devkitPro/libnds/lib\libnds9.a(dynamicArray.o)
                              main.o (DynamicArrayGet)
C:/devkitPro/libnds/lib\libnds9.a(trig.o)
                              main.o (sinLerp)
C:/devkitPro/libnds/lib\libnds9.a(video.o)
                              main.o (vramRestorePrimaryBanks)
C:/devkitPro/libnds/lib\libnds9.a(touch.o)
                              main.o (touchRead)
C:/devkitPro/libnds/lib\libnds9.a(sassert.o)
                              main.o (__sassert)
C:/devkitPro/libnds/lib\libnds9.a(console.o)
                              main.o (consoleDemoInit)
C:/devkitPro/libnds/lib\libnds9.a(videoGL.o)
                              main.o (glRotatef32i)
C:/devkitPro/libnds/lib\libnds9.a(keys.o)
                              main.o (scanKeys)
C:/devkitPro/libnds/lib\libnds9.a(dldi.o)
                              C:/devkitPro/libnds/lib\libfat.a(disc.o) (dldiGetInternal)
C:/devkitPro/libnds/lib\libnds9.a(initSystem.o)
                              C:/devkitPro/devkitARM/bin/../lib/gcc/arm-none-eabi/13.2.0/../../../../arm-none-eabi/lib/ds_arm9_crt0.o (initSystem)
C:/devkitPro/libnds/lib\libnds9.a(securearea.o)
                              C:/devkitPro/devkitARM/bin/../lib/gcc/arm-none-eabi/13.2.0/../../../../arm-none-eabi/lib/ds_arm9_crt0.o (__secure_area__)
C:/devkitPro/libnds/lib\libnds9.a(timers.o)
                              main.o (timerStart)
C:/devkitPro/libnds/lib\libnds9.a(interrupts.o)
                              C:/devkitPro/libnds/lib\libnds9.a(timers.o) (irqSet)
C:/devkitPro/libnds/lib\libnds9.a(libnds_exit.arm.o)
                              C:/devkitPro/devkitARM/bin/../lib/gcc/arm-none-eabi/13.2.0/../../../../arm-none-eabi/lib/ds_arm9_crt0.o (__libnds_exit)
C:/devkitPro/libnds/lib\libnds9.a(card.o)
                              C:/devkitPro/libnds/lib\libfilesystem.a(nitrofs.o) (cardParamCommand)
C:/devkitPro/libnds/lib\libnds9.a(fifosystem.o)
                              C:/devkitPro/libnds/lib\libmm9.a(mm_comms.o) (fifoSetValue32Handler)
C:/devkitPro/libnds/lib\libnds9.a(dcache.o)
                              main.o (DC_FlushRange)
C:/devkitPro/libnds/lib\libnds9.a(dldi_stub.o)
                              C:/devkitPro/libnds/lib\libnds9.a(dldi.o) (_io_dldi_stub)
C:/devkitPro/libnds/lib\libnds9.a(mpu_setup.o)
                              C:/devkitPro/devkitARM/bin/../lib/gcc/arm-none-eabi/13.2.0/../../../../arm-none-eabi/lib/ds_arm9_crt0.o (__libnds_mpu_setup)
C:/devkitPro/libnds/lib\libnds9.a(IntrWait.o)
                              main.o (swiWaitForVBlank)
C:/devkitPro/libnds/lib\libnds9.a(cpu_clock.o)
                              C:/devkitPro/libnds/lib\libnds9.a(initSystem.o) (setCpuClock)
C:/devkitPro/libnds/lib\libnds9.a(interruptDispatcher.o)
                              C:/devkitPro/libnds/lib\libnds9.a(interrupts.o) (IntrMain)
[...]
Memory Configuration

Name             Origin             Length             Attributes
ewram            0x02000000         0x00380000
dtcm             0x02ff0000         0x00004000
vectors          0x01000000         0x00000100
itcm             0x01000100         0x00007f00
*default*        0x00000000         0xffffffff

Linker script and memory map

                0x02380000                        __ewram_end = (ORIGIN (ewram) + LENGTH (ewram))
                0x02380000                        __eheap_end = (ORIGIN (ewram) + LENGTH (ewram))
                0x02ff4000                        __dtcm_top = (ORIGIN (dtcm) + LENGTH (dtcm))
                0x02ff3ff8                        __irq_flags = (__dtcm_top - 0x8)
                0x02ff3ffc                        __irq_vector = (__dtcm_top - 0x4)
                0x02ff3f00                        __sp_svc = (__dtcm_top - 0x100)
                0x02ff3e00                        __sp_irq = (__sp_svc - 0x100)
                0x02ff3d00                        __sp_usr = (__sp_irq - 0x100)

.secure         0x02000000      0x800
 *(.secure)
 .secure        0x02000000      0x800 C:/devkitPro/libnds/lib\libnds9.a(securearea.o)
                0x02000000                __secure_area__

.crt0           0x02000800      0x300
                0x02000800                        __text_start = .
 *(.crt0)
 .crt0          0x02000800      0x300 C:/devkitPro/devkitARM/bin/../lib/gcc/arm-none-eabi/13.2.0/../../../../arm-none-eabi/lib/ds_arm9_crt0.o
                0x02000800                _start
                0x02000b00                        . = ALIGN (0x4)

.plt
 *(.plt)

.init           0x02000b00       0x18
 *(SORT_NONE(.init))
 .init          0x02000b00        0xc C:/devkitPro/devkitARM/bin/../lib/gcc/arm-none-eabi/13.2.0/crti.o
                0x02000b00                _init
 .init          0x02000b0c        0xc C:/devkitPro/devkitARM/bin/../lib/gcc/arm-none-eabi/13.2.0/crtn.o

.text           0x02000b40    0x2a448
 *(EXCLUDE_FILE(*.twl* *.vectors* *.itcm*) .text)
 .text          0x02000b40     0x71a4 main.o
                0x02000d5c                GetFileSize
                0x02000d7c                DS_InitFS
                0x02000dc0                InitFileSystem
                0x02000df4                DS_OpenFile
                0x02000ee4                DS_OpenFile2
                0x02000fb8                LoadFile
                0x0200109c                glTexImage2DFixed
                0x02001618                fabsff
                0x02001620                atan2f32
                0x02001a98                FastInverseSqrt
                0x02001b38                Normalize2
                0x02001c1c                Normalize3
                0x02001e40                Normalize4
                0x02001f70                Add3
                0x02001fac                Sub3
                0x02001fe8                Mul3
                0x02002040                Div3
                0x02002144                GetDistanceVec2
                0x020021c0                GetDistanceVec3
                0x02002258                GetGLSizeFromNormal
                0x020022cc                ReadLine
                0x0200233c                Load4BitPCX
                0x02002374                LoadPCX
                0x02002a94                LoadTexture
                0x02002d28                LoadTextureFromFile
                0x02002d68                GetDeltaTime
                0x02002da0                MeasureFps
                0x02002e00                GetNormalFromList
                0x02002ebc                SetNormalToList
                0x02002ef0                GetTexCoordFromList
                0x02002f1c                SetTexCoordToList
                0x02002f48                GetVertexFromList
                0x02002f80                SetVertexToList
                0x02002fa8                DisplayListCreate
                0x02002fb4                KokiriForestLoadTextures
                0x02003828                KokiriForestLoadModels
                0x02003b04                KokiriForestDraw
                0x020055bc                KokiriForestDeleteTextures
                0x020055cc                KokiriForestDeleteModels
                0x020056fc                FogInitSettings
                0x0200583c                RendererSetPointLight
                0x02005948                AudioSet3D
                0x02005bcc                GenerateNormals
                0x02005e58                Md2Load
                0x02006190                Free
                0x020061bc                Md2Start
                0x02006258                Md2End
                0x02006274                Md2Update
                0x020064c8                Md2LoadFromFile
                0x02006524                IntersectRayTriangle
                0x020067f4                RayVsTriangle
                0x02006b70                ProccessCollision
                0x02006f2c                UpdatePlayer
                0x02007348                PlayerGroundCollision
                0x020074e8                UpdateCamera
                0x020077f8                YoungLinkLoadTextures
                0x02007850                YoungLinkDeleteTextures
                0x02007860                DrawMd2
                0x02007b24                PollKeyEvents
                0x02007c6c                ReloadTextures
 .text          0x02007ce4      0x24c C:/devkitPro/libnds/lib\libmm9.a(mm_comms.o)
                0x02007ce4                mmSetupComms
                0x02007d36                mmSendBank
                0x02007d40                mmLockChannels
                0x02007d46                mmUnlockChannels
                0x02007d4c                mmStart
                0x02007d56                mmPause
                0x02007d5a                mmResume
                0x02007d5e                mmStop
                0x02007d62                mmPosition
                0x02007d66                mmJingle
                0x02007d6a                mmSetModuleVolume
                0x02007d6e                mmSetJingleVolume
                0x02007d72                mmSetModuleTempo
                0x02007d76                mmSetModulePitch
                0x02007d7a                mmSetEffectsVolume
                0x02007d7e                mmSelectMode
                0x02007d82                mmStreamBegin
                0x02007d96                mmStreamEnd
                0x02007dec                mmEffect
                0x02007e10                mmEffectVolume
                0x02007e14                mmEffectPanning
                0x02007e18                mmEffectRate
                0x02007e22                mmEffectScaleRate
                0x02007e2c                mmEffectRelease
                0x02007e32                mmEffectCancel
                0x02007e38                mmEffectEx
                0x02007e76                mmEffectCancelAll
                0x02007e7a                mmReverbEnable
                0x02007e7e                mmReverbDisable
                0x02007e82                mmReverbConfigure
                0x02007ede                mmReverbStart
                0x02007ee2                mmReverbStop
 .text          0x02007f30      0x120 C:/devkitPro/libnds/lib\libmm9.a(mm_memory.o)
                0x02007f30                mmLoad
                0x02007f80                mmUnload
                0x02007fd8                mmLoadEffect
                0x02008010                mmUnloadEffect
 .text          0x02008050      0x108 C:/devkitPro/libnds/lib\libmm9.a(mm_main9.o)
                0x02008050                mmActive
                0x02008056                mmSetEventHandler
                0x0200805c                mmInit
                0x02008086                mmInitDefault
                0x020080d0                mmInitDefaultMem
                0x020080f2                mmSuspendIRQ_t
                0x02008110                mmRestoreIRQ_t
 .text          0x02008158      0x100 C:/devkitPro/libnds/lib\libmm9.a(mm_soundbank.o)
                0x02008158                mmSoundBankInMemory
                0x02008160                mmSoundBankInFiles
                0x02008172                mmSetCustomSoundBankHandler
                0x0200819e                mmsHandleFileOp
 .text          0x02008258       0x3c C:/devkitPro/libnds/lib\libmm9.a(mm_flusher.o)
                0x02008258                mmFlushBank
 *fill*         0x02008294       0x2c ff
 .text          0x020082c0     0x4000 C:/devkitPro/libnds/lib\libnds9.a(dldi_stub.o)
                0x020082c0                _io_dldi_stub
 .text          0x0200c2c0      0x198 C:/devkitPro/devkitARM/bin/../lib/gcc/arm-none-eabi/13.2.0\libgcc.a(_arm_mulsf3.o)
                0x0200c2c0                __aeabi_fmul
                0x0200c2c0                __mulsf3
 .text          0x0200c458      0x114 C:/devkitPro/devkitARM/bin/../lib/gcc/arm-none-eabi/13.2.0\libgcc.a(_udivsi3.o)
                0x0200c458                __aeabi_uidiv
                0x0200c458                __udivsi3
                0x0200c54c                __aeabi_uidivmod
 .text          0x0200c56c      0x148 C:/devkitPro/devkitARM/bin/../lib/gcc/arm-none-eabi/13.2.0\libgcc.a(_divsi3.o)
                0x0200c56c                __divsi3
                0x0200c56c                __aeabi_idiv
                0x0200c694                __aeabi_idivmod
 .text          0x0200c6b4        0x4 C:/devkitPro/devkitARM/bin/../lib/gcc/arm-none-eabi/13.2.0\libgcc.a(_dvmd_tls.o)
                0x0200c6b4                __aeabi_idiv0
                0x0200c6b4                __aeabi_ldiv0
 .text          0x0200c6b8      0x2ac C:/devkitPro/devkitARM/bin/../lib/gcc/arm-none-eabi/13.2.0\libgcc.a(_arm_addsubsf3.o)
                0x0200c6b8                __aeabi_frsub
                0x0200c6c0                __subsf3
                0x0200c6c0                __aeabi_fsub
                0x0200c6c4                __aeabi_fadd
                0x0200c6c4                __addsf3
                0x0200c880                __aeabi_ui2f
                0x0200c880                __floatunsisf
                0x0200c888                __aeabi_i2f
                0x0200c888                __floatsisf
                0x0200c8a8                __aeabi_ul2f
                0x0200c8a8                __floatundisf
                0x0200c8b8                __aeabi_l2f
                0x0200c8b8                __floatdisf
 .text          0x0200c964       0x5c C:/devkitPro/devkitARM/bin/../lib/gcc/arm-none-eabi/13.2.0\libgcc.a(_arm_fixsfsi.o)
                0x0200c964                __aeabi_f2iz
                0x0200c964                __fixsfsi
 .text          0x0200c9c0       0xd4 C:/devkitPro/devkitARM/bin/../lib/gcc/arm-none-eabi/13.2.0\libgcc.a(_aeabi_ldivmod.o)
                0x0200c9c0                __aeabi_ldivmod
 .text          0x0200ca94       0x28 C:/devkitPro/devkitARM/bin/../lib/gcc/arm-none-eabi/13.2.0\libgcc.a(_clzdi2.o)
                0x0200ca94                __clzdi2
 .text          0x0200cabc       0x48 C:/devkitPro/devkitARM/bin/../lib/gcc/arm-none-eabi/13.2.0\libgcc.a(_clzsi2.o)
                0x0200cabc                __clzsi2
 .text          0x0200cb04      0x224 C:/devkitPro/devkitARM/bin/../lib/gcc/arm-none-eabi/13.2.0/../../../../arm-none-eabi/lib\libg.a(libc_a-strcmp.o)
                0x0200cb04                strcmp
 .text          0x0200cd28      0x424 C:/devkitPro/devkitARM/bin/../lib/gcc/arm-none-eabi/13.2.0\libgcc.a(_arm_addsubdf3.o)
                0x0200cd28                __aeabi_drsub
                0x0200cd30                __aeabi_dsub
                0x0200cd30                __subdf3
                0x0200cd34                __aeabi_dadd
                0x0200cd34                __adddf3
                0x0200d044                __floatunsidf
                0x0200d044                __aeabi_ui2d
                0x0200d068                __floatsidf
                0x0200d068                __aeabi_i2d
                0x0200d090                __aeabi_f2d
                0x0200d090                __extendsfdf2
                0x0200d0d8                __floatundidf
                0x0200d0d8                __aeabi_ul2d
                0x0200d0ec                __floatdidf
                0x0200d0ec                __aeabi_l2d
 .text          0x0200d14c      0x49c C:/devkitPro/devkitARM/bin/../lib/gcc/arm-none-eabi/13.2.0\libgcc.a(_arm_muldivdf3.o)
                0x0200d14c                __aeabi_dmul
                0x0200d14c                __muldf3
                0x0200d3dc                __divdf3
                0x0200d3dc                __aeabi_ddiv
 .text          0x0200d5e8      0x144 C:/devkitPro/devkitARM/bin/../lib/gcc/arm-none-eabi/13.2.0\libgcc.a(_arm_cmpdf2.o)
                0x0200d5e8                __gtdf2
                0x0200d5e8                __gedf2
                0x0200d5f0                __ltdf2
                0x0200d5f0                __ledf2
                0x0200d5f8                __nedf2
                0x0200d5f8                __eqdf2
                0x0200d5f8                __cmpdf2
                0x0200d680                __aeabi_cdrcmple
                0x0200d69c                __aeabi_cdcmpeq
                0x0200d69c                __aeabi_cdcmple
                0x0200d6b4                __aeabi_dcmpeq
                0x0200d6cc                __aeabi_dcmplt
                0x0200d6e4                __aeabi_dcmple
                0x0200d6fc                __aeabi_dcmpge
                0x0200d714                __aeabi_dcmpgt
 .text          0x0200d72c       0x38 C:/devkitPro/devkitARM/bin/../lib/gcc/arm-none-eabi/13.2.0\libgcc.a(_arm_unorddf2.o)
                0x0200d72c                __unorddf2
                0x0200d72c                __aeabi_dcmpun
 .text          0x0200d764       0x5c C:/devkitPro/devkitARM/bin/../lib/gcc/arm-none-eabi/13.2.0\libgcc.a(_arm_fixdfsi.o)
                0x0200d764                __aeabi_d2iz
                0x0200d764                __fixdfsi
 .text          0x0200d7c0       0x3c C:/devkitPro/devkitARM/bin/../lib/gcc/arm-none-eabi/13.2.0\libgcc.a(_aeabi_uldivmod.o)
                0x0200d7c0                __aeabi_uldivmod
 *(EXCLUDE_FILE(*.twl* *.vectors* *.itcm*) .stub)
 *(EXCLUDE_FILE(*.twl* *.vectors* *.itcm*) .text.*)
 .text.__do_global_dtors_aux
                0x0200d7fc       0x40 C:/devkitPro/devkitARM/bin/../lib/gcc/arm-none-eabi/13.2.0/crtbegin.o
 .text.frame_dummy
                0x0200d83c       0x30 C:/devkitPro/devkitARM/bin/../lib/gcc/arm-none-eabi/13.2.0/crtbegin.o
 *fill*         0x0200d86c        0x4 ff
 .text.startup  0x0200d870     0x17b0 main.o
                0x0200d870                main
 .text.nitroFSDirClose
                0x0200f020        0x4 C:/devkitPro/libnds/lib\libfilesystem.a(nitrofs.o)
 .text.nitroFSSeek
                0x0200f024       0x78 C:/devkitPro/libnds/lib\libfilesystem.a(nitrofs.o)
 .text.nitroFSFstat
                0x0200f09c       0x10 C:/devkitPro/libnds/lib\libfilesystem.a(nitrofs.o)
 .text.nitroSubReadBlock
                0x0200f0ac       0x54 C:/devkitPro/libnds/lib\libfilesystem.a(nitrofs.o)
 .text.nitroSubReadCard
                0x0200f100       0xb0 C:/devkitPro/libnds/lib\libfilesystem.a(nitrofs.o)
 .text.nitroFSClose
                0x0200f1b0        0x4 C:/devkitPro/libnds/lib\libfilesystem.a(nitrofs.o)
 .text.nitroDirReset
                0x0200f1b4       0x9c C:/devkitPro/libnds/lib\libfilesystem.a(nitrofs.o)
 .text.nitroFSRead
                0x0200f250       0xbc C:/devkitPro/libnds/lib\libfilesystem.a(nitrofs.o)
 .text.nitroFSDirNext
                0x0200f30c      0x30c C:/devkitPro/libnds/lib\libfilesystem.a(nitrofs.o)
 .text.nitroFSDirOpen
                0x0200f618       0xe0 C:/devkitPro/libnds/lib\libfilesystem.a(nitrofs.o)
 .text.nitroFSChdir
                0x0200f6f8       0x30 C:/devkitPro/libnds/lib\libfilesystem.a(nitrofs.o)
 .text.nitroFSOpen
                0x0200f728       0xc4 C:/devkitPro/libnds/lib\libfilesystem.a(nitrofs.o)
 .text.nitroFSstat
                0x0200f7ec       0x68 C:/devkitPro/libnds/lib\libfilesystem.a(nitrofs.o)
 .text.nitroFSInit
                0x0200f854      0x12c C:/devkitPro/libnds/lib\libfilesystem.a(nitrofs.o)
                0x0200f854                nitroFSInit
 .text.fatMount.part.0
                0x0200f980       0xa0 C:/devkitPro/libnds/lib\libfat.a(libfat.o)
 .text.fatMount
                0x0200fa20       0x3c C:/devkitPro/libnds/lib\libfat.a(libfat.o)
                0x0200fa20                fatMount
 .text.fatInit  0x0200fa5c      0x130 C:/devkitPro/libnds/lib\libfat.a(libfat.o)
                0x0200fa5c                fatInit
 .text.fatInitDefault
                0x0200fb8c        0xc C:/devkitPro/libnds/lib\libfat.a(libfat.o)
                0x0200fb8c                fatInitDefault
 .text._FAT_check_position_for_next_cluster.part.0
                0x0200fb98       0x68 C:/devkitPro/libnds/lib\libfat.a(fatfile.o)
 .text._FAT_syncToDisc.part.0
                0x0200fc00       0xd4 C:/devkitPro/libnds/lib\libfat.a(fatfile.o)
 .text._FAT_file_extend_r
                0x0200fcd4      0x208 C:/devkitPro/libnds/lib\libfat.a(fatfile.o)
 .text._FAT_open_r
                0x0200fedc      0x2d4 C:/devkitPro/libnds/lib\libfat.a(fatfile.o)
                0x0200fedc                _FAT_open_r
 .text._FAT_close_r
                0x020101b0       0x74 C:/devkitPro/libnds/lib\libfat.a(fatfile.o)
                0x020101b0                _FAT_close_r
 .text._FAT_read_r
                0x02010224      0x398 C:/devkitPro/libnds/lib\libfat.a(fatfile.o)
                0x02010224                _FAT_read_r
 .text._FAT_write_r
                0x020105bc      0x53c C:/devkitPro/libnds/lib\libfat.a(fatfile.o)
                0x020105bc                _FAT_write_r
 .text._FAT_seek_r
                0x02010af8      0x194 C:/devkitPro/libnds/lib\libfat.a(fatfile.o)
                0x02010af8                _FAT_seek_r
 .text._FAT_fstat_r
                0x02010c8c       0x8c C:/devkitPro/libnds/lib\libfat.a(fatfile.o)
                0x02010c8c                _FAT_fstat_r
 .text._FAT_ftruncate_r
                0x02010d18      0x16c C:/devkitPro/libnds/lib\libfat.a(fatfile.o)
                0x02010d18                _FAT_ftruncate_r
 .text._FAT_fsync_r
                0x02010e84       0x44 C:/devkitPro/libnds/lib\libfat.a(fatfile.o)
                0x02010e84                _FAT_fsync_r
 .text._FAT_cache_getPage
                0x02010ec8       0xf0 C:/devkitPro/libnds/lib\libfat.a(cache.o)
 .text._FAT_cache_constructor
                0x02010fb8       0x90 C:/devkitPro/libnds/lib\libfat.a(cache.o)
                0x02010fb8                _FAT_cache_constructor
 .text._FAT_cache_readSectors
                0x02011048       0x60 C:/devkitPro/libnds/lib\libfat.a(cache.o)
                0x02011048                _FAT_cache_readSectors
 .text._FAT_cache_readPartialSector
                0x020110a8       0x3c C:/devkitPro/libnds/lib\libfat.a(cache.o)
                0x020110a8                _FAT_cache_readPartialSector
 .text._FAT_cache_readLittleEndianValue
                0x020110e4       0x70 C:/devkitPro/libnds/lib\libfat.a(cache.o)
                0x020110e4                _FAT_cache_readLittleEndianValue
 .text._FAT_cache_writePartialSector
                0x02011154       0x4c C:/devkitPro/libnds/lib\libfat.a(cache.o)
                0x02011154                _FAT_cache_writePartialSector
 .text._FAT_cache_writeLittleEndianValue
                0x020111a0       0x8c C:/devkitPro/libnds/lib\libfat.a(cache.o)
                0x020111a0                _FAT_cache_writeLittleEndianValue
 .text._FAT_cache_eraseWritePartialSector
                0x0201122c       0x60 C:/devkitPro/libnds/lib\libfat.a(cache.o)
                0x0201122c                _FAT_cache_eraseWritePartialSector
 .text._FAT_cache_writeSectors
                0x0201128c       0x80 C:/devkitPro/libnds/lib\libfat.a(cache.o)
                0x0201128c                _FAT_cache_writeSectors
 .text._FAT_cache_flush
                0x0201130c       0x40 C:/devkitPro/libnds/lib\libfat.a(cache.o)
                0x0201130c                _FAT_cache_flush
 .text._FAT_stat_r
                0x0201134c       0x90 C:/devkitPro/libnds/lib\libfat.a(fatdir.o)
                0x0201134c                _FAT_stat_r
 .text._FAT_link_r
                0x020113dc        0xc C:/devkitPro/libnds/lib\libfat.a(fatdir.o)
                0x020113dc                _FAT_link_r
 .text._FAT_unlink_r
                0x020113e8      0x184 C:/devkitPro/libnds/lib\libfat.a(fatdir.o)
                0x020113e8                _FAT_unlink_r
 .text._FAT_chdir_r
                0x0201156c       0x70 C:/devkitPro/libnds/lib\libfat.a(fatdir.o)
                0x0201156c                _FAT_chdir_r
 .text._FAT_rename_r
                0x020115dc      0x1c4 C:/devkitPro/libnds/lib\libfat.a(fatdir.o)
                0x020115dc                _FAT_rename_r
 .text._FAT_mkdir_r
                0x020117a0      0x244 C:/devkitPro/libnds/lib\libfat.a(fatdir.o)
                0x020117a0                _FAT_mkdir_r
 .text._FAT_statvfs_r
                0x020119e4       0x78 C:/devkitPro/libnds/lib\libfat.a(fatdir.o)
                0x020119e4                _FAT_statvfs_r
 .text._FAT_diropen_r
                0x02011a5c       0xb0 C:/devkitPro/libnds/lib\libfat.a(fatdir.o)
                0x02011a5c                _FAT_diropen_r
 .text._FAT_dirreset_r
                0x02011b0c       0x4c C:/devkitPro/libnds/lib\libfat.a(fatdir.o)
                0x02011b0c                _FAT_dirreset_r
 .text._FAT_dirnext_r
                0x02011b58       0x7c C:/devkitPro/libnds/lib\libfat.a(fatdir.o)
                0x02011b58                _FAT_dirnext_r
 .text._FAT_dirclose_r
                0x02011bd4       0x20 C:/devkitPro/libnds/lib\libfat.a(fatdir.o)
                0x02011bd4                _FAT_dirclose_r
 .text._FAT_directory_entryGetAlias
                0x02011bf4       0xc8 C:/devkitPro/libnds/lib\libfat.a(directory.o)
 .text._FAT_directory_incrementDirEntryPosition
                0x02011cbc       0x80 C:/devkitPro/libnds/lib\libfat.a(directory.o)
 .text._FAT_directory_mbsncasecmp
                0x02011d3c       0xa8 C:/devkitPro/libnds/lib\libfat.a(directory.o)
 .text._FAT_directory_ucs2tombs.constprop.0
                0x02011de4       0x90 C:/devkitPro/libnds/lib\libfat.a(directory.o)
 .text._FAT_directory_entryGetCluster
                0x02011e74       0x20 C:/devkitPro/libnds/lib\libfat.a(directory.o)
                0x02011e74                _FAT_directory_entryGetCluster
 .text._FAT_directory_getNextEntry
                0x02011e94      0x23c C:/devkitPro/libnds/lib\libfat.a(directory.o)
                0x02011e94                _FAT_directory_getNextEntry
 .text._FAT_directory_entryExists
                0x020120d0       0x80 C:/devkitPro/libnds/lib\libfat.a(directory.o)
 .text._FAT_directory_getFirstEntry
                0x02012150       0x20 C:/devkitPro/libnds/lib\libfat.a(directory.o)
                0x02012150                _FAT_directory_getFirstEntry
 .text._FAT_directory_getRootEntry
                0x02012170       0x60 C:/devkitPro/libnds/lib\libfat.a(directory.o)
                0x02012170                _FAT_directory_getRootEntry
 .text._FAT_directory_entryFromPosition
                0x020121d0      0x150 C:/devkitPro/libnds/lib\libfat.a(directory.o)
                0x020121d0                _FAT_directory_entryFromPosition
 .text._FAT_directory_entryFromPath
                0x02012320      0x248 C:/devkitPro/libnds/lib\libfat.a(directory.o)
                0x02012320                _FAT_directory_entryFromPath
 .text._FAT_directory_removeEntry
                0x02012568       0xd8 C:/devkitPro/libnds/lib\libfat.a(directory.o)
                0x02012568                _FAT_directory_removeEntry
 .text._FAT_directory_addEntry
                0x02012640      0x808 C:/devkitPro/libnds/lib\libfat.a(directory.o)
                0x02012640                _FAT_directory_addEntry
 .text._FAT_directory_chdir
                0x02012e48       0x3c C:/devkitPro/libnds/lib\libfat.a(directory.o)
                0x02012e48                _FAT_directory_chdir
 .text._FAT_directory_entryStat
                0x02012e84       0xe4 C:/devkitPro/libnds/lib\libfat.a(directory.o)
                0x02012e84                _FAT_directory_entryStat
 .text.isValidMBR
                0x02012f68       0x5c C:/devkitPro/libnds/lib\libfat.a(partition.o)
 .text._FAT_updateFS_INFO
                0x02012fc4       0x54 C:/devkitPro/libnds/lib\libfat.a(partition.o)
 .text.FindFirstValidPartition_buf.part.0
                0x02013018      0x11c C:/devkitPro/libnds/lib\libfat.a(partition.o)
 .text._FAT_partition_getPartitionFromPath
                0x02013134       0x10 C:/devkitPro/libnds/lib\libfat.a(partition.o)
                0x02013134                _FAT_partition_getPartitionFromPath
 .text._FAT_partition_createFSinfo
                0x02013144       0x50 C:/devkitPro/libnds/lib\libfat.a(partition.o)
                0x02013144                _FAT_partition_createFSinfo
 .text._FAT_partition_readFSinfo.part.0
                0x02013194       0x74 C:/devkitPro/libnds/lib\libfat.a(partition.o)
 .text._FAT_partition_constructor_buf
                0x02013208      0x2e8 C:/devkitPro/libnds/lib\libfat.a(partition.o)
                0x02013208                _FAT_partition_constructor_buf
 .text._FAT_partition_constructor
                0x020134f0       0x40 C:/devkitPro/libnds/lib\libfat.a(partition.o)
                0x020134f0                _FAT_partition_constructor
 .text._FAT_partition_readFSinfo
                0x02013530       0x10 C:/devkitPro/libnds/lib\libfat.a(partition.o)
                0x02013530                _FAT_partition_readFSinfo
 .text._FAT_lock_init
                0x02013540        0x4 C:/devkitPro/libnds/lib\libfat.a(lock.o)
                0x02013540                _FAT_lock_init
 .text._FAT_lock
                0x02013544        0x4 C:/devkitPro/libnds/lib\libfat.a(lock.o)
                0x02013544                _FAT_lock
 .text._FAT_unlock
                0x02013548        0x4 C:/devkitPro/libnds/lib\libfat.a(lock.o)
                0x02013548                _FAT_unlock
 .text._FAT_filetime_getTimeFromRTC
                0x0201354c       0x44 C:/devkitPro/libnds/lib\libfat.a(filetime.o)
                0x0201354c                _FAT_filetime_getTimeFromRTC
 .text._FAT_filetime_getDateFromRTC
                0x02013590       0x44 C:/devkitPro/libnds/lib\libfat.a(filetime.o)
                0x02013590                _FAT_filetime_getDateFromRTC
 .text._FAT_filetime_to_time_t
                0x020135d4       0x38 C:/devkitPro/libnds/lib\libfat.a(filetime.o)
                0x020135d4                _FAT_filetime_to_time_t
 .text._FAT_fat_writeFatEntry.part.0.isra.0
                0x0201360c      0x12c C:/devkitPro/libnds/lib\libfat.a(file_allocation_table.o)
 .text._FAT_fat_nextCluster
                0x02013738      0x108 C:/devkitPro/libnds/lib\libfat.a(file_allocation_table.o)
                0x02013738                _FAT_fat_nextCluster
 .text._FAT_fat_linkFreeCluster
                0x02013840       0xac C:/devkitPro/libnds/lib\libfat.a(file_allocation_table.o)
                0x02013840                _FAT_fat_linkFreeCluster
 .text._FAT_fat_linkFreeClusterCleared
                0x020138ec       0x68 C:/devkitPro/libnds/lib\libfat.a(file_allocation_table.o)
                0x020138ec                _FAT_fat_linkFreeClusterCleared
 .text._FAT_fat_clearLinks
                0x02013954       0x7c C:/devkitPro/libnds/lib\libfat.a(file_allocation_table.o)
                0x02013954                _FAT_fat_clearLinks
 .text._FAT_fat_trimChain
                0x020139d0       0x80 C:/devkitPro/libnds/lib\libfat.a(file_allocation_table.o)
                0x020139d0                _FAT_fat_trimChain
 .text._FAT_fat_lastCluster
                0x02013a50       0x34 C:/devkitPro/libnds/lib\libfat.a(file_allocation_table.o)
                0x02013a50                _FAT_fat_lastCluster
 .text._FAT_fat_freeClusterCount
                0x02013a84       0x2c C:/devkitPro/libnds/lib\libfat.a(file_allocation_table.o)
                0x02013a84                _FAT_fat_freeClusterCount
 .text.DynamicArrayInit
                0x02013ab0       0x18 C:/devkitPro/libnds/lib\libnds9.a(dynamicArray.o)
                0x02013ab0                DynamicArrayInit
 .text.DynamicArrayDelete
                0x02013ac8       0x14 C:/devkitPro/libnds/lib\libnds9.a(dynamicArray.o)
                0x02013ac8                DynamicArrayDelete
 .text.DynamicArrayGet
                0x02013adc       0x18 C:/devkitPro/libnds/lib\libnds9.a(dynamicArray.o)
                0x02013adc                DynamicArrayGet
 .text.DynamicArraySet
                0x02013af4       0x48 C:/devkitPro/libnds/lib\libnds9.a(dynamicArray.o)
                0x02013af4                DynamicArraySet
 .text.asinComp
                0x02013b3c       0x24 C:/devkitPro/libnds/lib\libnds9.a(trig.o)
                0x02013b3c                asinComp
 .text.sinLutLookup
                0x02013b60       0x4c C:/devkitPro/libnds/lib\libnds9.a(trig.o)
                0x02013b60                sinLutLookup
 .text.sinLerp  0x02013bac       0x40 C:/devkitPro/libnds/lib\libnds9.a(trig.o)
                0x02013bac                sinLerp
 .text.cosLerp  0x02013bec       0x4c C:/devkitPro/libnds/lib\libnds9.a(trig.o)
                0x02013bec                cosLerp
 .text.tanLerp  0x02013c38       0xb0 C:/devkitPro/libnds/lib\libnds9.a(trig.o)
                0x02013c38                tanLerp
 .text.asinLerp
                0x02013ce8       0x98 C:/devkitPro/libnds/lib\libnds9.a(trig.o)
                0x02013ce8                asinLerp
 .text.acosLerp
                0x02013d80       0xa4 C:/devkitPro/libnds/lib\libnds9.a(trig.o)
                0x02013d80                acosLerp
 .text.vramRestorePrimaryBanks
                0x02013e24        0xc C:/devkitPro/libnds/lib\libnds9.a(video.o)
                0x02013e24                vramRestorePrimaryBanks
 .text.vramRestoreBanks_EFG
                0x02013e30        0xc C:/devkitPro/libnds/lib\libnds9.a(video.o)
                0x02013e30                vramRestoreBanks_EFG
 .text.vramDefault
                0x02013e3c       0xd0 C:/devkitPro/libnds/lib\libnds9.a(video.o)
                0x02013e3c                vramDefault
 .text.touchRead
                0x02013f0c       0x24 C:/devkitPro/libnds/lib\libnds9.a(touch.o)
                0x02013f0c                touchRead
 .text.__sassert
                0x02013f30       0x38 C:/devkitPro/libnds/lib\libnds9.a(sassert.o)
                0x02013f30                __sassert
 .text.newRow   0x02013f68       0xa8 C:/devkitPro/libnds/lib\libnds9.a(console.o)
 .text.consolePrintChar
                0x02014010       0xe0 C:/devkitPro/libnds/lib\libnds9.a(console.o)
                0x02014010                consolePrintChar
 .text.con_write
                0x020140f0      0x36c C:/devkitPro/libnds/lib\libnds9.a(console.o)
                0x020140f0                con_write
 .text.consoleLoadFont
                0x0201445c      0x2a0 C:/devkitPro/libnds/lib\libnds9.a(console.o)
                0x0201445c                consoleLoadFont
 .text.consoleInit
                0x020146fc      0x18c C:/devkitPro/libnds/lib\libnds9.a(console.o)
                0x020146fc                consoleInit
 .text.consoleDemoInit
                0x02014888       0x40 C:/devkitPro/libnds/lib\libnds9.a(console.o)
                0x02014888                consoleDemoInit
 .text.consoleClear
                0x020148c8       0x10 C:/devkitPro/libnds/lib\libnds9.a(console.o)
                0x020148c8                consoleClear
 .text.vramBlock__deallocateBlock.part.0
                0x020148d8      0x190 C:/devkitPro/libnds/lib\libnds9.a(videoGL.o)
 .text.glRotatef32i
                0x02014a68      0x2b4 C:/devkitPro/libnds/lib\libnds9.a(videoGL.o)
                0x02014a68                glRotatef32i
 .text.glMaterialf
                0x02014d1c       0x7c C:/devkitPro/libnds/lib\libnds9.a(videoGL.o)
                0x02014d1c                glMaterialf
 .text.vramBlock_init
                0x02014d98       0x5c C:/devkitPro/libnds/lib\libnds9.a(videoGL.o)
                0x02014d98                vramBlock_init
 .text.vramBlock__allocateBlock
                0x02014df4      0x178 C:/devkitPro/libnds/lib\libnds9.a(videoGL.o)
                0x02014df4                vramBlock__allocateBlock
 .text.vramBlock_examineSpecial
                0x02014f6c      0x238 C:/devkitPro/libnds/lib\libnds9.a(videoGL.o)
                0x02014f6c                vramBlock_examineSpecial
 .text.vramBlock_allocateSpecial
                0x020151a4       0x6c C:/devkitPro/libnds/lib\libnds9.a(videoGL.o)
                0x020151a4                vramBlock_allocateSpecial
 .text.vramBlock_allocateBlock
                0x02015210       0x30 C:/devkitPro/libnds/lib\libnds9.a(videoGL.o)
                0x02015210                vramBlock_allocateBlock
 .text.vramBlock_deallocateBlock
                0x02015240       0x48 C:/devkitPro/libnds/lib\libnds9.a(videoGL.o)
                0x02015240                vramBlock_deallocateBlock
 .text.removePaletteFromTexture.part.0
                0x02015288       0x68 C:/devkitPro/libnds/lib\libnds9.a(videoGL.o)
 .text.vramBlock_getAddr
                0x020152f0       0x10 C:/devkitPro/libnds/lib\libnds9.a(videoGL.o)
                0x020152f0                vramBlock_getAddr
 .text.glInit_C
                0x02015300      0x1cc C:/devkitPro/libnds/lib\libnds9.a(videoGL.o)
                0x02015300                glInit_C
 .text.glResetTextures
                0x020154cc       0xd0 C:/devkitPro/libnds/lib\libnds9.a(videoGL.o)
                0x020154cc                glResetTextures
 .text.glGenTextures
                0x0201559c       0x80 C:/devkitPro/libnds/lib\libnds9.a(videoGL.o)
                0x0201559c                glGenTextures
 .text.glDeleteTextures
                0x0201561c       0xe4 C:/devkitPro/libnds/lib\libnds9.a(videoGL.o)
                0x0201561c                glDeleteTextures
 .text.vramGetBank
                0x02015700       0xb8 C:/devkitPro/libnds/lib\libnds9.a(videoGL.o)
                0x02015700                vramGetBank
 .text.glBindTexture
                0x020157b8       0x60 C:/devkitPro/libnds/lib\libnds9.a(videoGL.o)
                0x020157b8                glBindTexture
 .text.glColorTableEXT
                0x02015818      0x1d8 C:/devkitPro/libnds/lib\libnds9.a(videoGL.o)
                0x02015818                glColorTableEXT
 .text.glTexParameter
                0x020159f0       0x38 C:/devkitPro/libnds/lib\libnds9.a(videoGL.o)
                0x020159f0                glTexParameter
 .text.scanKeys
                0x02015a28       0x8c C:/devkitPro/libnds/lib\libnds9.a(keys.o)
                0x02015a28                scanKeys
 .text.keysHeld
                0x02015ab4        0xc C:/devkitPro/libnds/lib\libnds9.a(keys.o)
                0x02015ab4                keysHeld
 .text.keysDown
                0x02015ac0       0x14 C:/devkitPro/libnds/lib\libnds9.a(keys.o)
                0x02015ac0                keysDown
 .text.dldiGetInternal
                0x02015ad4       0x34 C:/devkitPro/libnds/lib\libnds9.a(dldi.o)
                0x02015ad4                dldiGetInternal
 .text.get_io_dsisd
                0x02015b08       0x24 C:/devkitPro/libnds/lib\libnds9.a(dldi.o)
                0x02015b08                get_io_dsisd
 .text.__syscall_gettod_r
                0x02015b2c       0x28 C:/devkitPro/libnds/lib\libnds9.a(initSystem.o)
                0x02015b2c                __syscall_gettod_r
 .text.__syscall_exit
                0x02015b54        0x8 C:/devkitPro/libnds/lib\libnds9.a(initSystem.o)
                0x02015b54                __syscall_exit
 .text.initSystem
                0x02015b5c      0x180 C:/devkitPro/libnds/lib\libnds9.a(initSystem.o)
                0x02015b5c                initSystem
 .text.timerStart
                0x02015cdc       0x40 C:/devkitPro/libnds/lib\libnds9.a(timers.o)
                0x02015cdc                timerStart
 .text.timerElapsed
                0x02015d1c       0x30 C:/devkitPro/libnds/lib\libnds9.a(timers.o)
                0x02015d1c                timerElapsed
 .text.irqDummy
                0x02015d4c        0x4 C:/devkitPro/libnds/lib\libnds9.a(interrupts.o)
                0x02015d4c                irqDummy
 .text.irqSet   0x02015d50       0x6c C:/devkitPro/libnds/lib\libnds9.a(interrupts.o)
                0x02015d50                irqSet
 .text.irqInit  0x02015dbc       0x50 C:/devkitPro/libnds/lib\libnds9.a(interrupts.o)
                0x02015dbc                irqInit
 .text.irqEnable
                0x02015e0c       0x64 C:/devkitPro/libnds/lib\libnds9.a(interrupts.o)
                0x02015e0c                irqEnable
 .text.systemErrorExit
                0x02015e70        0x4 C:/devkitPro/libnds/lib\libnds9.a(libnds_exit.arm.o)
                0x02015e70                systemErrorExit
 .text.__libnds_exit
                0x02015e74       0x5c C:/devkitPro/libnds/lib\libnds9.a(libnds_exit.arm.o)
                0x02015e74                __libnds_exit
 .text.cardPolledTransfer
                0x02015ed0       0x54 C:/devkitPro/libnds/lib\libnds9.a(card.o)
                0x02015ed0                cardPolledTransfer
 .text.cardParamCommand
                0x02015f24       0x34 C:/devkitPro/libnds/lib\libnds9.a(card.o)
                0x02015f24                cardParamCommand
 .text.fifo_queueBlock
                0x02015f58       0x44 C:/devkitPro/libnds/lib\libnds9.a(fifosystem.o)
 .text.fifo_waitBlock
                0x02015f9c       0x80 C:/devkitPro/libnds/lib\libnds9.a(fifosystem.o)
 .text.fifoInternalSend.part.0
                0x0201601c       0xd4 C:/devkitPro/libnds/lib\libnds9.a(fifosystem.o)
 .text.fifoInternalSendInterrupt
                0x020160f0       0xb0 C:/devkitPro/libnds/lib\libnds9.a(fifosystem.o)
 .text.fifoSetValue32Handler
                0x020161a0       0xd4 C:/devkitPro/libnds/lib\libnds9.a(fifosystem.o)
                0x020161a0                fifoSetValue32Handler
 .text.fifoSendValue32
                0x02016274       0x4c C:/devkitPro/libnds/lib\libnds9.a(fifosystem.o)
                0x02016274                fifoSendValue32
 .text.fifoSendDatamsg
                0x020162c0       0x90 C:/devkitPro/libnds/lib\libnds9.a(fifosystem.o)
                0x020162c0                fifoSendDatamsg
 .text.fifoGetValue32
                0x02016350       0x70 C:/devkitPro/libnds/lib\libnds9.a(fifosystem.o)
                0x02016350                fifoGetValue32
 .text.fifoGetDatamsg
                0x020163c0       0xf4 C:/devkitPro/libnds/lib\libnds9.a(fifosystem.o)
                0x020163c0                fifoGetDatamsg
 .text.fifoInternalRecvInterrupt
                0x020164b4      0x37c C:/devkitPro/libnds/lib\libnds9.a(fifosystem.o)
 .text.fifoSetDatamsgHandler
                0x02016830       0x9c C:/devkitPro/libnds/lib\libnds9.a(fifosystem.o)
                0x02016830                fifoSetDatamsgHandler
 .text.fifoCheckValue32
                0x020168cc       0x24 C:/devkitPro/libnds/lib\libnds9.a(fifosystem.o)
                0x020168cc                fifoCheckValue32
 .text.fifoInit
                0x020168f0      0x108 C:/devkitPro/libnds/lib\libnds9.a(fifosystem.o)
                0x020168f0                fifoInit
 .text.DC_FlushRange
                0x020169f8       0x24 C:/devkitPro/libnds/lib\libnds9.a(dcache.o)
                0x020169f8                DC_FlushRange
 .text.__libnds_mpu_setup
                0x02016a1c      0x174 C:/devkitPro/libnds/lib\libnds9.a(mpu_setup.o)
                0x02016a1c                __libnds_mpu_setup
 .text.memUncached
                0x02016b90       0x20 C:/devkitPro/libnds/lib\libnds9.a(mpu_setup.o)
                0x02016b90                memUncached
 .text.swiWaitForVBlank
                0x02016bb0        0x8 C:/devkitPro/libnds/lib\libnds9.a(IntrWait.o)
                0x02016bb0                swiWaitForVBlank
 .text.swiIntrWait
                0x02016bb8       0x70 C:/devkitPro/libnds/lib\libnds9.a(IntrWait.o)
                0x02016bb8                swiIntrWait
 .text.setCpuClock
                0x02016c28       0x50 C:/devkitPro/libnds/lib\libnds9.a(cpu_clock.o)
                0x02016c28                setCpuClock
 .text.swiDelay
                0x02016c78        0x4 C:/devkitPro/libnds/lib\libnds9.a(biosCalls.o)
                0x02016c78                swiDelay
 .text.swiCopy  0x02016c7c        0x4 C:/devkitPro/libnds/lib\libnds9.a(biosCalls.o)
                0x02016c7c                swiCopy
 .text.swiSoftReset
                0x02016c80       0x2c C:/devkitPro/libnds/lib\libnds9.a(swiSoftReset.o)
                0x02016c80                swiSoftReset
 .text.checkIfText
                0x02016cac       0x5c C:/devkitPro/libnds/lib\libnds9.a(background.o)
                0x02016cac                checkIfText
 .text.bgUpdate
                0x02016d08       0xf4 C:/devkitPro/libnds/lib\libnds9.a(background.o)
                0x02016d08                bgUpdate
 .text.bgInit_call
                0x02016dfc       0xc4 C:/devkitPro/libnds/lib\libnds9.a(background.o)
                0x02016dfc                bgInit_call
 .text.bgInitSub_call
                0x02016ec0       0xcc C:/devkitPro/libnds/lib\libnds9.a(background.o)
                0x02016ec0                bgInitSub_call
 .text.systemValueHandler
                0x02016f8c       0x48 C:/devkitPro/libnds/lib\libnds9.a(system.o)
                0x02016f8c                systemValueHandler
 .text.systemMsgHandler
                0x02016fd4       0x60 C:/devkitPro/libnds/lib\libnds9.a(system.o)
                0x02016fd4                systemMsgHandler
 .text.powerOn  0x02017034       0x2c C:/devkitPro/libnds/lib\libnds9.a(system.o)
                0x02017034                powerOn
 .text.__muldi3
                0x02017060       0x18 C:/devkitPro/devkitARM/bin/../lib/gcc/arm-none-eabi/13.2.0\libgcc.a(_muldi3.o)
                0x02017060                __muldi3
                0x02017060                __aeabi_lmul
 .text.__udivmoddi4
                0x02017078      0x128 C:/devkitPro/devkitARM/bin/../lib/gcc/arm-none-eabi/13.2.0\libgcc.a(_udivmoddi4.o)
                0x02017078                __udivmoddi4
 .text.towlower
                0x020171a0       0x14 C:/devkitPro/devkitARM/bin/../lib/gcc/arm-none-eabi/13.2.0/../../../../arm-none-eabi/lib\libg.a(libc_a-towlower.o)
                0x020171a0                towlower
 .text._mbrtowc_r
                0x020171b4       0xc0 C:/devkitPro/devkitARM/bin/../lib/gcc/arm-none-eabi/13.2.0/../../../../arm-none-eabi/lib\libg.a(libc_a-mbrtowc.o)
                0x020171b4                _mbrtowc_r
 .text.mbrtowc  0x02017274       0xc4 C:/devkitPro/devkitARM/bin/../lib/gcc/arm-none-eabi/13.2.0/../../../../arm-none-eabi/lib\libg.a(libc_a-mbrtowc.o)
                0x02017274                mbrtowc
 .text._wcrtomb_r
                0x02017338       0xac C:/devkitPro/devkitARM/bin/../lib/gcc/arm-none-eabi/13.2.0/../../../../arm-none-eabi/lib\libg.a(libc_a-wcrtomb.o)
                0x02017338                _wcrtomb_r
 .text.wcrtomb  0x020173e4       0xb4 C:/devkitPro/devkitARM/bin/../lib/gcc/arm-none-eabi/13.2.0/../../../../arm-none-eabi/lib\libg.a(libc_a-wcrtomb.o)
                0x020173e4                wcrtomb
 .text.towupper
                0x02017498       0x14 C:/devkitPro/devkitARM/bin/../lib/gcc/arm-none-eabi/13.2.0/../../../../arm-none-eabi/lib\libg.a(libc_a-towupper.o)
                0x02017498                towupper
 .text.printf   0x020174ac       0x34 C:/devkitPro/devkitARM/bin/../lib/gcc/arm-none-eabi/13.2.0/../../../../arm-none-eabi/lib\libg.a(libc_a-printf.o)
                0x020174ac                printf
 .text.mbsrtowcs
                0x020174e0       0x3c C:/devkitPro/devkitARM/bin/../lib/gcc/arm-none-eabi/13.2.0/../../../../arm-none-eabi/lib\libg.a(libc_a-mbsrtowcs.o)
                0x020174e0                mbsrtowcs
 .text.wctob    0x0201751c       0x88 C:/devkitPro/devkitARM/bin/../lib/gcc/arm-none-eabi/13.2.0/../../../../arm-none-eabi/lib\libg.a(libc_a-wctob.o)
                0x0201751c                wctob
 .text.rewind   0x020175a4       0x30 C:/devkitPro/devkitARM/bin/../lib/gcc/arm-none-eabi/13.2.0/../../../../arm-none-eabi/lib\libg.a(libc_a-rewind.o)
                0x020175a4                rewind
 .text.putchar  0x020175d4       0x20 C:/devkitPro/devkitARM/bin/../lib/gcc/arm-none-eabi/13.2.0/../../../../arm-none-eabi/lib\libg.a(libc_a-putchar.o)
                0x020175d4                putchar
 .text.towctrans
                0x020175f4       0x48 C:/devkitPro/devkitARM/bin/../lib/gcc/arm-none-eabi/13.2.0/../../../../arm-none-eabi/lib\libg.a(libc_a-towctrans.o)
                0x020175f4                towctrans
 .text._puts_r  0x0201763c       0xe4 C:/devkitPro/devkitARM/bin/../lib/gcc/arm-none-eabi/13.2.0/../../../../arm-none-eabi/lib\libg.a(libc_a-puts.o)
                0x0201763c                _puts_r
 .text.puts     0x02017720       0x18 C:/devkitPro/devkitARM/bin/../lib/gcc/arm-none-eabi/13.2.0/../../../../arm-none-eabi/lib\libg.a(libc_a-puts.o)
                0x02017720                puts
 .text.bsearch  0x02017738       0x80 C:/devkitPro/devkitARM/bin/../lib/gcc/arm-none-eabi/13.2.0/../../../../arm-none-eabi/lib\libg.a(libc_a-bsearch.o)
                0x02017738                bsearch
 .text.siscanf  0x020177b8       0x74 C:/devkitPro/devkitARM/bin/../lib/gcc/arm-none-eabi/13.2.0/../../../../arm-none-eabi/lib\libg.a(libc_a-siscanf.o)
                0x020177b8                siscanf
 .text.calloc   0x0201782c       0x24 C:/devkitPro/devkitARM/bin/../lib/gcc/arm-none-eabi/13.2.0/../../../../arm-none-eabi/lib\libg.a(libc_a-calloc.o)
                0x0201782c                calloc
 .text._calloc_r
                0x02017850       0xd0 C:/devkitPro/devkitARM/bin/../lib/gcc/arm-none-eabi/13.2.0/../../../../arm-none-eabi/lib\libg.a(libc_a-callocr.o)
                0x02017850                _calloc_r
 .text.setvbuf  0x02017920      0x25c C:/devkitPro/devkitARM/bin/../lib/gcc/arm-none-eabi/13.2.0/../../../../arm-none-eabi/lib\libg.a(libc_a-setvbuf.o)
                0x02017920                setvbuf
 .text.__call_exitprocs
                0x02017b7c       0x10 C:/devkitPro/devkitARM/bin/../lib/gcc/arm-none-eabi/13.2.0/../../../../arm-none-eabi/lib\libg.a(libc_a-exit.o)
                0x02017b7c                __call_exitprocs
 .text.exit     0x02017b8c       0x30 C:/devkitPro/devkitARM/bin/../lib/gcc/arm-none-eabi/13.2.0/../../../../arm-none-eabi/lib\libg.a(libc_a-exit.o)
                0x02017b8c                exit
 .text.get_arg  0x02017bbc       0x54 C:/devkitPro/devkitARM/bin/../lib/gcc/arm-none-eabi/13.2.0/../../../../arm-none-eabi/lib\libg.a(libc_a-svfiscanf.o)
 .text._sungetc_r
                0x02017c10       0xe4 C:/devkitPro/devkitARM/bin/../lib/gcc/arm-none-eabi/13.2.0/../../../../arm-none-eabi/lib\libg.a(libc_a-svfiscanf.o)
                0x02017c10                _sungetc_r
 .text.__ssrefill_r
                0x02017cf4       0x68 C:/devkitPro/devkitARM/bin/../lib/gcc/arm-none-eabi/13.2.0/../../../../arm-none-eabi/lib\libg.a(libc_a-svfiscanf.o)
                0x02017cf4                __ssrefill_r
 .text._sfread_r
                0x02017d5c       0xc8 C:/devkitPro/devkitARM/bin/../lib/gcc/arm-none-eabi/13.2.0/../../../../arm-none-eabi/lib\libg.a(libc_a-svfiscanf.o)
                0x02017d5c                _sfread_r
 .text.__ssvfiscanf_r
                0x02017e24     0x22dc C:/devkitPro/devkitARM/bin/../lib/gcc/arm-none-eabi/13.2.0/../../../../arm-none-eabi/lib\libg.a(libc_a-svfiscanf.o)
                0x02017e24                __ssvfiscanf_r
 .text._malloc_trim_r
                0x0201a100      0x100 C:/devkitPro/devkitARM/bin/../lib/gcc/arm-none-eabi/13.2.0/../../../../arm-none-eabi/lib\libg.a(libc_a-freer.o)
                0x0201a100                _malloc_trim_r
 .text._free_r  0x0201a200      0x2e8 C:/devkitPro/devkitARM/bin/../lib/gcc/arm-none-eabi/13.2.0/../../../../arm-none-eabi/lib\libg.a(libc_a-freer.o)
                0x0201a200                _free_r
 .text.iprintf  0x0201a4e8       0x34 C:/devkitPro/devkitARM/bin/../lib/gcc/arm-none-eabi/13.2.0/../../../../arm-none-eabi/lib\libg.a(libc_a-iprintf.o)
                0x0201a4e8                iprintf
 .text.strchr   0x0201a51c      0x13c C:/devkitPro/devkitARM/bin/../lib/gcc/arm-none-eabi/13.2.0/../../../../arm-none-eabi/lib\libg.a(libc_a-strchr.o)
                0x0201a51c                strchr
 .text.memcmp   0x0201a658       0xe0 C:/devkitPro/devkitARM/bin/../lib/gcc/arm-none-eabi/13.2.0/../../../../arm-none-eabi/lib\libg.a(libc_a-memcmp.o)
                0x0201a658                memcmp
 .text._fclose_r
                0x0201a738      0x150 C:/devkitPro/devkitARM/bin/../lib/gcc/arm-none-eabi/13.2.0/../../../../arm-none-eabi/lib\libg.a(libc_a-fclose.o)
                0x0201a738                _fclose_r
 .text.fclose   0x0201a888       0x18 C:/devkitPro/devkitARM/bin/../lib/gcc/arm-none-eabi/13.2.0/../../../../arm-none-eabi/lib\libg.a(libc_a-fclose.o)
                0x0201a888                fclose
 .text.malloc   0x0201a8a0       0x1c C:/devkitPro/devkitARM/bin/../lib/gcc/arm-none-eabi/13.2.0/../../../../arm-none-eabi/lib\libg.a(libc_a-malloc.o)
                0x0201a8a0                malloc
 .text.free     0x0201a8bc       0x1c C:/devkitPro/devkitARM/bin/../lib/gcc/arm-none-eabi/13.2.0/../../../../arm-none-eabi/lib\libg.a(libc_a-malloc.o)
                0x0201a8bc                free
 .text.viprintf
                0x0201a8d8       0x28 C:/devkitPro/devkitARM/bin/../lib/gcc/arm-none-eabi/13.2.0/../../../../arm-none-eabi/lib\libg.a(libc_a-viprintf.o)
                0x0201a8d8                viprintf
 .text._malloc_r
                0x0201a900      0x7a4 C:/devkitPro/devkitARM/bin/../lib/gcc/arm-none-eabi/13.2.0/../../../../arm-none-eabi/lib\libg.a(libc_a-mallocr.o)
                0x0201a900                _malloc_r
 .text.memmove  0x0201b0a4      0x154 C:/devkitPro/devkitARM/bin/../lib/gcc/arm-none-eabi/13.2.0/../../../../arm-none-eabi/lib\libg.a(libc_a-memmove.o)
                0x0201b0a4                memmove
 .text.memset   0x0201b1f8       0xfc C:/devkitPro/devkitARM/bin/../lib/gcc/arm-none-eabi/13.2.0/../../../../arm-none-eabi/lib\libg.a(libc_a-memset.o)
                0x0201b1f8                memset
 .text.__malloc_lock
                0x0201b2f4       0x18 C:/devkitPro/devkitARM/bin/../lib/gcc/arm-none-eabi/13.2.0/../../../../arm-none-eabi/lib\libg.a(libc_a-mlock.o)
                0x0201b2f4                __malloc_lock
 .text.__malloc_unlock
                0x0201b30c       0x18 C:/devkitPro/devkitARM/bin/../lib/gcc/arm-none-eabi/13.2.0/../../../../arm-none-eabi/lib\libg.a(libc_a-mlock.o)
                0x0201b30c                __malloc_unlock
 .text.get_arg  0x0201b324      0x654 C:/devkitPro/devkitARM/bin/../lib/gcc/arm-none-eabi/13.2.0/../../../../arm-none-eabi/lib\libg.a(libc_a-vfprintf.o)
 .text._vfprintf_r
                0x0201b978     0x35f8 C:/devkitPro/devkitARM/bin/../lib/gcc/arm-none-eabi/13.2.0/../../../../arm-none-eabi/lib\libg.a(libc_a-vfprintf.o)
                0x0201b978                _vfprintf_r
 .text.__sbprintf
                0x0201ef70       0xbc C:/devkitPro/devkitARM/bin/../lib/gcc/arm-none-eabi/13.2.0/../../../../arm-none-eabi/lib\libg.a(libc_a-vfprintf.o)
 .text.strlen   0x0201f02c       0x94 C:/devkitPro/devkitARM/bin/../lib/gcc/arm-none-eabi/13.2.0/../../../../arm-none-eabi/lib\libg.a(libc_a-strlen.o)
                0x0201f02c                strlen
 .text._fopen_r
                0x0201f0c0      0x138 C:/devkitPro/devkitARM/bin/../lib/gcc/arm-none-eabi/13.2.0/../../../../arm-none-eabi/lib\libg.a(libc_a-fopen.o)
                0x0201f0c0                _fopen_r
 .text.fopen    0x0201f1f8       0x20 C:/devkitPro/devkitARM/bin/../lib/gcc/arm-none-eabi/13.2.0/../../../../arm-none-eabi/lib\libg.a(libc_a-fopen.o)
                0x0201f1f8                fopen
 .text.__sflush_r
                0x0201f218      0x248 C:/devkitPro/devkitARM/bin/../lib/gcc/arm-none-eabi/13.2.0/../../../../arm-none-eabi/lib\libg.a(libc_a-fflush.o)
                0x0201f218                __sflush_r
 .text._fflush_r
                0x0201f460       0x9c C:/devkitPro/devkitARM/bin/../lib/gcc/arm-none-eabi/13.2.0/../../../../arm-none-eabi/lib\libg.a(libc_a-fflush.o)
                0x0201f460                _fflush_r
 .text.strpbrk  0x0201f4fc       0x7c C:/devkitPro/devkitARM/bin/../lib/gcc/arm-none-eabi/13.2.0/../../../../arm-none-eabi/lib\libg.a(libc_a-strpbrk.o)
                0x0201f4fc                strpbrk
 .text.strdup   0x0201f578       0x1c C:/devkitPro/devkitARM/bin/../lib/gcc/arm-none-eabi/13.2.0/../../../../arm-none-eabi/lib\libg.a(libc_a-strdup.o)
                0x0201f578                strdup
 .text.strcasecmp
                0x0201f594       0x70 C:/devkitPro/devkitARM/bin/../lib/gcc/arm-none-eabi/13.2.0/../../../../arm-none-eabi/lib\libg.a(libc_a-strcasecmp.o)
                0x0201f594                strcasecmp
 .text.strrchr  0x0201f604       0x58 C:/devkitPro/devkitARM/bin/../lib/gcc/arm-none-eabi/13.2.0/../../../../arm-none-eabi/lib\libg.a(libc_a-strrchr.o)
                0x0201f604                strrchr
 .text.strncasecmp
                0x0201f65c       0x8c C:/devkitPro/devkitARM/bin/../lib/gcc/arm-none-eabi/13.2.0/../../../../arm-none-eabi/lib\libg.a(libc_a-strncasecmp.o)
                0x0201f65c                strncasecmp
 .text._strdup_r
                0x0201f6e8       0x44 C:/devkitPro/devkitARM/bin/../lib/gcc/arm-none-eabi/13.2.0/../../../../arm-none-eabi/lib\libg.a(libc_a-strdup_r.o)
                0x0201f6e8                _strdup_r
 .text.ftell    0x0201f72c       0x30 C:/devkitPro/devkitARM/bin/../lib/gcc/arm-none-eabi/13.2.0/../../../../arm-none-eabi/lib\libg.a(libc_a-ftell.o)
                0x0201f72c                ftell
 .text.__sfvwrite_r
                0x0201f75c      0x4c8 C:/devkitPro/devkitARM/bin/../lib/gcc/arm-none-eabi/13.2.0/../../../../arm-none-eabi/lib\libg.a(libc_a-fvwrite.o)
                0x0201f75c                __sfvwrite_r
 .text.strncmp  0x0201fc24       0xec C:/devkitPro/devkitARM/bin/../lib/gcc/arm-none-eabi/13.2.0/../../../../arm-none-eabi/lib\libg.a(libc_a-strncmp.o)
                0x0201fc24                strncmp
 .text._fwalk_sglue
                0x0201fd10       0x78 C:/devkitPro/devkitARM/bin/../lib/gcc/arm-none-eabi/13.2.0/../../../../arm-none-eabi/lib\libg.a(libc_a-fwalk.o)
                0x0201fd10                _fwalk_sglue
 .text._fread_r
                0x0201fd88      0x33c C:/devkitPro/devkitARM/bin/../lib/gcc/arm-none-eabi/13.2.0/../../../../arm-none-eabi/lib\libg.a(libc_a-fread.o)
                0x0201fd88                _fread_r
 .text.fread    0x020200c4       0x3c C:/devkitPro/devkitARM/bin/../lib/gcc/arm-none-eabi/13.2.0/../../../../arm-none-eabi/lib\libg.a(libc_a-fread.o)
                0x020200c4                fread
 .text._realloc_r
                0x02020100      0x4b8 C:/devkitPro/devkitARM/bin/../lib/gcc/arm-none-eabi/13.2.0/../../../../arm-none-eabi/lib\libg.a(libc_a-reallocr.o)
                0x02020100                _realloc_r
 .text.strncpy  0x020205b8       0xd0 C:/devkitPro/devkitARM/bin/../lib/gcc/arm-none-eabi/13.2.0/../../../../arm-none-eabi/lib\libg.a(libc_a-strncpy.o)
                0x020205b8                strncpy
 .text.stdio_exit_handler
                0x02020688       0x28 C:/devkitPro/devkitARM/bin/../lib/gcc/arm-none-eabi/13.2.0/../../../../arm-none-eabi/lib\libg.a(libc_a-findfp.o)
 .text.cleanup_stdio
                0x020206b0       0x54 C:/devkitPro/devkitARM/bin/../lib/gcc/arm-none-eabi/13.2.0/../../../../arm-none-eabi/lib\libg.a(libc_a-findfp.o)
 .text.global_stdio_init.part.0
                0x02020704      0x158 C:/devkitPro/devkitARM/bin/../lib/gcc/arm-none-eabi/13.2.0/../../../../arm-none-eabi/lib\libg.a(libc_a-findfp.o)
 .text.__sfp    0x0202085c      0x138 C:/devkitPro/devkitARM/bin/../lib/gcc/arm-none-eabi/13.2.0/../../../../arm-none-eabi/lib\libg.a(libc_a-findfp.o)
                0x0202085c                __sfp
 .text.__sinit  0x02020994       0x64 C:/devkitPro/devkitARM/bin/../lib/gcc/arm-none-eabi/13.2.0/../../../../arm-none-eabi/lib\libg.a(libc_a-findfp.o)
                0x02020994                __sinit
 .text.__sfp_lock_acquire
                0x020209f8       0x18 C:/devkitPro/devkitARM/bin/../lib/gcc/arm-none-eabi/13.2.0/../../../../arm-none-eabi/lib\libg.a(libc_a-findfp.o)
                0x020209f8                __sfp_lock_acquire
 .text.__sfp_lock_release
                0x02020a10       0x18 C:/devkitPro/devkitARM/bin/../lib/gcc/arm-none-eabi/13.2.0/../../../../arm-none-eabi/lib\libg.a(libc_a-findfp.o)
                0x02020a10                __sfp_lock_release
 .text.localtime_r
                0x02020a28      0x374 C:/devkitPro/devkitARM/bin/../lib/gcc/arm-none-eabi/13.2.0/../../../../arm-none-eabi/lib\libg.a(libc_a-lcltime_r.o)
                0x02020a28                localtime_r
 .text.strnlen  0x02020d9c       0x48 C:/devkitPro/devkitARM/bin/../lib/gcc/arm-none-eabi/13.2.0/../../../../arm-none-eabi/lib\libg.a(libc_a-strnlen.o)
                0x02020d9c                strnlen
 .text._tzset_unlocked
                0x02020de4       0x14 C:/devkitPro/devkitARM/bin/../lib/gcc/arm-none-eabi/13.2.0/../../../../arm-none-eabi/lib\libg.a(libc_a-tzset.o)
                0x02020de4                _tzset_unlocked
 .text.validate_structure
                0x02020df8      0x2e0 C:/devkitPro/devkitARM/bin/../lib/gcc/arm-none-eabi/13.2.0/../../../../arm-none-eabi/lib\libg.a(libc_a-mktime.o)
 .text.mktime   0x020210d8      0x4cc C:/devkitPro/devkitARM/bin/../lib/gcc/arm-none-eabi/13.2.0/../../../../arm-none-eabi/lib\libg.a(libc_a-mktime.o)
                0x020210d8                mktime
 .text._fseek_r
                0x020215a4       0x20 C:/devkitPro/devkitARM/bin/../lib/gcc/arm-none-eabi/13.2.0/../../../../arm-none-eabi/lib\libg.a(libc_a-fseek.o)
                0x020215a4                _fseek_r
 .text.fseek    0x020215c4       0x38 C:/devkitPro/devkitARM/bin/../lib/gcc/arm-none-eabi/13.2.0/../../../../arm-none-eabi/lib\libg.a(libc_a-fseek.o)
                0x020215c4                fseek
 .text._tzset_unlocked_r
                0x020215fc      0x688 C:/devkitPro/devkitARM/bin/../lib/gcc/arm-none-eabi/13.2.0/../../../../arm-none-eabi/lib\libg.a(libc_a-tzset_r.o)
                0x020215fc                _tzset_unlocked_r
 .text._strtol_l.part.0
                0x02021c84      0x1b4 C:/devkitPro/devkitARM/bin/../lib/gcc/arm-none-eabi/13.2.0/../../../../arm-none-eabi/lib\libg.a(libc_a-strtol.o)
 .text._strtol_r
                0x02021e38       0x64 C:/devkitPro/devkitARM/bin/../lib/gcc/arm-none-eabi/13.2.0/../../../../arm-none-eabi/lib\libg.a(libc_a-strtol.o)
                0x02021e38                _strtol_r
 .text.realloc  0x02021e9c       0x24 C:/devkitPro/devkitARM/bin/../lib/gcc/arm-none-eabi/13.2.0/../../../../arm-none-eabi/lib\libg.a(libc_a-realloc.o)
                0x02021e9c                realloc
 .text.__gettzinfo
                0x02021ec0        0xc C:/devkitPro/devkitARM/bin/../lib/gcc/arm-none-eabi/13.2.0/../../../../arm-none-eabi/lib\libg.a(libc_a-gettzinfo.o)
                0x02021ec0                __gettzinfo
 .text._strtoul_l.isra.0
                0x02021ecc      0x1dc C:/devkitPro/devkitARM/bin/../lib/gcc/arm-none-eabi/13.2.0/../../../../arm-none-eabi/lib\libg.a(libc_a-strtoul.o)
 .text._strtoul_r
                0x020220a8       0x30 C:/devkitPro/devkitARM/bin/../lib/gcc/arm-none-eabi/13.2.0/../../../../arm-none-eabi/lib\libg.a(libc_a-strtoul.o)
                0x020220a8                _strtoul_r
 .text.strtoul  0x020220d8       0x34 C:/devkitPro/devkitARM/bin/../lib/gcc/arm-none-eabi/13.2.0/../../../../arm-none-eabi/lib\libg.a(libc_a-strtoul.o)
                0x020220d8                strtoul
 .text.__locale_mb_cur_max
                0x0202210c       0x28 C:/devkitPro/devkitARM/bin/../lib/gcc/arm-none-eabi/13.2.0/../../../../arm-none-eabi/lib\libg.a(libc_a-locale.o)
                0x0202210c                __locale_mb_cur_max
 .text.time     0x02022134       0x50 C:/devkitPro/devkitARM/bin/../lib/gcc/arm-none-eabi/13.2.0/../../../../arm-none-eabi/lib\libg.a(libc_a-time.o)
                0x02022134                time
 .text._localeconv_r
                0x02022184       0x28 C:/devkitPro/devkitARM/bin/../lib/gcc/arm-none-eabi/13.2.0/../../../../arm-none-eabi/lib\libg.a(libc_a-localeconv.o)
                0x02022184                _localeconv_r
 .text.__tzcalc_limits
                0x020221ac      0x254 C:/devkitPro/devkitARM/bin/../lib/gcc/arm-none-eabi/13.2.0/../../../../arm-none-eabi/lib\libg.a(libc_a-tzcalc_limits.o)
                0x020221ac                __tzcalc_limits
 .text.strcpy   0x02022400       0xf0 C:/devkitPro/devkitARM/bin/../lib/gcc/arm-none-eabi/13.2.0/../../../../arm-none-eabi/lib\libg.a(libc_a-strcpy.o)
                0x02022400                strcpy
 .text.memchr   0x020224f0       0xf0 C:/devkitPro/devkitARM/bin/../lib/gcc/arm-none-eabi/13.2.0/../../../../arm-none-eabi/lib\libg.a(libc_a-memchr-stub.o)
                0x020224f0                memchr
 .text.__utf8_wctomb
                0x020225e0       0xf4 C:/devkitPro/devkitARM/bin/../lib/gcc/arm-none-eabi/13.2.0/../../../../arm-none-eabi/lib\libg.a(libc_a-wctomb_r.o)
                0x020225e0                __utf8_wctomb
 .text.memcpy   0x020226d4      0x114 C:/devkitPro/devkitARM/bin/../lib/gcc/arm-none-eabi/13.2.0/../../../../arm-none-eabi/lib\libg.a(libc_a-memcpy-stub.o)
                0x020226d4                memcpy
 .text.stpcpy   0x020227e8       0x74 C:/devkitPro/devkitARM/bin/../lib/gcc/arm-none-eabi/13.2.0/../../../../arm-none-eabi/lib\libg.a(libc_a-stpcpy.o)
                0x020227e8                stpcpy
 .text.__libc_init_array
                0x0202285c       0x90 C:/devkitPro/devkitARM/bin/../lib/gcc/arm-none-eabi/13.2.0/../../../../arm-none-eabi/lib\libg.a(libc_a-init.o)
                0x0202285c                __libc_init_array
 .text.__libc_fini_array
                0x020228ec       0x44 C:/devkitPro/devkitARM/bin/../lib/gcc/arm-none-eabi/13.2.0/../../../../arm-none-eabi/lib\libg.a(libc_a-fini.o)
                0x020228ec                __libc_fini_array
 .text.__errno  0x02022930       0x10 C:/devkitPro/devkitARM/bin/../lib/gcc/arm-none-eabi/13.2.0/../../../../arm-none-eabi/lib\libg.a(libc_a-errno.o)
                0x02022930                __errno
 .text.lseek    0x02022940       0x3c C:/devkitPro/devkitARM/bin/../lib/gcc/arm-none-eabi/13.2.0/../../../../arm-none-eabi/lib\libg.a(libc_a-syslseek.o)
                0x02022940                lseek
 .text.open     0x0202297c       0x40 C:/devkitPro/devkitARM/bin/../lib/gcc/arm-none-eabi/13.2.0/../../../../arm-none-eabi/lib\libg.a(libc_a-sysopen.o)
                0x0202297c                open
 .text.read     0x020229bc       0x2c C:/devkitPro/devkitARM/bin/../lib/gcc/arm-none-eabi/13.2.0/../../../../arm-none-eabi/lib\libg.a(libc_a-sysread.o)
                0x020229bc                read
 .text.frexp    0x020229e8       0xa4 C:/devkitPro/devkitARM/bin/../lib/gcc/arm-none-eabi/13.2.0/../../../../arm-none-eabi/lib\libg.a(libm_a-s_frexp.o)
                0x020229e8                frexp
 .text._strtoll_l.isra.0
                0x02022a8c      0x23c C:/devkitPro/devkitARM/bin/../lib/gcc/arm-none-eabi/13.2.0/../../../../arm-none-eabi/lib\libg.a(libc_a-strtoll.o)
 .text._strtoll_r
                0x02022cc8       0x30 C:/devkitPro/devkitARM/bin/../lib/gcc/arm-none-eabi/13.2.0/../../../../arm-none-eabi/lib\libg.a(libc_a-strtoll.o)
                0x02022cc8                _strtoll_r
 .text._strtoull_l.isra.0
                0x02022cf8      0x260 C:/devkitPro/devkitARM/bin/../lib/gcc/arm-none-eabi/13.2.0/../../../../arm-none-eabi/lib\libg.a(libc_a-strtoull.o)
 .text._strtoull_r
                0x02022f58       0x30 C:/devkitPro/devkitARM/bin/../lib/gcc/arm-none-eabi/13.2.0/../../../../arm-none-eabi/lib\libg.a(libc_a-strtoull.o)
                0x02022f58                _strtoull_r
 .text.towctrans_l
                0x02022f88      0x244 C:/devkitPro/devkitARM/bin/../lib/gcc/arm-none-eabi/13.2.0/../../../../arm-none-eabi/lib\libg.a(libc_a-towctrans_l.o)
                0x02022f88                towctrans_l
 .text.iswspace
                0x020231cc       0x14 C:/devkitPro/devkitARM/bin/../lib/gcc/arm-none-eabi/13.2.0/../../../../arm-none-eabi/lib\libg.a(libc_a-iswspace.o)
                0x020231cc                iswspace
 .text.__smakebuf_r
                0x020231e0      0x138 C:/devkitPro/devkitARM/bin/../lib/gcc/arm-none-eabi/13.2.0/../../../../arm-none-eabi/lib\libg.a(libc_a-makebuf.o)
                0x020231e0                __smakebuf_r
 .text.__swhatbuf_r
                0x02023318       0x80 C:/devkitPro/devkitARM/bin/../lib/gcc/arm-none-eabi/13.2.0/../../../../arm-none-eabi/lib\libg.a(libc_a-makebuf.o)
                0x02023318                __swhatbuf_r
 .text.iswspace_l
                0x02023398       0x40 C:/devkitPro/devkitARM/bin/../lib/gcc/arm-none-eabi/13.2.0/../../../../arm-none-eabi/lib\libg.a(libc_a-iswspace_l.o)
                0x02023398                iswspace_l
 .text._mbsnrtowcs_r
                0x020233d8      0x104 C:/devkitPro/devkitARM/bin/../lib/gcc/arm-none-eabi/13.2.0/../../../../arm-none-eabi/lib\libg.a(libc_a-mbsnrtowcs.o)
                0x020233d8                _mbsnrtowcs_r
 .text._wcsrtombs_r
                0x020234dc       0x2c C:/devkitPro/devkitARM/bin/../lib/gcc/arm-none-eabi/13.2.0/../../../../arm-none-eabi/lib\libg.a(libc_a-wcsrtombs.o)
                0x020234dc                _wcsrtombs_r
 .text._putc_r  0x02023508       0xe4 C:/devkitPro/devkitARM/bin/../lib/gcc/arm-none-eabi/13.2.0/../../../../arm-none-eabi/lib\libg.a(libc_a-putc.o)
                0x02023508                _putc_r
 .text.__sccl   0x020235ec       0xe4 C:/devkitPro/devkitARM/bin/../lib/gcc/arm-none-eabi/13.2.0/../../../../arm-none-eabi/lib\libg.a(libc_a-sccl.o)
                0x020235ec                __sccl
 .text.lflush   0x020236d0       0x3c C:/devkitPro/devkitARM/bin/../lib/gcc/arm-none-eabi/13.2.0/../../../../arm-none-eabi/lib\libg.a(libc_a-refill.o)
 .text.__srefill_r
                0x0202370c      0x19c C:/devkitPro/devkitARM/bin/../lib/gcc/arm-none-eabi/13.2.0/../../../../arm-none-eabi/lib\libg.a(libc_a-refill.o)
                0x0202370c                __srefill_r
 .text.__submore
                0x020238a8       0xa8 C:/devkitPro/devkitARM/bin/../lib/gcc/arm-none-eabi/13.2.0/../../../../arm-none-eabi/lib\libg.a(libc_a-ungetc.o)
                0x020238a8                __submore
 .text.__sread  0x02023950       0x4c C:/devkitPro/devkitARM/bin/../lib/gcc/arm-none-eabi/13.2.0/../../../../arm-none-eabi/lib\libg.a(libc_a-stdio.o)
                0x02023950                __sread
 .text.__seofread
                0x0202399c        0x8 C:/devkitPro/devkitARM/bin/../lib/gcc/arm-none-eabi/13.2.0/../../../../arm-none-eabi/lib\libg.a(libc_a-stdio.o)
                0x0202399c                __seofread
 .text.__swrite
                0x020239a4       0x6c C:/devkitPro/devkitARM/bin/../lib/gcc/arm-none-eabi/13.2.0/../../../../arm-none-eabi/lib\libg.a(libc_a-stdio.o)
                0x020239a4                __swrite
 .text.__sseek  0x02023a10       0x48 C:/devkitPro/devkitARM/bin/../lib/gcc/arm-none-eabi/13.2.0/../../../../arm-none-eabi/lib\libg.a(libc_a-stdio.o)
                0x02023a10                __sseek
 .text.__sclose
                0x02023a58       0x14 C:/devkitPro/devkitARM/bin/../lib/gcc/arm-none-eabi/13.2.0/../../../../arm-none-eabi/lib\libg.a(libc_a-stdio.o)
                0x02023a58                __sclose
 .text.category
                0x02023a6c       0x98 C:/devkitPro/devkitARM/bin/../lib/gcc/arm-none-eabi/13.2.0/../../../../arm-none-eabi/lib\libg.a(libc_a-categories.o)
                0x02023a6c                category
 .text.get_arg  0x02023b04      0x654 C:/devkitPro/devkitARM/bin/../lib/gcc/arm-none-eabi/13.2.0/../../../../arm-none-eabi/lib\libg.a(libc_a-vfiprintf.o)
 .text.__sprint_r
                0x02024158       0x34 C:/devkitPro/devkitARM/bin/../lib/gcc/arm-none-eabi/13.2.0/../../../../arm-none-eabi/lib\libg.a(libc_a-vfiprintf.o)
                0x02024158                __sprint_r
 .text._vfiprintf_r
                0x0202418c     0x2334 C:/devkitPro/devkitARM/bin/../lib/gcc/arm-none-eabi/13.2.0/../../../../arm-none-eabi/lib\libg.a(libc_a-vfiprintf.o)
                0x0202418c                _vfiprintf_r
 .text.__sbprintf
                0x020264c0       0xbc C:/devkitPro/devkitARM/bin/../lib/gcc/arm-none-eabi/13.2.0/../../../../arm-none-eabi/lib\libg.a(libc_a-vfiprintf.o)
 .text.__swbuf_r
                0x0202657c      0x110 C:/devkitPro/devkitARM/bin/../lib/gcc/arm-none-eabi/13.2.0/../../../../arm-none-eabi/lib\libg.a(libc_a-wbuf.o)
                0x0202657c                __swbuf_r
 .text.div      0x0202668c       0x2c C:/devkitPro/devkitARM/bin/../lib/gcc/arm-none-eabi/13.2.0/../../../../arm-none-eabi/lib\libg.a(libc_a-div.o)
                0x0202668c                div
 .text.__swsetup_r
                0x020266b8      0x144 C:/devkitPro/devkitARM/bin/../lib/gcc/arm-none-eabi/13.2.0/../../../../arm-none-eabi/lib\libg.a(libc_a-wsetup.o)
                0x020266b8                __swsetup_r
 .text.quorem   0x020267fc      0x1d8 C:/devkitPro/devkitARM/bin/../lib/gcc/arm-none-eabi/13.2.0/../../../../arm-none-eabi/lib\libg.a(libc_a-dtoa.o)
 *fill*         0x020269d4        0x4 ff
 .text._dtoa_r  0x020269d8     0x16cc C:/devkitPro/devkitARM/bin/../lib/gcc/arm-none-eabi/13.2.0/../../../../arm-none-eabi/lib\libg.a(libc_a-dtoa.o)
                0x020269d8                _dtoa_r
 .text._fseeko_r
                0x020280a4      0x5a4 C:/devkitPro/devkitARM/bin/../lib/gcc/arm-none-eabi/13.2.0/../../../../arm-none-eabi/lib\libg.a(libc_a-fseeko.o)
                0x020280a4                _fseeko_r
 .text._findenv_r
                0x02028648       0xd0 C:/devkitPro/devkitARM/bin/../lib/gcc/arm-none-eabi/13.2.0/../../../../arm-none-eabi/lib\libg.a(libc_a-getenv_r.o)
                0x02028648                _findenv_r
 .text._getenv_r
                0x02028718       0x1c C:/devkitPro/devkitARM/bin/../lib/gcc/arm-none-eabi/13.2.0/../../../../arm-none-eabi/lib\libg.a(libc_a-getenv_r.o)
                0x02028718                _getenv_r
 .text._ftello_r
                0x02028734      0x1c0 C:/devkitPro/devkitARM/bin/../lib/gcc/arm-none-eabi/13.2.0/../../../../arm-none-eabi/lib\libg.a(libc_a-ftello.o)
                0x02028734                _ftello_r
 .text.__sflags
                0x020288f4       0xbc C:/devkitPro/devkitARM/bin/../lib/gcc/arm-none-eabi/13.2.0/../../../../arm-none-eabi/lib\libg.a(libc_a-flags.o)
                0x020288f4                __sflags
 .text._Balloc  0x020289b0       0x8c C:/devkitPro/devkitARM/bin/../lib/gcc/arm-none-eabi/13.2.0/../../../../arm-none-eabi/lib\libg.a(libc_a-mprec.o)
                0x020289b0                _Balloc
 .text._Bfree   0x02028a3c       0x1c C:/devkitPro/devkitARM/bin/../lib/gcc/arm-none-eabi/13.2.0/../../../../arm-none-eabi/lib\libg.a(libc_a-mprec.o)
                0x02028a3c                _Bfree
 .text.__multadd
                0x02028a58      0x100 C:/devkitPro/devkitARM/bin/../lib/gcc/arm-none-eabi/13.2.0/../../../../arm-none-eabi/lib\libg.a(libc_a-mprec.o)
                0x02028a58                __multadd
 .text.__hi0bits
                0x02028b58       0x60 C:/devkitPro/devkitARM/bin/../lib/gcc/arm-none-eabi/13.2.0/../../../../arm-none-eabi/lib\libg.a(libc_a-mprec.o)
                0x02028b58                __hi0bits
 .text.__lo0bits
                0x02028bb8       0xa0 C:/devkitPro/devkitARM/bin/../lib/gcc/arm-none-eabi/13.2.0/../../../../arm-none-eabi/lib\libg.a(libc_a-mprec.o)
                0x02028bb8                __lo0bits
 .text.__i2b    0x02028c58       0xac C:/devkitPro/devkitARM/bin/../lib/gcc/arm-none-eabi/13.2.0/../../../../arm-none-eabi/lib\libg.a(libc_a-mprec.o)
                0x02028c58                __i2b
 .text.__multiply
                0x02028d04      0x218 C:/devkitPro/devkitARM/bin/../lib/gcc/arm-none-eabi/13.2.0/../../../../arm-none-eabi/lib\libg.a(libc_a-mprec.o)
                0x02028d04                __multiply
 .text.__pow5mult
                0x02028f1c      0x12c C:/devkitPro/devkitARM/bin/../lib/gcc/arm-none-eabi/13.2.0/../../../../arm-none-eabi/lib\libg.a(libc_a-mprec.o)
                0x02028f1c                __pow5mult
 .text.__lshift
                0x02029048      0x144 C:/devkitPro/devkitARM/bin/../lib/gcc/arm-none-eabi/13.2.0/../../../../arm-none-eabi/lib\libg.a(libc_a-mprec.o)
                0x02029048                __lshift
 .text.__mcmp   0x0202918c       0x54 C:/devkitPro/devkitARM/bin/../lib/gcc/arm-none-eabi/13.2.0/../../../../arm-none-eabi/lib\libg.a(libc_a-mprec.o)
                0x0202918c                __mcmp
 .text.__mdiff  0x020291e0      0x214 C:/devkitPro/devkitARM/bin/../lib/gcc/arm-none-eabi/13.2.0/../../../../arm-none-eabi/lib\libg.a(libc_a-mprec.o)
                0x020291e0                __mdiff
 .text.__d2b    0x020293f4      0x128 C:/devkitPro/devkitARM/bin/../lib/gcc/arm-none-eabi/13.2.0/../../../../arm-none-eabi/lib\libg.a(libc_a-mprec.o)
                0x020293f4                __d2b
 .text.gmtime_r
                0x0202951c      0x26c C:/devkitPro/devkitARM/bin/../lib/gcc/arm-none-eabi/13.2.0/../../../../arm-none-eabi/lib\libg.a(libc_a-gmtime_r.o)
                0x0202951c                gmtime_r
 .text.__tz_lock
                0x02029788       0x18 C:/devkitPro/devkitARM/bin/../lib/gcc/arm-none-eabi/13.2.0/../../../../arm-none-eabi/lib\libg.a(libc_a-tzlock.o)
                0x02029788                __tz_lock
 .text.__tz_unlock
                0x020297a0       0x18 C:/devkitPro/devkitARM/bin/../lib/gcc/arm-none-eabi/13.2.0/../../../../arm-none-eabi/lib\libg.a(libc_a-tzlock.o)
                0x020297a0                __tz_unlock
 .text.__utf8_mbtowc
                0x020297b8      0x308 C:/devkitPro/devkitARM/bin/../lib/gcc/arm-none-eabi/13.2.0/../../../../arm-none-eabi/lib\libg.a(libc_a-mbtowc_r.o)
                0x020297b8                __utf8_mbtowc
 .text._wcsnrtombs_l
                0x02029ac0      0x198 C:/devkitPro/devkitARM/bin/../lib/gcc/arm-none-eabi/13.2.0/../../../../arm-none-eabi/lib\libg.a(libc_a-wcsnrtombs.o)
                0x02029ac0                _wcsnrtombs_l
 .text._wcsnrtombs_r
                0x02029c58       0x68 C:/devkitPro/devkitARM/bin/../lib/gcc/arm-none-eabi/13.2.0/../../../../arm-none-eabi/lib\libg.a(libc_a-wcsnrtombs.o)
                0x02029c58                _wcsnrtombs_r
 .text.__env_lock
                0x02029cc0       0x18 C:/devkitPro/devkitARM/bin/../lib/gcc/arm-none-eabi/13.2.0/../../../../arm-none-eabi/lib\libg.a(libc_a-envlock.o)
                0x02029cc0                __env_lock
 .text.__env_unlock
                0x02029cd8       0x18 C:/devkitPro/devkitARM/bin/../lib/gcc/arm-none-eabi/13.2.0/../../../../arm-none-eabi/lib\libg.a(libc_a-envlock.o)
                0x02029cd8                __env_unlock
 .text.__assert_func
                0x02029cf0       0x5c C:/devkitPro/devkitARM/bin/../lib/gcc/arm-none-eabi/13.2.0/../../../../arm-none-eabi/lib\libg.a(libc_a-assert.o)
                0x02029cf0                __assert_func
 .text.fiprintf
                0x02029d4c       0x3c C:/devkitPro/devkitARM/bin/../lib/gcc/arm-none-eabi/13.2.0/../../../../arm-none-eabi/lib\libg.a(libc_a-fiprintf.o)
                0x02029d4c                fiprintf
 .text.abort    0x02029d88       0x14 C:/devkitPro/devkitARM/bin/../lib/gcc/arm-none-eabi/13.2.0/../../../../arm-none-eabi/lib\libg.a(libc_a-abort.o)
                0x02029d88                abort
 .text._raise_r
                0x02029d9c       0x94 C:/devkitPro/devkitARM/bin/../lib/gcc/arm-none-eabi/13.2.0/../../../../arm-none-eabi/lib\libg.a(libc_a-signal.o)
                0x02029d9c                _raise_r
 .text.raise    0x02029e30       0x18 C:/devkitPro/devkitARM/bin/../lib/gcc/arm-none-eabi/13.2.0/../../../../arm-none-eabi/lib\libg.a(libc_a-signal.o)
                0x02029e30                raise
 .text._exit    0x02029e48       0x20 C:/devkitPro/devkitARM/bin/../lib/gcc/arm-none-eabi/13.2.0/../../../../arm-none-eabi/lib\libsysbase.a(libsysbase_libsysbase_a-_exit.o)
                0x02029e48                _exit
 .text.build_argv
                0x02029e68       0x90 C:/devkitPro/devkitARM/bin/../lib/gcc/arm-none-eabi/13.2.0/../../../../arm-none-eabi/lib\libsysbase.a(libsysbase_libsysbase_a-build_argv.o)
                0x02029e68                build_argv
 .text.chdir    0x02029ef8      0x144 C:/devkitPro/devkitARM/bin/../lib/gcc/arm-none-eabi/13.2.0/../../../../arm-none-eabi/lib\libsysbase.a(libsysbase_libsysbase_a-chdir.o)
                0x02029ef8                chdir
 .text.getcwd   0x0202a03c       0x8c C:/devkitPro/devkitARM/bin/../lib/gcc/arm-none-eabi/13.2.0/../../../../arm-none-eabi/lib\libsysbase.a(libsysbase_libsysbase_a-chdir.o)
                0x0202a03c                getcwd
 .text._concatenate_path
                0x0202a0c8      0x1d4 C:/devkitPro/devkitARM/bin/../lib/gcc/arm-none-eabi/13.2.0/../../../../arm-none-eabi/lib\libsysbase.a(libsysbase_libsysbase_a-concatenate.o)
                0x0202a0c8                _concatenate_path
 .text._fstat_r
                0x0202a29c       0x7c C:/devkitPro/devkitARM/bin/../lib/gcc/arm-none-eabi/13.2.0/../../../../arm-none-eabi/lib\libsysbase.a(libsysbase_libsysbase_a-fstat.o)
                0x0202a29c                _fstat_r
 .text._getpid_r
                0x0202a318       0x14 C:/devkitPro/devkitARM/bin/../lib/gcc/arm-none-eabi/13.2.0/../../../../arm-none-eabi/lib\libsysbase.a(libsysbase_libsysbase_a-getpid.o)
                0x0202a318                _getpid_r
 .text.__getreent
                0x0202a32c       0x30 C:/devkitPro/devkitARM/bin/../lib/gcc/arm-none-eabi/13.2.0/../../../../arm-none-eabi/lib\libsysbase.a(libsysbase_libsysbase_a-getreent.o)
                0x0202a32c                __getreent
 .text._gettimeofday_r
                0x0202a35c       0x34 C:/devkitPro/devkitARM/bin/../lib/gcc/arm-none-eabi/13.2.0/../../../../arm-none-eabi/lib\libsysbase.a(libsysbase_libsysbase_a-gettod.o)
                0x0202a35c                _gettimeofday_r
 .text.__release_handle
                0x0202a390       0x90 C:/devkitPro/devkitARM/bin/../lib/gcc/arm-none-eabi/13.2.0/../../../../arm-none-eabi/lib\libsysbase.a(libsysbase_libsysbase_a-handle_manager.o)
                0x0202a390                __release_handle
 .text.__alloc_handle
                0x0202a420       0xb4 C:/devkitPro/devkitARM/bin/../lib/gcc/arm-none-eabi/13.2.0/../../../../arm-none-eabi/lib\libsysbase.a(libsysbase_libsysbase_a-handle_manager.o)
                0x0202a420                __alloc_handle
 .text.__get_handle
                0x0202a4d4       0x40 C:/devkitPro/devkitARM/bin/../lib/gcc/arm-none-eabi/13.2.0/../../../../arm-none-eabi/lib\libsysbase.a(libsysbase_libsysbase_a-handle_manager.o)
                0x0202a4d4                __get_handle
 .text._close_r
                0x0202a514       0xfc C:/devkitPro/devkitARM/bin/../lib/gcc/arm-none-eabi/13.2.0/../../../../arm-none-eabi/lib\libsysbase.a(libsysbase_libsysbase_a-handle_manager.o)
                0x0202a514                _close_r
 .text.null_write
                0x0202a610        0x8 C:/devkitPro/devkitARM/bin/../lib/gcc/arm-none-eabi/13.2.0/../../../../arm-none-eabi/lib\libsysbase.a(libsysbase_libsysbase_a-iosupport.o)
 .text.setDefaultDevice
                0x0202a618       0x18 C:/devkitPro/devkitARM/bin/../lib/gcc/arm-none-eabi/13.2.0/../../../../arm-none-eabi/lib\libsysbase.a(libsysbase_libsysbase_a-iosupport.o)
                0x0202a618                setDefaultDevice
 .text.FindDevice
                0x0202a630       0xd4 C:/devkitPro/devkitARM/bin/../lib/gcc/arm-none-eabi/13.2.0/../../../../arm-none-eabi/lib\libsysbase.a(libsysbase_libsysbase_a-iosupport.o)
                0x0202a630                FindDevice
 .text.AddDevice
                0x0202a704       0xa4 C:/devkitPro/devkitARM/bin/../lib/gcc/arm-none-eabi/13.2.0/../../../../arm-none-eabi/lib\libsysbase.a(libsysbase_libsysbase_a-iosupport.o)
                0x0202a704                AddDevice
 .text.GetDeviceOpTab
                0x0202a7a8       0x24 C:/devkitPro/devkitARM/bin/../lib/gcc/arm-none-eabi/13.2.0/../../../../arm-none-eabi/lib\libsysbase.a(libsysbase_libsysbase_a-iosupport.o)
                0x0202a7a8                GetDeviceOpTab
 .text._isatty_r
                0x0202a7cc        0x8 C:/devkitPro/devkitARM/bin/../lib/gcc/arm-none-eabi/13.2.0/../../../../arm-none-eabi/lib\libsysbase.a(libsysbase_libsysbase_a-isatty.o)
                0x0202a7cc                _isatty_r
 .text._kill_r  0x0202a7d4       0x14 C:/devkitPro/devkitARM/bin/../lib/gcc/arm-none-eabi/13.2.0/../../../../arm-none-eabi/lib\libsysbase.a(libsysbase_libsysbase_a-kill.o)
                0x0202a7d4                _kill_r
 .text._lseek_r
                0x0202a7e8       0x88 C:/devkitPro/devkitARM/bin/../lib/gcc/arm-none-eabi/13.2.0/../../../../arm-none-eabi/lib\libsysbase.a(libsysbase_libsysbase_a-lseek.o)
                0x0202a7e8                _lseek_r
 .text._open_r  0x0202a870       0xc4 C:/devkitPro/devkitARM/bin/../lib/gcc/arm-none-eabi/13.2.0/../../../../arm-none-eabi/lib\libsysbase.a(libsysbase_libsysbase_a-open.o)
                0x0202a870                _open_r
 .text._read_r  0x0202a934       0x84 C:/devkitPro/devkitARM/bin/../lib/gcc/arm-none-eabi/13.2.0/../../../../arm-none-eabi/lib\libsysbase.a(libsysbase_libsysbase_a-read.o)
                0x0202a934                _read_r
 .text._sbrk_r  0x0202a9b8       0x7c C:/devkitPro/devkitARM/bin/../lib/gcc/arm-none-eabi/13.2.0/../../../../arm-none-eabi/lib\libsysbase.a(libsysbase_libsysbase_a-sbrk.o)
                0x0202a9b8                _sbrk_r
 .text.__libc_lock_acquire
                0x0202aa34       0x20 C:/devkitPro/devkitARM/bin/../lib/gcc/arm-none-eabi/13.2.0/../../../../arm-none-eabi/lib\libsysbase.a(libsysbase_libsysbase_a-syscall_support.o)
                0x0202aa34                __libc_lock_acquire
 .text.__libc_lock_release
                0x0202aa54       0x20 C:/devkitPro/devkitARM/bin/../lib/gcc/arm-none-eabi/13.2.0/../../../../arm-none-eabi/lib\libsysbase.a(libsysbase_libsysbase_a-syscall_support.o)
                0x0202aa54                __libc_lock_release
 .text.__libc_lock_acquire_recursive
                0x0202aa74       0x20 C:/devkitPro/devkitARM/bin/../lib/gcc/arm-none-eabi/13.2.0/../../../../arm-none-eabi/lib\libsysbase.a(libsysbase_libsysbase_a-syscall_support.o)
                0x0202aa74                __libc_lock_acquire_recursive
 .text.__libc_lock_release_recursive
                0x0202aa94       0x20 C:/devkitPro/devkitARM/bin/../lib/gcc/arm-none-eabi/13.2.0/../../../../arm-none-eabi/lib\libsysbase.a(libsysbase_libsysbase_a-syscall_support.o)
                0x0202aa94                __libc_lock_release_recursive
 .text._write_r
                0x0202aab4       0x84 C:/devkitPro/devkitARM/bin/../lib/gcc/arm-none-eabi/13.2.0/../../../../arm-none-eabi/lib\libsysbase.a(libsysbase_libsysbase_a-write.o)
                0x0202aab4                _write_r
 .text._write_r.__stub
                0x0202ab38      0x3ac linker stubs
 *(EXCLUDE_FILE(*.twl*) .gnu.warning)
 *(EXCLUDE_FILE(*.twl*) .gnu.linkonce.t*)
 *(.glue_7)
 .glue_7        0x0202af88        0x0 linker stubs
 *(.glue_7t)
 .glue_7t       0x0202af88        0x0 linker stubs
                0x0202af88                        . = ALIGN (0x4)

.vfp11_veneer   0x0202af88        0x0
 .vfp11_veneer  0x0202af88        0x0 linker stubs

.v4_bx          0x0202af88        0x0
 .v4_bx         0x0202af88        0x0 linker stubs

.iplt           0x0202af88        0x0
 .iplt          0x0202af88        0x0 C:/devkitPro/devkitARM/bin/../lib/gcc/arm-none-eabi/13.2.0/../../../../arm-none-eabi/lib/ds_arm9_crt0.o

.fini           0x0202af88       0x18
 *(.fini)
 .fini          0x0202af88        0xc C:/devkitPro/devkitARM/bin/../lib/gcc/arm-none-eabi/13.2.0/crti.o
                0x0202af88                _fini
 .fini          0x0202af94        0xc C:/devkitPro/devkitARM/bin/../lib/gcc/arm-none-eabi/13.2.0/crtn.o
                0x0202afa0                        __text_end = .

.rodata         0x0202afa0   0x26db20
 *(EXCLUDE_FILE(*.twl*) .rodata)
 .rodata        0x0202afa0       0x9c main.o
                0x0202afd4                CameraPosOff
                0x0202afe0                MiniMap
                0x0202b038                Radians
 *all.rodata*(*)
 *(EXCLUDE_FILE(*.twl*) .roda)
 *(EXCLUDE_FILE(*.twl*) .rodata.*)
 .rodata.soundbank_bin
                0x0202b03c   0x266eb0 soundbank.bin.o
                0x0202b03c                soundbank_bin
                0x02291eec                soundbank_bin_end
 .rodata.str1.4
                0x02291eec      0xb7c main.o
                                0x929 (size before relaxing)
 .rodata.nitroFSInit.str1.4
                0x02292a68        0x8 C:/devkitPro/libnds/lib\libfilesystem.a(nitrofs.o)
 .rodata.str1.4
                0x02292a68        0xe C:/devkitPro/libnds/lib\libfilesystem.a(nitrofs.o)
 .rodata.fatMount.part.0.str1.4
                0x02292a68        0x2 C:/devkitPro/libnds/lib\libfat.a(libfat.o)
 .rodata.fatInit.str1.4
                0x02292a68        0x3 C:/devkitPro/libnds/lib\libfat.a(libfat.o)
 .rodata.str1.4
                0x02292a68        0x4 C:/devkitPro/libnds/lib\libfat.a(libfat.o)
 .rodata.dotab_fat
                0x02292a68       0x70 C:/devkitPro/libnds/lib\libfat.a(libfat.o)
 .rodata.str1.4
                0x02292ad8        0x8 C:/devkitPro/libnds/lib\libfat.a(disc.o)
 .rodata._FAT_disc_interfaces
                0x02292ad8       0x18 C:/devkitPro/libnds/lib\libfat.a(disc.o)
                0x02292ad8                _FAT_disc_interfaces
 .rodata._FAT_directory_entryFromPath.str1.4
                0x02292af0        0x7 C:/devkitPro/libnds/lib\libfat.a(directory.o)
 .rodata.ILLEGAL_ALIAS_CHARACTERS
                0x02292af0       0x12 C:/devkitPro/libnds/lib\libfat.a(directory.o)
 *fill*         0x02292b02        0x2 ff
 .rodata.ILLEGAL_LFN_CHARACTERS
                0x02292b04        0xa C:/devkitPro/libnds/lib\libfat.a(directory.o)
 *fill*         0x02292b0e        0x2 ff
 .rodata.LFN_offset_table
                0x02292b10       0x34 C:/devkitPro/libnds/lib\libfat.a(directory.o)
 .rodata.FAT_SIG
                0x02292b44        0x3 C:/devkitPro/libnds/lib\libfat.a(partition.o)
 *fill*         0x02292b47        0x1 ff
 .rodata.FS_TWL_SIG
                0x02292b48        0x8 C:/devkitPro/libnds/lib\libfat.a(partition.o)
 .rodata.SIN_LUT
                0x02292b50      0x102 C:/devkitPro/libnds/lib\libnds9.a(trig.o)
                0x02292b50                SIN_LUT
 *fill*         0x02292c52        0x2 ff
 .rodata.TAN_LUT
                0x02292c54      0x204 C:/devkitPro/libnds/lib\libnds9.a(trig.o)
                0x02292c54                TAN_LUT
 .rodata.__sassert.str1.4
                0x02292e58       0x42 C:/devkitPro/libnds/lib\libnds9.a(sassert.o)
 .rodata.con_write.str1.4
                0x02292e58       0x30 C:/devkitPro/libnds/lib\libnds9.a(console.o)
 .rodata.con_write
                0x02292e58       0xd4 C:/devkitPro/libnds/lib\libnds9.a(console.o)
 .rodata.consoleClear.str1.4
                0x02292f2c        0x5 C:/devkitPro/libnds/lib\libnds9.a(console.o)
 .rodata.str1.4
                0x02292f2c       0x14 C:/devkitPro/libnds/lib\libnds9.a(console.o)
 .rodata.dotab_stdout
                0x02292f2c       0x70 C:/devkitPro/libnds/lib\libnds9.a(console.o)
 .rodata.glMaterialf
                0x02292f9c       0x44 C:/devkitPro/libnds/lib\libnds9.a(videoGL.o)
 .rodata.default_font_bin
                0x02292fe0     0x2000 C:/devkitPro/libnds/lib\libnds9.a(default_font.bin.o)
                0x02292fe0                default_font_bin
                0x02294fe0                default_font_bin_end
 .rodata._mbrtowc_r.str1.4
                0x02294fe0        0x1 C:/devkitPro/devkitARM/bin/../lib/gcc/arm-none-eabi/13.2.0/../../../../arm-none-eabi/lib\libg.a(libc_a-mbrtowc.o)
 .rodata._ctype_
                0x02294fe0      0x101 C:/devkitPro/devkitARM/bin/../lib/gcc/arm-none-eabi/13.2.0/../../../../arm-none-eabi/lib\libg.a(libc_a-ctype_.o)
                0x02294fe0                _ctype_
 .rodata._puts_r.str1.4
                0x022950e1        0x2 C:/devkitPro/devkitARM/bin/../lib/gcc/arm-none-eabi/13.2.0/../../../../arm-none-eabi/lib\libg.a(libc_a-puts.o)
 *fill*         0x022950e1        0x3 ff
 .rodata.basefix.0
                0x022950e4       0x22 C:/devkitPro/devkitARM/bin/../lib/gcc/arm-none-eabi/13.2.0/../../../../arm-none-eabi/lib\libg.a(libc_a-svfiscanf.o)
 .rodata._vfprintf_r.str1.1
                0x02295106       0x3b C:/devkitPro/devkitARM/bin/../lib/gcc/arm-none-eabi/13.2.0/../../../../arm-none-eabi/lib\libg.a(libc_a-vfprintf.o)
 *fill*         0x02295141        0x3 ff
 .rodata.zeroes.0
                0x02295144       0x10 C:/devkitPro/devkitARM/bin/../lib/gcc/arm-none-eabi/13.2.0/../../../../arm-none-eabi/lib\libg.a(libc_a-vfprintf.o)
 .rodata.blanks.1
                0x02295154       0x10 C:/devkitPro/devkitARM/bin/../lib/gcc/arm-none-eabi/13.2.0/../../../../arm-none-eabi/lib\libg.a(libc_a-vfprintf.o)
 .rodata._DAYS_BEFORE_MONTH
                0x02295164       0x30 C:/devkitPro/devkitARM/bin/../lib/gcc/arm-none-eabi/13.2.0/../../../../arm-none-eabi/lib\libg.a(libc_a-mktime.o)
 .rodata.DAYS_IN_MONTH
                0x02295194       0x30 C:/devkitPro/devkitARM/bin/../lib/gcc/arm-none-eabi/13.2.0/../../../../arm-none-eabi/lib\libg.a(libc_a-mktime.o)
 .rodata._tzset_unlocked_r.str1.4
                0x022951c4       0x6b C:/devkitPro/devkitARM/bin/../lib/gcc/arm-none-eabi/13.2.0/../../../../arm-none-eabi/lib\libg.a(libc_a-tzset_r.o)
 .rodata.__month_lengths
                0x022951c4       0x60 C:/devkitPro/devkitARM/bin/../lib/gcc/arm-none-eabi/13.2.0/../../../../arm-none-eabi/lib\libg.a(libc_a-month_lengths.o)
                0x022951c4                __month_lengths
 .rodata.str1.4
                0x02295224        0x4 C:/devkitPro/devkitARM/bin/../lib/gcc/arm-none-eabi/13.2.0/../../../../arm-none-eabi/lib\libg.a(libc_a-tzvars.o)
 .rodata.str1.4
                0x02295224       0x4c C:/devkitPro/devkitARM/bin/../lib/gcc/arm-none-eabi/13.2.0/../../../../arm-none-eabi/lib\libg.a(libc_a-locale.o)
 .rodata.categories
                0x02295224     0x3528 C:/devkitPro/devkitARM/bin/../lib/gcc/arm-none-eabi/13.2.0/../../../../arm-none-eabi/lib\libg.a(libc_a-categories.o)
 .rodata._vfiprintf_r.str1.1
                0x0229874c       0x29 C:/devkitPro/devkitARM/bin/../lib/gcc/arm-none-eabi/13.2.0/../../../../arm-none-eabi/lib\libg.a(libc_a-vfiprintf.o)
 .rodata.zeroes.0
                0x0229874c       0x10 C:/devkitPro/devkitARM/bin/../lib/gcc/arm-none-eabi/13.2.0/../../../../arm-none-eabi/lib\libg.a(libc_a-vfiprintf.o)
 .rodata.blanks.1
                0x0229875c       0x10 C:/devkitPro/devkitARM/bin/../lib/gcc/arm-none-eabi/13.2.0/../../../../arm-none-eabi/lib\libg.a(libc_a-vfiprintf.o)
 .rodata.__action_table
                0x0229876c       0x6c C:/devkitPro/devkitARM/bin/../lib/gcc/arm-none-eabi/13.2.0/../../../../arm-none-eabi/lib\libg.a(libc_a-svfiprintf.o)
                0x0229876c                __action_table
 .rodata.__state_table
                0x022987d8       0x6c C:/devkitPro/devkitARM/bin/../lib/gcc/arm-none-eabi/13.2.0/../../../../arm-none-eabi/lib\libg.a(libc_a-svfiprintf.o)
                0x022987d8                __state_table
 .rodata.__chclass
                0x02298844      0x100 C:/devkitPro/devkitARM/bin/../lib/gcc/arm-none-eabi/13.2.0/../../../../arm-none-eabi/lib\libg.a(libc_a-svfiprintf.o)
                0x02298844                __chclass
 .rodata._dtoa_r.str1.4
                0x02298944       0x64 C:/devkitPro/devkitARM/bin/../lib/gcc/arm-none-eabi/13.2.0/../../../../arm-none-eabi/lib\libg.a(libc_a-dtoa.o)
 .rodata.__multadd.str1.4
                0x02298944       0x51 C:/devkitPro/devkitARM/bin/../lib/gcc/arm-none-eabi/13.2.0/../../../../arm-none-eabi/lib\libg.a(libc_a-mprec.o)
 .rodata.p05.0  0x02298944        0xc C:/devkitPro/devkitARM/bin/../lib/gcc/arm-none-eabi/13.2.0/../../../../arm-none-eabi/lib\libg.a(libc_a-mprec.o)
 .rodata.__mprec_bigtens
                0x02298950       0x28 C:/devkitPro/devkitARM/bin/../lib/gcc/arm-none-eabi/13.2.0/../../../../arm-none-eabi/lib\libg.a(libc_a-mprec.o)
                0x02298950                __mprec_bigtens
 .rodata.__mprec_tens
                0x02298978       0xc8 C:/devkitPro/devkitARM/bin/../lib/gcc/arm-none-eabi/13.2.0/../../../../arm-none-eabi/lib\libg.a(libc_a-mprec.o)
                0x02298978                __mprec_tens
 .rodata.__assert_func.str1.4
                0x02298a40       0x43 C:/devkitPro/devkitARM/bin/../lib/gcc/arm-none-eabi/13.2.0/../../../../arm-none-eabi/lib\libg.a(libc_a-assert.o)
 .rodata.AddDevice.str1.4
                0x02298a40        0x8 C:/devkitPro/devkitARM/bin/../lib/gcc/arm-none-eabi/13.2.0/../../../../arm-none-eabi/lib\libsysbase.a(libsysbase_libsysbase_a-iosupport.o)
 .rodata.dotab_stdnull
                0x02298a40       0x80 C:/devkitPro/devkitARM/bin/../lib/gcc/arm-none-eabi/13.2.0/../../../../arm-none-eabi/lib\libsysbase.a(libsysbase_libsysbase_a-iosupport.o)
                0x02298a40                dotab_stdnull
 *(EXCLUDE_FILE(*.twl*) .gnu.linkonce.r*)
                0x02298ac0                        . = ALIGN (0x4)

.ARM.extab
 *(.ARM.extab* .gnu.linkonce.armextab.*)
                0x02298ac0                        __exidx_start = .

ARM.exidx
 *(.ARM.exidx* .gnu.linkonce.armexidx.*)
                0x02298ac0                        __exidx_end = .
                0x02298ac0                        . = ALIGN (0x4)
                0x02298ac0                        PROVIDE (__preinit_array_start = .)

.preinit_array
 *(.preinit_array)
                0x02298ac0                        PROVIDE (__preinit_array_end = .)