Archive member included to satisfy reference by file (symbol)

C:/devkitPro/libnds/lib\libmm9.a(mm_comms.o)
                              main.o (mmEffectVolume)
C:/devkitPro/libnds/lib\libmm9.a(mm_memory.o)
                              main.o (mmLoadEffect)
C:/devkitPro/libnds/lib\libmm9.a(mm_main9.o)
                              C:/devkitPro/libnds/lib\libmm9.a(mm_memory.o) (mmcbMemory)
C:/devkitPro/libnds/lib\libmm9.a(mm_soundbank.o)
                              C:/devkitPro/libnds/lib\libmm9.a(mm_main9.o) (mmSoundBankInMemory)
C:/devkitPro/libnds/lib\libmm9.a(mm_flusher.o)
                              C:/devkitPro/libnds/lib\libmm9.a(mm_memory.o) (mmFlushBank)
C:/devkitPro/libnds/lib\libfilesystem.a(nitrofs.o)
                              main.o (nitroFSInit)
C:/devkitPro/libnds/lib\libfat.a(libfat.o)
                              main.o (fatInitDefault)
C:/devkitPro/libnds/lib\libfat.a(disc.o)
                              C:/devkitPro/libnds/lib\libfat.a(libfat.o) (_FAT_disc_interfaces)
C:/devkitPro/libnds/lib\libfat.a(fatfile.o)
                              C:/devkitPro/libnds/lib\libfat.a(libfat.o) (_FAT_open_r)
C:/devkitPro/libnds/lib\libfat.a(cache.o)
                              C:/devkitPro/libnds/lib\libfat.a(fatfile.o) (_FAT_cache_readSectors)
C:/devkitPro/libnds/lib\libfat.a(fatdir.o)
                              C:/devkitPro/libnds/lib\libfat.a(libfat.o) (_FAT_stat_r)
C:/devkitPro/libnds/lib\libfat.a(directory.o)
                              C:/devkitPro/libnds/lib\libfat.a(fatfile.o) (_FAT_directory_entryGetCluster)
C:/devkitPro/libnds/lib\libfat.a(partition.o)
                              C:/devkitPro/libnds/lib\libfat.a(libfat.o) (_FAT_partition_destructor)
C:/devkitPro/libnds/lib\libfat.a(lock.o)
                              C:/devkitPro/libnds/lib\libfat.a(partition.o) (_FAT_lock_init)
C:/devkitPro/libnds/lib\libfat.a(filetime.o)
                              C:/devkitPro/libnds/lib\libfat.a(fatfile.o) (_FAT_filetime_getTimeFromRTC)
C:/devkitPro/libnds/lib\libfat.a(file_allocation_table.o)
                              C:/devkitPro/libnds/lib\libfat.a(fatfile.o) (_FAT_fat_nextCluster)
C:/devkitPro/libnds/lib\libnds9.a(dynamicArray.o)
                              main.o (DynamicArrayGet)
C:/devkitPro/libnds/lib\libnds9.a(trig.o)
                              main.o (sinLerp)
C:/devkitPro/libnds/lib\libnds9.a(video.o)
                              main.o (vramRestorePrimaryBanks)
C:/devkitPro/libnds/lib\libnds9.a(touch.o)
                              main.o (touchRead)
C:/devkitPro/libnds/lib\libnds9.a(sassert.o)
                              main.o (__sassert)
C:/devkitPro/libnds/lib\libnds9.a(console.o)
                              main.o (consoleDemoInit)
C:/devkitPro/libnds/lib\libnds9.a(videoGL.o)
                              main.o (glRotatef32i)
C:/devkitPro/libnds/lib\libnds9.a(keys.o)
                              main.o (scanKeys)
C:/devkitPro/libnds/lib\libnds9.a(dldi.o)
                              C:/devkitPro/libnds/lib\libfat.a(disc.o) (dldiGetInternal)
C:/devkitPro/libnds/lib\libnds9.a(initSystem.o)
                              C:/devkitPro/devkitARM/bin/../lib/gcc/arm-none-eabi/13.2.0/../../../../arm-none-eabi/lib/ds_arm9_crt0.o (initSystem)
C:/devkitPro/libnds/lib\libnds9.a(securearea.o)
                              C:/devkitPro/devkitARM/bin/../lib/gcc/arm-none-eabi/13.2.0/../../../../arm-none-eabi/lib/ds_arm9_crt0.o (__secure_area__)
C:/devkitPro/libnds/lib\libnds9.a(timers.o)
                              main.o (timerStart)
C:/devkitPro/libnds/lib\libnds9.a(interrupts.o)
                              C:/devkitPro/libnds/lib\libnds9.a(timers.o) (irqSet)
C:/devkitPro/libnds/lib\libnds9.a(libnds_exit.arm.o)
                              C:/devkitPro/devkitARM/bin/../lib/gcc/arm-none-eabi/13.2.0/../../../../arm-none-eabi/lib/ds_arm9_crt0.o (__libnds_exit)
C:/devkitPro/libnds/lib\libnds9.a(card.o)
                              C:/devkitPro/libnds/lib\libfilesystem.a(nitrofs.o) (cardParamCommand)
C:/devkitPro/libnds/lib\libnds9.a(fifosystem.o)
                              C:/devkitPro/libnds/lib\libmm9.a(mm_comms.o) (fifoSetValue32Handler)
C:/devkitPro/libnds/lib\libnds9.a(dcache.o)
                              main.o (DC_FlushRange)
C:/devkitPro/libnds/lib\libnds9.a(dldi_stub.o)
                              C:/devkitPro/libnds/lib\libnds9.a(dldi.o) (_io_dldi_stub)
C:/devkitPro/libnds/lib\libnds9.a(mpu_setup.o)
                              C:/devkitPro/devkitARM/bin/../lib/gcc/arm-none-eabi/13.2.0/../../../../arm-none-eabi/lib/ds_arm9_crt0.o (__libnds_mpu_setup)
C:/devkitPro/libnds/lib\libnds9.a(IntrWait.o)
                              main.o (swiWaitForVBlank)
C:/devkitPro/libnds/lib\libnds9.a(cpu_clock.o)
                              C:/devkitPro/libnds/lib\libnds9.a(initSystem.o) (setCpuClock)
C:/devkitPro/libnds/lib\libnds9.a(interruptDispatcher.o)
                              C:/devkitPro/libnds/lib\libnds9.a(interrupts.o) (IntrMain)
[...]
Memory Configuration

Name             Origin             Length             Attributes
ewram            0x02000000         0x00380000
dtcm             0x02ff0000         0x00004000
vectors          0x01000000         0x00000100
itcm             0x01000100         0x00007f00
*default*        0x00000000         0xffffffff

Linker script and memory map

                0x02380000                        __ewram_end = (ORIGIN (ewram) + LENGTH (ewram))
                0x02380000                        __eheap_end = (ORIGIN (ewram) + LENGTH (ewram))
                0x02ff4000                        __dtcm_top = (ORIGIN (dtcm) + LENGTH (dtcm))
                0x02ff3ff8                        __irq_flags = (__dtcm_top - 0x8)
                0x02ff3ffc                        __irq_vector = (__dtcm_top - 0x4)
                0x02ff3f00                        __sp_svc = (__dtcm_top - 0x100)
                0x02ff3e00                        __sp_irq = (__sp_svc - 0x100)
                0x02ff3d00                        __sp_usr = (__sp_irq - 0x100)

.secure         0x02000000      0x800
 *(.secure)
 .secure        0x02000000      0x800 C:/devkitPro/libnds/lib\libnds9.a(securearea.o)
                0x02000000                __secure_area__

.crt0           0x02000800      0x300
                0x02000800                        __text_start = .
 *(.crt0)
 .crt0          0x02000800      0x300 C:/devkitPro/devkitARM/bin/../lib/gcc/arm-none-eabi/13.2.0/../../../../arm-none-eabi/lib/ds_arm9_crt0.o
                0x02000800                _start
                0x02000b00                        . = ALIGN (0x4)

.plt
 *(.plt)

.init           0x02000b00       0x18
 *(SORT_NONE(.init))
 .init          0x02000b00        0xc C:/devkitPro/devkitARM/bin/../lib/gcc/arm-none-eabi/13.2.0/crti.o
                0x02000b00                _init
 .init          0x02000b0c        0xc C:/devkitPro/devkitARM/bin/../lib/gcc/arm-none-eabi/13.2.0/crtn.o

.text           0x02000b40    0x2b0a0
 *(EXCLUDE_FILE(*.twl* *.vectors* *.itcm*) .text)
 .text          0x02000b40     0x7bd8 main.o
                0x02000d5c                GetFileSize
                0x02000d7c                DS_InitFS
                0x02000dc0                InitFileSystem
                0x02000df4                DS_OpenFile
                0x02000ee4                DS_OpenFile2
                0x02000fb8                LoadFile
                0x0200109c                glTexImage2DFixed
                0x02001618                fabsff
                0x02001620                atan2f32
                0x02001a98                FastInverseSqrt
                0x02001b38                Normalize2
                0x02001c1c                Normalize3
                0x02001e40                Normalize4
                0x02001f70                Add3
                0x02001fac                Sub3
                0x02001fe8                Mul3
                0x02002040                Div3
                0x02002144                GetDistanceVec2
                0x020021c0                GetDistanceVec3
                0x02002258                GetGLSizeFromNormal
                0x020022cc                ReadLine
                0x0200233c                Load4BitPCX
                0x02002374                LoadPCX
                0x02002a94                LoadTexture
                0x02002d28                LoadTextureFromFile
                0x02002d68                GetDeltaTime
                0x02002da0                MeasureFps
                0x02002e00                GetNormalFromList
                0x02002ebc                SetNormalToList
                0x02002ef0                GetTexCoordFromList
                0x02002f1c                SetTexCoordToList
                0x02002f48                GetVertexFromList
                0x02002f80                SetVertexToList
                0x02002fa8                DisplayListCreate
                0x02002fb4                KokiriForestLoadTextures
                0x02003828                KokiriForestLoadModels
                0x02003b04                KokiriForestDraw
                0x020055bc                KokiriForestDeleteTextures
                0x020055cc                KokiriForestDeleteModels
                0x020056fc                FogInitSettings
                0x0200583c                RendererSetPointLight
                0x02005948                AudioSet3D
                0x02005bcc                GenerateNormals
                0x02005e58                Md2Load
                0x020061a8                Md2Destroy
                0x020061d4                Md2Start
                0x02006270                Md2StartBlend
                0x02006438                Md2UpdateBlend
                0x02006b8c                Md2End
                0x02006ba8                Md2Update
                0x02006dfc                Md2LoadFromFile
                0x02006e58                IntersectRayTriangle
                0x02007128                RayVsTriangle
                0x020074a4                ProccessCollision
                0x02007860                UpdatePlayer
                0x02007c7c                PlayerGroundCollision
                0x02007e1c                UpdateCamera
                0x0200812c                YoungLinkLoadTextures
                0x02008184                YoungLinkDeleteTextures
                0x02008194                YoungLinkInit
                0x02008228                YoungLinkDestroy
                0x0200826c                AnimationUpdateList
                0x02008558                PollKeyEvents
                0x020086a0                ReloadTextures
 .text          0x02008718      0x24c C:/devkitPro/libnds/lib\libmm9.a(mm_comms.o)
                0x02008718                mmSetupComms
                0x0200876a                mmSendBank
                0x02008774                mmLockChannels
                0x0200877a                mmUnlockChannels
                0x02008780                mmStart
                0x0200878a                mmPause
                0x0200878e                mmResume
                0x02008792                mmStop
                0x02008796                mmPosition
                0x0200879a                mmJingle
                0x0200879e                mmSetModuleVolume
                0x020087a2                mmSetJingleVolume
                0x020087a6                mmSetModuleTempo
                0x020087aa                mmSetModulePitch
                0x020087ae                mmSetEffectsVolume
                0x020087b2                mmSelectMode
                0x020087b6                mmStreamBegin
                0x020087ca                mmStreamEnd
                0x02008820                mmEffect
                0x02008844                mmEffectVolume
                0x02008848                mmEffectPanning
                0x0200884c                mmEffectRate
                0x02008856                mmEffectScaleRate
                0x02008860                mmEffectRelease
                0x02008866                mmEffectCancel
                0x0200886c                mmEffectEx
                0x020088aa                mmEffectCancelAll
                0x020088ae                mmReverbEnable
                0x020088b2                mmReverbDisable
                0x020088b6                mmReverbConfigure
                0x02008912                mmReverbStart
                0x02008916                mmReverbStop
 .text          0x02008964      0x120 C:/devkitPro/libnds/lib\libmm9.a(mm_memory.o)
                0x02008964                mmLoad
                0x020089b4                mmUnload
                0x02008a0c                mmLoadEffect
                0x02008a44                mmUnloadEffect
 .text          0x02008a84      0x108 C:/devkitPro/libnds/lib\libmm9.a(mm_main9.o)
                0x02008a84                mmActive
                0x02008a8a                mmSetEventHandler
                0x02008a90                mmInit
                0x02008aba                mmInitDefault
                0x02008b04                mmInitDefaultMem
                0x02008b26                mmSuspendIRQ_t
                0x02008b44                mmRestoreIRQ_t
 .text          0x02008b8c      0x100 C:/devkitPro/libnds/lib\libmm9.a(mm_soundbank.o)
                0x02008b8c                mmSoundBankInMemory
                0x02008b94                mmSoundBankInFiles
                0x02008ba6                mmSetCustomSoundBankHandler
                0x02008bd2                mmsHandleFileOp
 .text          0x02008c8c       0x3c C:/devkitPro/libnds/lib\libmm9.a(mm_flusher.o)
                0x02008c8c                mmFlushBank
 *fill*         0x02008cc8       0x38 ff
 .text          0x02008d00     0x4000 C:/devkitPro/libnds/lib\libnds9.a(dldi_stub.o)
                0x02008d00                _io_dldi_stub
 .text          0x0200cd00      0x198 C:/devkitPro/devkitARM/bin/../lib/gcc/arm-none-eabi/13.2.0\libgcc.a(_arm_mulsf3.o)
                0x0200cd00                __aeabi_fmul
                0x0200cd00                __mulsf3
 .text          0x0200ce98      0x114 C:/devkitPro/devkitARM/bin/../lib/gcc/arm-none-eabi/13.2.0\libgcc.a(_udivsi3.o)
                0x0200ce98                __aeabi_uidiv
                0x0200ce98                __udivsi3
                0x0200cf8c                __aeabi_uidivmod
 .text          0x0200cfac      0x148 C:/devkitPro/devkitARM/bin/../lib/gcc/arm-none-eabi/13.2.0\libgcc.a(_divsi3.o)
                0x0200cfac                __divsi3
                0x0200cfac                __aeabi_idiv
                0x0200d0d4                __aeabi_idivmod
 .text          0x0200d0f4        0x4 C:/devkitPro/devkitARM/bin/../lib/gcc/arm-none-eabi/13.2.0\libgcc.a(_dvmd_tls.o)
                0x0200d0f4                __aeabi_idiv0
                0x0200d0f4                __aeabi_ldiv0
 .text          0x0200d0f8      0x2ac C:/devkitPro/devkitARM/bin/../lib/gcc/arm-none-eabi/13.2.0\libgcc.a(_arm_addsubsf3.o)
                0x0200d0f8                __aeabi_frsub
                0x0200d100                __subsf3
                0x0200d100                __aeabi_fsub
                0x0200d104                __aeabi_fadd
                0x0200d104                __addsf3
                0x0200d2c0                __aeabi_ui2f
                0x0200d2c0                __floatunsisf
                0x0200d2c8                __aeabi_i2f
                0x0200d2c8                __floatsisf
                0x0200d2e8                __aeabi_ul2f
                0x0200d2e8                __floatundisf
                0x0200d2f8                __aeabi_l2f
                0x0200d2f8                __floatdisf
 .text          0x0200d3a4       0x5c C:/devkitPro/devkitARM/bin/../lib/gcc/arm-none-eabi/13.2.0\libgcc.a(_arm_fixsfsi.o)
                0x0200d3a4                __aeabi_f2iz
                0x0200d3a4                __fixsfsi
 .text          0x0200d400       0xd4 C:/devkitPro/devkitARM/bin/../lib/gcc/arm-none-eabi/13.2.0\libgcc.a(_aeabi_ldivmod.o)
                0x0200d400                __aeabi_ldivmod
 .text          0x0200d4d4       0x28 C:/devkitPro/devkitARM/bin/../lib/gcc/arm-none-eabi/13.2.0\libgcc.a(_clzdi2.o)
                0x0200d4d4                __clzdi2
 .text          0x0200d4fc       0x48 C:/devkitPro/devkitARM/bin/../lib/gcc/arm-none-eabi/13.2.0\libgcc.a(_clzsi2.o)
                0x0200d4fc                __clzsi2
 .text          0x0200d544      0x224 C:/devkitPro/devkitARM/bin/../lib/gcc/arm-none-eabi/13.2.0/../../../../arm-none-eabi/lib\libg.a(libc_a-strcmp.o)
                0x0200d544                strcmp
 .text          0x0200d768      0x424 C:/devkitPro/devkitARM/bin/../lib/gcc/arm-none-eabi/13.2.0\libgcc.a(_arm_addsubdf3.o)
                0x0200d768                __aeabi_drsub
                0x0200d770                __aeabi_dsub
                0x0200d770                __subdf3
                0x0200d774                __aeabi_dadd
                0x0200d774                __adddf3
                0x0200da84                __floatunsidf
                0x0200da84                __aeabi_ui2d
                0x0200daa8                __floatsidf
                0x0200daa8                __aeabi_i2d
                0x0200dad0                __aeabi_f2d
                0x0200dad0                __extendsfdf2
                0x0200db18                __floatundidf
                0x0200db18                __aeabi_ul2d
                0x0200db2c                __floatdidf
                0x0200db2c                __aeabi_l2d
 .text          0x0200db8c      0x49c C:/devkitPro/devkitARM/bin/../lib/gcc/arm-none-eabi/13.2.0\libgcc.a(_arm_muldivdf3.o)
                0x0200db8c                __aeabi_dmul
                0x0200db8c                __muldf3
                0x0200de1c                __divdf3
                0x0200de1c                __aeabi_ddiv
 .text          0x0200e028      0x144 C:/devkitPro/devkitARM/bin/../lib/gcc/arm-none-eabi/13.2.0\libgcc.a(_arm_cmpdf2.o)
                0x0200e028                __gtdf2
                0x0200e028                __gedf2
                0x0200e030                __ltdf2
                0x0200e030                __ledf2
                0x0200e038                __nedf2
                0x0200e038                __eqdf2
                0x0200e038                __cmpdf2
                0x0200e0c0                __aeabi_cdrcmple
                0x0200e0dc                __aeabi_cdcmpeq
                0x0200e0dc                __aeabi_cdcmple
                0x0200e0f4                __aeabi_dcmpeq
                0x0200e10c                __aeabi_dcmplt
                0x0200e124                __aeabi_dcmple
                0x0200e13c                __aeabi_dcmpge
                0x0200e154                __aeabi_dcmpgt
 .text          0x0200e16c       0x38 C:/devkitPro/devkitARM/bin/../lib/gcc/arm-none-eabi/13.2.0\libgcc.a(_arm_unorddf2.o)
                0x0200e16c                __unorddf2
                0x0200e16c                __aeabi_dcmpun
 .text          0x0200e1a4       0x5c C:/devkitPro/devkitARM/bin/../lib/gcc/arm-none-eabi/13.2.0\libgcc.a(_arm_fixdfsi.o)
                0x0200e1a4                __aeabi_d2iz
                0x0200e1a4                __fixdfsi
 .text          0x0200e200       0x3c C:/devkitPro/devkitARM/bin/../lib/gcc/arm-none-eabi/13.2.0\libgcc.a(_aeabi_uldivmod.o)
                0x0200e200                __aeabi_uldivmod
 *(EXCLUDE_FILE(*.twl* *.vectors* *.itcm*) .stub)
 *(EXCLUDE_FILE(*.twl* *.vectors* *.itcm*) .text.*)
 .text.__do_global_dtors_aux
                0x0200e23c       0x40 C:/devkitPro/devkitARM/bin/../lib/gcc/arm-none-eabi/13.2.0/crtbegin.o
 .text.frame_dummy
                0x0200e27c       0x30 C:/devkitPro/devkitARM/bin/../lib/gcc/arm-none-eabi/13.2.0/crtbegin.o
 *fill*         0x0200e2ac        0x4 ff
 .text.startup  0x0200e2b0     0x19cc main.o
                0x0200e2b0                main
 .text.nitroFSDirClose
                0x0200fc7c        0x4 C:/devkitPro/libnds/lib\libfilesystem.a(nitrofs.o)
 .text.nitroFSSeek
                0x0200fc80       0x78 C:/devkitPro/libnds/lib\libfilesystem.a(nitrofs.o)
 .text.nitroFSFstat
                0x0200fcf8       0x10 C:/devkitPro/libnds/lib\libfilesystem.a(nitrofs.o)
 .text.nitroSubReadBlock
                0x0200fd08       0x54 C:/devkitPro/libnds/lib\libfilesystem.a(nitrofs.o)
 .text.nitroSubReadCard
                0x0200fd5c       0xb0 C:/devkitPro/libnds/lib\libfilesystem.a(nitrofs.o)
 .text.nitroFSClose
                0x0200fe0c        0x4 C:/devkitPro/libnds/lib\libfilesystem.a(nitrofs.o)
 .text.nitroDirReset
                0x0200fe10       0x9c C:/devkitPro/libnds/lib\libfilesystem.a(nitrofs.o)
 .text.nitroFSRead
                0x0200feac       0xbc C:/devkitPro/libnds/lib\libfilesystem.a(nitrofs.o)
 .text.nitroFSDirNext
                0x0200ff68      0x30c C:/devkitPro/libnds/lib\libfilesystem.a(nitrofs.o)
 .text.nitroFSDirOpen
                0x02010274       0xe0 C:/devkitPro/libnds/lib\libfilesystem.a(nitrofs.o)
 .text.nitroFSChdir
                0x02010354       0x30 C:/devkitPro/libnds/lib\libfilesystem.a(nitrofs.o)
 .text.nitroFSOpen
                0x02010384       0xc4 C:/devkitPro/libnds/lib\libfilesystem.a(nitrofs.o)
 .text.nitroFSstat
                0x02010448       0x68 C:/devkitPro/libnds/lib\libfilesystem.a(nitrofs.o)
 .text.nitroFSInit
                0x020104b0      0x12c C:/devkitPro/libnds/lib\libfilesystem.a(nitrofs.o)
                0x020104b0                nitroFSInit
 .text.fatMount.part.0
                0x020105dc       0xa0 C:/devkitPro/libnds/lib\libfat.a(libfat.o)
 .text.fatMount
                0x0201067c       0x3c C:/devkitPro/libnds/lib\libfat.a(libfat.o)
                0x0201067c                fatMount
 .text.fatInit  0x020106b8      0x130 C:/devkitPro/libnds/lib\libfat.a(libfat.o)
                0x020106b8                fatInit
 .text.fatInitDefault
                0x020107e8        0xc C:/devkitPro/libnds/lib\libfat.a(libfat.o)
                0x020107e8                fatInitDefault
 .text._FAT_check_position_for_next_cluster.part.0
                0x020107f4       0x68 C:/devkitPro/libnds/lib\libfat.a(fatfile.o)
 .text._FAT_syncToDisc.part.0
                0x0201085c       0xd4 C:/devkitPro/libnds/lib\libfat.a(fatfile.o)
 .text._FAT_file_extend_r
                0x02010930      0x208 C:/devkitPro/libnds/lib\libfat.a(fatfile.o)
 .text._FAT_open_r
                0x02010b38      0x2d4 C:/devkitPro/libnds/lib\libfat.a(fatfile.o)
                0x02010b38                _FAT_open_r
 .text._FAT_close_r
                0x02010e0c       0x74 C:/devkitPro/libnds/lib\libfat.a(fatfile.o)
                0x02010e0c                _FAT_close_r
 .text._FAT_read_r
                0x02010e80      0x398 C:/devkitPro/libnds/lib\libfat.a(fatfile.o)
                0x02010e80                _FAT_read_r
 .text._FAT_write_r
                0x02011218      0x53c C:/devkitPro/libnds/lib\libfat.a(fatfile.o)
                0x02011218                _FAT_write_r
 .text._FAT_seek_r
                0x02011754      0x194 C:/devkitPro/libnds/lib\libfat.a(fatfile.o)
                0x02011754                _FAT_seek_r
 .text._FAT_fstat_r
                0x020118e8       0x8c C:/devkitPro/libnds/lib\libfat.a(fatfile.o)
                0x020118e8                _FAT_fstat_r
 .text._FAT_ftruncate_r
                0x02011974      0x16c C:/devkitPro/libnds/lib\libfat.a(fatfile.o)
                0x02011974                _FAT_ftruncate_r
 .text._FAT_fsync_r
                0x02011ae0       0x44 C:/devkitPro/libnds/lib\libfat.a(fatfile.o)
                0x02011ae0                _FAT_fsync_r
 .text._FAT_cache_getPage
                0x02011b24       0xf0 C:/devkitPro/libnds/lib\libfat.a(cache.o)
 .text._FAT_cache_constructor
                0x02011c14       0x90 C:/devkitPro/libnds/lib\libfat.a(cache.o)
                0x02011c14                _FAT_cache_constructor
 .text._FAT_cache_readSectors
                0x02011ca4       0x60 C:/devkitPro/libnds/lib\libfat.a(cache.o)
                0x02011ca4                _FAT_cache_readSectors
 .text._FAT_cache_readPartialSector
                0x02011d04       0x3c C:/devkitPro/libnds/lib\libfat.a(cache.o)
                0x02011d04                _FAT_cache_readPartialSector
 .text._FAT_cache_readLittleEndianValue
                0x02011d40       0x70 C:/devkitPro/libnds/lib\libfat.a(cache.o)
                0x02011d40                _FAT_cache_readLittleEndianValue
 .text._FAT_cache_writePartialSector
                0x02011db0       0x4c C:/devkitPro/libnds/lib\libfat.a(cache.o)
                0x02011db0                _FAT_cache_writePartialSector
 .text._FAT_cache_writeLittleEndianValue
                0x02011dfc       0x8c C:/devkitPro/libnds/lib\libfat.a(cache.o)
                0x02011dfc                _FAT_cache_writeLittleEndianValue
 .text._FAT_cache_eraseWritePartialSector
                0x02011e88       0x60 C:/devkitPro/libnds/lib\libfat.a(cache.o)
                0x02011e88                _FAT_cache_eraseWritePartialSector
 .text._FAT_cache_writeSectors
                0x02011ee8       0x80 C:/devkitPro/libnds/lib\libfat.a(cache.o)
                0x02011ee8                _FAT_cache_writeSectors
 .text._FAT_cache_flush
                0x02011f68       0x40 C:/devkitPro/libnds/lib\libfat.a(cache.o)
                0x02011f68                _FAT_cache_flush
 .text._FAT_stat_r
                0x02011fa8       0x90 C:/devkitPro/libnds/lib\libfat.a(fatdir.o)
                0x02011fa8                _FAT_stat_r
 .text._FAT_link_r
                0x02012038        0xc C:/devkitPro/libnds/lib\libfat.a(fatdir.o)
                0x02012038                _FAT_link_r
 .text._FAT_unlink_r
                0x02012044      0x184 C:/devkitPro/libnds/lib\libfat.a(fatdir.o)
                0x02012044                _FAT_unlink_r
 .text._FAT_chdir_r
                0x020121c8       0x70 C:/devkitPro/libnds/lib\libfat.a(fatdir.o)
                0x020121c8                _FAT_chdir_r
 .text._FAT_rename_r
                0x02012238      0x1c4 C:/devkitPro/libnds/lib\libfat.a(fatdir.o)
                0x02012238                _FAT_rename_r
 .text._FAT_mkdir_r
                0x020123fc      0x244 C:/devkitPro/libnds/lib\libfat.a(fatdir.o)
                0x020123fc                _FAT_mkdir_r
 .text._FAT_statvfs_r
                0x02012640       0x78 C:/devkitPro/libnds/lib\libfat.a(fatdir.o)
                0x02012640                _FAT_statvfs_r
 .text._FAT_diropen_r
                0x020126b8       0xb0 C:/devkitPro/libnds/lib\libfat.a(fatdir.o)
                0x020126b8                _FAT_diropen_r
 .text._FAT_dirreset_r
                0x02012768       0x4c C:/devkitPro/libnds/lib\libfat.a(fatdir.o)
                0x02012768                _FAT_dirreset_r
 .text._FAT_dirnext_r
                0x020127b4       0x7c C:/devkitPro/libnds/lib\libfat.a(fatdir.o)
                0x020127b4                _FAT_dirnext_r
 .text._FAT_dirclose_r
                0x02012830       0x20 C:/devkitPro/libnds/lib\libfat.a(fatdir.o)
                0x02012830                _FAT_dirclose_r
 .text._FAT_directory_entryGetAlias
                0x02012850       0xc8 C:/devkitPro/libnds/lib\libfat.a(directory.o)
 .text._FAT_directory_incrementDirEntryPosition
                0x02012918       0x80 C:/devkitPro/libnds/lib\libfat.a(directory.o)
 .text._FAT_directory_mbsncasecmp
                0x02012998       0xa8 C:/devkitPro/libnds/lib\libfat.a(directory.o)
 .text._FAT_directory_ucs2tombs.constprop.0
                0x02012a40       0x90 C:/devkitPro/libnds/lib\libfat.a(directory.o)
 .text._FAT_directory_entryGetCluster
                0x02012ad0       0x20 C:/devkitPro/libnds/lib\libfat.a(directory.o)
                0x02012ad0                _FAT_directory_entryGetCluster
 .text._FAT_directory_getNextEntry
                0x02012af0      0x23c C:/devkitPro/libnds/lib\libfat.a(directory.o)
                0x02012af0                _FAT_directory_getNextEntry
 .text._FAT_directory_entryExists
                0x02012d2c       0x80 C:/devkitPro/libnds/lib\libfat.a(directory.o)
 .text._FAT_directory_getFirstEntry
                0x02012dac       0x20 C:/devkitPro/libnds/lib\libfat.a(directory.o)
                0x02012dac                _FAT_directory_getFirstEntry
 .text._FAT_directory_getRootEntry
                0x02012dcc       0x60 C:/devkitPro/libnds/lib\libfat.a(directory.o)
                0x02012dcc                _FAT_directory_getRootEntry
 .text._FAT_directory_entryFromPosition
                0x02012e2c      0x150 C:/devkitPro/libnds/lib\libfat.a(directory.o)
                0x02012e2c                _FAT_directory_entryFromPosition
 .text._FAT_directory_entryFromPath
                0x02012f7c      0x248 C:/devkitPro/libnds/lib\libfat.a(directory.o)
                0x02012f7c                _FAT_directory_entryFromPath
 .text._FAT_directory_removeEntry
                0x020131c4       0xd8 C:/devkitPro/libnds/lib\libfat.a(directory.o)
                0x020131c4                _FAT_directory_removeEntry
 .text._FAT_directory_addEntry
                0x0201329c      0x808 C:/devkitPro/libnds/lib\libfat.a(directory.o)
                0x0201329c                _FAT_directory_addEntry
 .text._FAT_directory_chdir
                0x02013aa4       0x3c C:/devkitPro/libnds/lib\libfat.a(directory.o)
                0x02013aa4                _FAT_directory_chdir
 .text._FAT_directory_entryStat
                0x02013ae0       0xe4 C:/devkitPro/libnds/lib\libfat.a(directory.o)
                0x02013ae0                _FAT_directory_entryStat
 .text.isValidMBR
                0x02013bc4       0x5c C:/devkitPro/libnds/lib\libfat.a(partition.o)
 .text._FAT_updateFS_INFO
                0x02013c20       0x54 C:/devkitPro/libnds/lib\libfat.a(partition.o)
 .text.FindFirstValidPartition_buf.part.0
                0x02013c74      0x11c C:/devkitPro/libnds/lib\libfat.a(partition.o)
 .text._FAT_partition_getPartitionFromPath
                0x02013d90       0x10 C:/devkitPro/libnds/lib\libfat.a(partition.o)
                0x02013d90                _FAT_partition_getPartitionFromPath
 .text._FAT_partition_createFSinfo
                0x02013da0       0x50 C:/devkitPro/libnds/lib\libfat.a(partition.o)
                0x02013da0                _FAT_partition_createFSinfo
 .text._FAT_partition_readFSinfo.part.0
                0x02013df0       0x74 C:/devkitPro/libnds/lib\libfat.a(partition.o)
 .text._FAT_partition_constructor_buf
                0x02013e64      0x2e8 C:/devkitPro/libnds/lib\libfat.a(partition.o)
                0x02013e64                _FAT_partition_constructor_buf
 .text._FAT_partition_constructor
                0x0201414c       0x40 C:/devkitPro/libnds/lib\libfat.a(partition.o)
                0x0201414c                _FAT_partition_constructor
 .text._FAT_partition_readFSinfo
                0x0201418c       0x10 C:/devkitPro/libnds/lib\libfat.a(partition.o)
                0x0201418c                _FAT_partition_readFSinfo
 .text._FAT_lock_init
                0x0201419c        0x4 C:/devkitPro/libnds/lib\libfat.a(lock.o)
                0x0201419c                _FAT_lock_init
 .text._FAT_lock
                0x020141a0        0x4 C:/devkitPro/libnds/lib\libfat.a(lock.o)
                0x020141a0                _FAT_lock
 .text._FAT_unlock
                0x020141a4        0x4 C:/devkitPro/libnds/lib\libfat.a(lock.o)
                0x020141a4                _FAT_unlock
 .text._FAT_filetime_getTimeFromRTC
                0x020141a8       0x44 C:/devkitPro/libnds/lib\libfat.a(filetime.o)
                0x020141a8                _FAT_filetime_getTimeFromRTC
 .text._FAT_filetime_getDateFromRTC
                0x020141ec       0x44 C:/devkitPro/libnds/lib\libfat.a(filetime.o)
                0x020141ec                _FAT_filetime_getDateFromRTC
 .text._FAT_filetime_to_time_t
                0x02014230       0x38 C:/devkitPro/libnds/lib\libfat.a(filetime.o)
                0x02014230                _FAT_filetime_to_time_t
 .text._FAT_fat_writeFatEntry.part.0.isra.0
                0x02014268      0x12c C:/devkitPro/libnds/lib\libfat.a(file_allocation_table.o)
 .text._FAT_fat_nextCluster
                0x02014394      0x108 C:/devkitPro/libnds/lib\libfat.a(file_allocation_table.o)
                0x02014394                _FAT_fat_nextCluster
 .text._FAT_fat_linkFreeCluster
                0x0201449c       0xac C:/devkitPro/libnds/lib\libfat.a(file_allocation_table.o)
                0x0201449c                _FAT_fat_linkFreeCluster
 .text._FAT_fat_linkFreeClusterCleared
                0x02014548       0x68 C:/devkitPro/libnds/lib\libfat.a(file_allocation_table.o)
                0x02014548                _FAT_fat_linkFreeClusterCleared
 .text._FAT_fat_clearLinks
                0x020145b0       0x7c C:/devkitPro/libnds/lib\libfat.a(file_allocation_table.o)
                0x020145b0                _FAT_fat_clearLinks
 .text._FAT_fat_trimChain
                0x0201462c       0x80 C:/devkitPro/libnds/lib\libfat.a(file_allocation_table.o)
                0x0201462c                _FAT_fat_trimChain
 .text._FAT_fat_lastCluster
                0x020146ac       0x34 C:/devkitPro/libnds/lib\libfat.a(file_allocation_table.o)
                0x020146ac                _FAT_fat_lastCluster
 .text._FAT_fat_freeClusterCount
                0x020146e0       0x2c C:/devkitPro/libnds/lib\libfat.a(file_allocation_table.o)
                0x020146e0                _FAT_fat_freeClusterCount
 .text.DynamicArrayInit
                0x0201470c       0x18 C:/devkitPro/libnds/lib\libnds9.a(dynamicArray.o)
                0x0201470c                DynamicArrayInit
 .text.DynamicArrayDelete
                0x02014724       0x14 C:/devkitPro/libnds/lib\libnds9.a(dynamicArray.o)
                0x02014724                DynamicArrayDelete
 .text.DynamicArrayGet
                0x02014738       0x18 C:/devkitPro/libnds/lib\libnds9.a(dynamicArray.o)
                0x02014738                DynamicArrayGet
 .text.DynamicArraySet
                0x02014750       0x48 C:/devkitPro/libnds/lib\libnds9.a(dynamicArray.o)
                0x02014750                DynamicArraySet
 .text.asinComp
                0x02014798       0x24 C:/devkitPro/libnds/lib\libnds9.a(trig.o)
                0x02014798                asinComp
 .text.sinLutLookup
                0x020147bc       0x4c C:/devkitPro/libnds/lib\libnds9.a(trig.o)
                0x020147bc                sinLutLookup
 .text.sinLerp  0x02014808       0x40 C:/devkitPro/libnds/lib\libnds9.a(trig.o)
                0x02014808                sinLerp
 .text.cosLerp  0x02014848       0x4c C:/devkitPro/libnds/lib\libnds9.a(trig.o)
                0x02014848                cosLerp
 .text.tanLerp  0x02014894       0xb0 C:/devkitPro/libnds/lib\libnds9.a(trig.o)
                0x02014894                tanLerp
 .text.asinLerp
                0x02014944       0x98 C:/devkitPro/libnds/lib\libnds9.a(trig.o)
                0x02014944                asinLerp
 .text.acosLerp
                0x020149dc       0xa4 C:/devkitPro/libnds/lib\libnds9.a(trig.o)
                0x020149dc                acosLerp
 .text.vramRestorePrimaryBanks
                0x02014a80        0xc C:/devkitPro/libnds/lib\libnds9.a(video.o)
                0x02014a80                vramRestorePrimaryBanks
 .text.vramRestoreBanks_EFG
                0x02014a8c        0xc C:/devkitPro/libnds/lib\libnds9.a(video.o)
                0x02014a8c                vramRestoreBanks_EFG
 .text.vramDefault
                0x02014a98       0xd0 C:/devkitPro/libnds/lib\libnds9.a(video.o)
                0x02014a98                vramDefault
 .text.touchRead
                0x02014b68       0x24 C:/devkitPro/libnds/lib\libnds9.a(touch.o)
                0x02014b68                touchRead
 .text.__sassert
                0x02014b8c       0x38 C:/devkitPro/libnds/lib\libnds9.a(sassert.o)
                0x02014b8c                __sassert
 .text.newRow   0x02014bc4       0xa8 C:/devkitPro/libnds/lib\libnds9.a(console.o)
 .text.consolePrintChar
                0x02014c6c       0xe0 C:/devkitPro/libnds/lib\libnds9.a(console.o)
                0x02014c6c                consolePrintChar
 .text.con_write
                0x02014d4c      0x36c C:/devkitPro/libnds/lib\libnds9.a(console.o)
                0x02014d4c                con_write
 .text.consoleLoadFont
                0x020150b8      0x2a0 C:/devkitPro/libnds/lib\libnds9.a(console.o)
                0x020150b8                consoleLoadFont
 .text.consoleInit
                0x02015358      0x18c C:/devkitPro/libnds/lib\libnds9.a(console.o)
                0x02015358                consoleInit
 .text.consoleDemoInit
                0x020154e4       0x40 C:/devkitPro/libnds/lib\libnds9.a(console.o)
                0x020154e4                consoleDemoInit
 .text.consoleClear
                0x02015524       0x10 C:/devkitPro/libnds/lib\libnds9.a(console.o)
                0x02015524                consoleClear
 .text.vramBlock__deallocateBlock.part.0
                0x02015534      0x190 C:/devkitPro/libnds/lib\libnds9.a(videoGL.o)
 .text.glRotatef32i
                0x020156c4      0x2b4 C:/devkitPro/libnds/lib\libnds9.a(videoGL.o)
                0x020156c4                glRotatef32i
 .text.glMaterialf
                0x02015978       0x7c C:/devkitPro/libnds/lib\libnds9.a(videoGL.o)
                0x02015978                glMaterialf
 .text.vramBlock_init
                0x020159f4       0x5c C:/devkitPro/libnds/lib\libnds9.a(videoGL.o)
                0x020159f4                vramBlock_init
 .text.vramBlock__allocateBlock
                0x02015a50      0x178 C:/devkitPro/libnds/lib\libnds9.a(videoGL.o)
                0x02015a50                vramBlock__allocateBlock
 .text.vramBlock_examineSpecial
                0x02015bc8      0x238 C:/devkitPro/libnds/lib\libnds9.a(videoGL.o)
                0x02015bc8                vramBlock_examineSpecial
 .text.vramBlock_allocateSpecial
                0x02015e00       0x6c C:/devkitPro/libnds/lib\libnds9.a(videoGL.o)
                0x02015e00                vramBlock_allocateSpecial
 .text.vramBlock_allocateBlock
                0x02015e6c       0x30 C:/devkitPro/libnds/lib\libnds9.a(videoGL.o)
                0x02015e6c                vramBlock_allocateBlock
 .text.vramBlock_deallocateBlock
                0x02015e9c       0x48 C:/devkitPro/libnds/lib\libnds9.a(videoGL.o)
                0x02015e9c                vramBlock_deallocateBlock
 .text.removePaletteFromTexture.part.0
                0x02015ee4       0x68 C:/devkitPro/libnds/lib\libnds9.a(videoGL.o)
 .text.vramBlock_getAddr
                0x02015f4c       0x10 C:/devkitPro/libnds/lib\libnds9.a(videoGL.o)
                0x02015f4c                vramBlock_getAddr
 .text.glInit_C
                0x02015f5c      0x1cc C:/devkitPro/libnds/lib\libnds9.a(videoGL.o)
                0x02015f5c                glInit_C
 .text.glResetTextures
                0x02016128       0xd0 C:/devkitPro/libnds/lib\libnds9.a(videoGL.o)
                0x02016128                glResetTextures
 .text.glGenTextures
                0x020161f8       0x80 C:/devkitPro/libnds/lib\libnds9.a(videoGL.o)
                0x020161f8                glGenTextures
 .text.glDeleteTextures
                0x02016278       0xe4 C:/devkitPro/libnds/lib\libnds9.a(videoGL.o)
                0x02016278                glDeleteTextures
 .text.vramGetBank
                0x0201635c       0xb8 C:/devkitPro/libnds/lib\libnds9.a(videoGL.o)
                0x0201635c                vramGetBank
 .text.glBindTexture
                0x02016414       0x60 C:/devkitPro/libnds/lib\libnds9.a(videoGL.o)
                0x02016414                glBindTexture
 .text.glColorTableEXT
                0x02016474      0x1d8 C:/devkitPro/libnds/lib\libnds9.a(videoGL.o)
                0x02016474                glColorTableEXT
 .text.glTexParameter
                0x0201664c       0x38 C:/devkitPro/libnds/lib\libnds9.a(videoGL.o)
                0x0201664c                glTexParameter
 .text.scanKeys
                0x02016684       0x8c C:/devkitPro/libnds/lib\libnds9.a(keys.o)
                0x02016684                scanKeys
 .text.keysHeld
                0x02016710        0xc C:/devkitPro/libnds/lib\libnds9.a(keys.o)
                0x02016710                keysHeld
 .text.keysDown
                0x0201671c       0x14 C:/devkitPro/libnds/lib\libnds9.a(keys.o)
                0x0201671c                keysDown
 .text.dldiGetInternal
                0x02016730       0x34 C:/devkitPro/libnds/lib\libnds9.a(dldi.o)
                0x02016730                dldiGetInternal
 .text.get_io_dsisd
                0x02016764       0x24 C:/devkitPro/libnds/lib\libnds9.a(dldi.o)
                0x02016764                get_io_dsisd
 .text.__syscall_gettod_r
                0x02016788       0x28 C:/devkitPro/libnds/lib\libnds9.a(initSystem.o)
                0x02016788                __syscall_gettod_r
 .text.__syscall_exit
                0x020167b0        0x8 C:/devkitPro/libnds/lib\libnds9.a(initSystem.o)
                0x020167b0                __syscall_exit
 .text.initSystem
                0x020167b8      0x180 C:/devkitPro/libnds/lib\libnds9.a(initSystem.o)
                0x020167b8                initSystem
 .text.timerStart
                0x02016938       0x40 C:/devkitPro/libnds/lib\libnds9.a(timers.o)
                0x02016938                timerStart
 .text.timerElapsed
                0x02016978       0x30 C:/devkitPro/libnds/lib\libnds9.a(timers.o)
                0x02016978                timerElapsed
 .text.irqDummy
                0x020169a8        0x4 C:/devkitPro/libnds/lib\libnds9.a(interrupts.o)
                0x020169a8                irqDummy
 .text.irqSet   0x020169ac       0x6c C:/devkitPro/libnds/lib\libnds9.a(interrupts.o)
                0x020169ac                irqSet
 .text.irqInit  0x02016a18       0x50 C:/devkitPro/libnds/lib\libnds9.a(interrupts.o)
                0x02016a18                irqInit
 .text.irqEnable
                0x02016a68       0x64 C:/devkitPro/libnds/lib\libnds9.a(interrupts.o)
                0x02016a68                irqEnable
 .text.systemErrorExit
                0x02016acc        0x4 C:/devkitPro/libnds/lib\libnds9.a(libnds_exit.arm.o)
                0x02016acc                systemErrorExit
 .text.__libnds_exit
                0x02016ad0       0x5c C:/devkitPro/libnds/lib\libnds9.a(libnds_exit.arm.o)
                0x02016ad0                __libnds_exit
 .text.cardPolledTransfer
                0x02016b2c       0x54 C:/devkitPro/libnds/lib\libnds9.a(card.o)
                0x02016b2c                cardPolledTransfer
 .text.cardParamCommand
                0x02016b80       0x34 C:/devkitPro/libnds/lib\libnds9.a(card.o)
                0x02016b80                cardParamCommand
 .text.fifo_queueBlock
                0x02016bb4       0x44 C:/devkitPro/libnds/lib\libnds9.a(fifosystem.o)
 .text.fifo_waitBlock
                0x02016bf8       0x80 C:/devkitPro/libnds/lib\libnds9.a(fifosystem.o)
 .text.fifoInternalSend.part.0
                0x02016c78       0xd4 C:/devkitPro/libnds/lib\libnds9.a(fifosystem.o)
 .text.fifoInternalSendInterrupt
                0x02016d4c       0xb0 C:/devkitPro/libnds/lib\libnds9.a(fifosystem.o)
 .text.fifoSetValue32Handler
                0x02016dfc       0xd4 C:/devkitPro/libnds/lib\libnds9.a(fifosystem.o)
                0x02016dfc                fifoSetValue32Handler
 .text.fifoSendValue32
                0x02016ed0       0x4c C:/devkitPro/libnds/lib\libnds9.a(fifosystem.o)
                0x02016ed0                fifoSendValue32
 .text.fifoSendDatamsg
                0x02016f1c       0x90 C:/devkitPro/libnds/lib\libnds9.a(fifosystem.o)
                0x02016f1c                fifoSendDatamsg
 .text.fifoGetValue32
                0x02016fac       0x70 C:/devkitPro/libnds/lib\libnds9.a(fifosystem.o)
                0x02016fac                fifoGetValue32
 .text.fifoGetDatamsg
                0x0201701c       0xf4 C:/devkitPro/libnds/lib\libnds9.a(fifosystem.o)
                0x0201701c                fifoGetDatamsg
 .text.fifoInternalRecvInterrupt
                0x02017110      0x37c C:/devkitPro/libnds/lib\libnds9.a(fifosystem.o)
 .text.fifoSetDatamsgHandler
                0x0201748c       0x9c C:/devkitPro/libnds/lib\libnds9.a(fifosystem.o)
                0x0201748c                fifoSetDatamsgHandler
 .text.fifoCheckValue32
                0x02017528       0x24 C:/devkitPro/libnds/lib\libnds9.a(fifosystem.o)
                0x02017528                fifoCheckValue32
 .text.fifoInit
                0x0201754c      0x108 C:/devkitPro/libnds/lib\libnds9.a(fifosystem.o)
                0x0201754c                fifoInit
 .text.DC_FlushRange
                0x02017654       0x24 C:/devkitPro/libnds/lib\libnds9.a(dcache.o)
                0x02017654                DC_FlushRange
 .text.__libnds_mpu_setup
                0x02017678      0x174 C:/devkitPro/libnds/lib\libnds9.a(mpu_setup.o)
                0x02017678                __libnds_mpu_setup
 .text.memUncached
                0x020177ec       0x20 C:/devkitPro/libnds/lib\libnds9.a(mpu_setup.o)
                0x020177ec                memUncached
 .text.swiWaitForVBlank
                0x0201780c        0x8 C:/devkitPro/libnds/lib\libnds9.a(IntrWait.o)
                0x0201780c                swiWaitForVBlank
 .text.swiIntrWait
                0x02017814       0x70 C:/devkitPro/libnds/lib\libnds9.a(IntrWait.o)
                0x02017814                swiIntrWait
 .text.setCpuClock
                0x02017884       0x50 C:/devkitPro/libnds/lib\libnds9.a(cpu_clock.o)
                0x02017884                setCpuClock
 .text.swiDelay
                0x020178d4        0x4 C:/devkitPro/libnds/lib\libnds9.a(biosCalls.o)
                0x020178d4                swiDelay
 .text.swiCopy  0x020178d8        0x4 C:/devkitPro/libnds/lib\libnds9.a(biosCalls.o)
                0x020178d8                swiCopy
 .text.swiSoftReset
                0x020178dc       0x2c C:/devkitPro/libnds/lib\libnds9.a(swiSoftReset.o)
                0x020178dc                swiSoftReset
 .text.checkIfText
                0x02017908       0x5c C:/devkitPro/libnds/lib\libnds9.a(background.o)
                0x02017908                checkIfText
 .text.bgUpdate
                0x02017964       0xf4 C:/devkitPro/libnds/lib\libnds9.a(background.o)
                0x02017964                bgUpdate
 .text.bgInit_call
                0x02017a58       0xc4 C:/devkitPro/libnds/lib\libnds9.a(background.o)
                0x02017a58                bgInit_call
 .text.bgInitSub_call
                0x02017b1c       0xcc C:/devkitPro/libnds/lib\libnds9.a(background.o)
                0x02017b1c                bgInitSub_call
 .text.systemValueHandler
                0x02017be8       0x48 C:/devkitPro/libnds/lib\libnds9.a(system.o)
                0x02017be8                systemValueHandler
 .text.systemMsgHandler
                0x02017c30       0x60 C:/devkitPro/libnds/lib\libnds9.a(system.o)
                0x02017c30                systemMsgHandler
 .text.powerOn  0x02017c90       0x2c C:/devkitPro/libnds/lib\libnds9.a(system.o)
                0x02017c90                powerOn
 .text.__muldi3
                0x02017cbc       0x18 C:/devkitPro/devkitARM/bin/../lib/gcc/arm-none-eabi/13.2.0\libgcc.a(_muldi3.o)
                0x02017cbc                __muldi3
                0x02017cbc                __aeabi_lmul
 .text.__udivmoddi4
                0x02017cd4      0x128 C:/devkitPro/devkitARM/bin/../lib/gcc/arm-none-eabi/13.2.0\libgcc.a(_udivmoddi4.o)
                0x02017cd4                __udivmoddi4
 .text.towlower
                0x02017dfc       0x14 C:/devkitPro/devkitARM/bin/../lib/gcc/arm-none-eabi/13.2.0/../../../../arm-none-eabi/lib\libg.a(libc_a-towlower.o)
                0x02017dfc                towlower
 .text._mbrtowc_r
                0x02017e10       0xc0 C:/devkitPro/devkitARM/bin/../lib/gcc/arm-none-eabi/13.2.0/../../../../arm-none-eabi/lib\libg.a(libc_a-mbrtowc.o)
                0x02017e10                _mbrtowc_r
 .text.mbrtowc  0x02017ed0       0xc4 C:/devkitPro/devkitARM/bin/../lib/gcc/arm-none-eabi/13.2.0/../../../../arm-none-eabi/lib\libg.a(libc_a-mbrtowc.o)
                0x02017ed0                mbrtowc
 .text._wcrtomb_r
                0x02017f94       0xac C:/devkitPro/devkitARM/bin/../lib/gcc/arm-none-eabi/13.2.0/../../../../arm-none-eabi/lib\libg.a(libc_a-wcrtomb.o)
                0x02017f94                _wcrtomb_r
 .text.wcrtomb  0x02018040       0xb4 C:/devkitPro/devkitARM/bin/../lib/gcc/arm-none-eabi/13.2.0/../../../../arm-none-eabi/lib\libg.a(libc_a-wcrtomb.o)
                0x02018040                wcrtomb
 .text.towupper
                0x020180f4       0x14 C:/devkitPro/devkitARM/bin/../lib/gcc/arm-none-eabi/13.2.0/../../../../arm-none-eabi/lib\libg.a(libc_a-towupper.o)
                0x020180f4                towupper
 .text.printf   0x02018108       0x34 C:/devkitPro/devkitARM/bin/../lib/gcc/arm-none-eabi/13.2.0/../../../../arm-none-eabi/lib\libg.a(libc_a-printf.o)
                0x02018108                printf
 .text.mbsrtowcs
                0x0201813c       0x3c C:/devkitPro/devkitARM/bin/../lib/gcc/arm-none-eabi/13.2.0/../../../../arm-none-eabi/lib\libg.a(libc_a-mbsrtowcs.o)
                0x0201813c                mbsrtowcs
 .text.wctob    0x02018178       0x88 C:/devkitPro/devkitARM/bin/../lib/gcc/arm-none-eabi/13.2.0/../../../../arm-none-eabi/lib\libg.a(libc_a-wctob.o)
                0x02018178                wctob
 .text.rewind   0x02018200       0x30 C:/devkitPro/devkitARM/bin/../lib/gcc/arm-none-eabi/13.2.0/../../../../arm-none-eabi/lib\libg.a(libc_a-rewind.o)
                0x02018200                rewind
 .text.putchar  0x02018230       0x20 C:/devkitPro/devkitARM/bin/../lib/gcc/arm-none-eabi/13.2.0/../../../../arm-none-eabi/lib\libg.a(libc_a-putchar.o)
                0x02018230                putchar
 .text.towctrans
                0x02018250       0x48 C:/devkitPro/devkitARM/bin/../lib/gcc/arm-none-eabi/13.2.0/../../../../arm-none-eabi/lib\libg.a(libc_a-towctrans.o)
                0x02018250                towctrans
 .text._puts_r  0x02018298       0xe4 C:/devkitPro/devkitARM/bin/../lib/gcc/arm-none-eabi/13.2.0/../../../../arm-none-eabi/lib\libg.a(libc_a-puts.o)
                0x02018298                _puts_r
 .text.puts     0x0201837c       0x18 C:/devkitPro/devkitARM/bin/../lib/gcc/arm-none-eabi/13.2.0/../../../../arm-none-eabi/lib\libg.a(libc_a-puts.o)
                0x0201837c                puts
 .text.bsearch  0x02018394       0x80 C:/devkitPro/devkitARM/bin/../lib/gcc/arm-none-eabi/13.2.0/../../../../arm-none-eabi/lib\libg.a(libc_a-bsearch.o)
                0x02018394                bsearch
 .text.siscanf  0x02018414       0x74 C:/devkitPro/devkitARM/bin/../lib/gcc/arm-none-eabi/13.2.0/../../../../arm-none-eabi/lib\libg.a(libc_a-siscanf.o)
                0x02018414                siscanf
 .text.calloc   0x02018488       0x24 C:/devkitPro/devkitARM/bin/../lib/gcc/arm-none-eabi/13.2.0/../../../../arm-none-eabi/lib\libg.a(libc_a-calloc.o)
                0x02018488                calloc
 .text._calloc_r
                0x020184ac       0xd0 C:/devkitPro/devkitARM/bin/../lib/gcc/arm-none-eabi/13.2.0/../../../../arm-none-eabi/lib\libg.a(libc_a-callocr.o)
                0x020184ac                _calloc_r
 .text.setvbuf  0x0201857c      0x25c C:/devkitPro/devkitARM/bin/../lib/gcc/arm-none-eabi/13.2.0/../../../../arm-none-eabi/lib\libg.a(libc_a-setvbuf.o)
                0x0201857c                setvbuf
 .text.__call_exitprocs
                0x020187d8       0x10 C:/devkitPro/devkitARM/bin/../lib/gcc/arm-none-eabi/13.2.0/../../../../arm-none-eabi/lib\libg.a(libc_a-exit.o)
                0x020187d8                __call_exitprocs
 .text.exit     0x020187e8       0x30 C:/devkitPro/devkitARM/bin/../lib/gcc/arm-none-eabi/13.2.0/../../../../arm-none-eabi/lib\libg.a(libc_a-exit.o)
                0x020187e8                exit
 .text.get_arg  0x02018818       0x54 C:/devkitPro/devkitARM/bin/../lib/gcc/arm-none-eabi/13.2.0/../../../../arm-none-eabi/lib\libg.a(libc_a-svfiscanf.o)
 .text._sungetc_r
                0x0201886c       0xe4 C:/devkitPro/devkitARM/bin/../lib/gcc/arm-none-eabi/13.2.0/../../../../arm-none-eabi/lib\libg.a(libc_a-svfiscanf.o)
                0x0201886c                _sungetc_r
 .text.__ssrefill_r
                0x02018950       0x68 C:/devkitPro/devkitARM/bin/../lib/gcc/arm-none-eabi/13.2.0/../../../../arm-none-eabi/lib\libg.a(libc_a-svfiscanf.o)
                0x02018950                __ssrefill_r
 .text._sfread_r
                0x020189b8       0xc8 C:/devkitPro/devkitARM/bin/../lib/gcc/arm-none-eabi/13.2.0/../../../../arm-none-eabi/lib\libg.a(libc_a-svfiscanf.o)
                0x020189b8                _sfread_r
 .text.__ssvfiscanf_r
                0x02018a80     0x22dc C:/devkitPro/devkitARM/bin/../lib/gcc/arm-none-eabi/13.2.0/../../../../arm-none-eabi/lib\libg.a(libc_a-svfiscanf.o)
                0x02018a80                __ssvfiscanf_r
 .text._malloc_trim_r
                0x0201ad5c      0x100 C:/devkitPro/devkitARM/bin/../lib/gcc/arm-none-eabi/13.2.0/../../../../arm-none-eabi/lib\libg.a(libc_a-freer.o)
                0x0201ad5c                _malloc_trim_r
 .text._free_r  0x0201ae5c      0x2e8 C:/devkitPro/devkitARM/bin/../lib/gcc/arm-none-eabi/13.2.0/../../../../arm-none-eabi/lib\libg.a(libc_a-freer.o)
                0x0201ae5c                _free_r
 .text.iprintf  0x0201b144       0x34 C:/devkitPro/devkitARM/bin/../lib/gcc/arm-none-eabi/13.2.0/../../../../arm-none-eabi/lib\libg.a(libc_a-iprintf.o)
                0x0201b144                iprintf
 .text.strchr   0x0201b178      0x13c C:/devkitPro/devkitARM/bin/../lib/gcc/arm-none-eabi/13.2.0/../../../../arm-none-eabi/lib\libg.a(libc_a-strchr.o)
                0x0201b178                strchr
 .text.memcmp   0x0201b2b4       0xe0 C:/devkitPro/devkitARM/bin/../lib/gcc/arm-none-eabi/13.2.0/../../../../arm-none-eabi/lib\libg.a(libc_a-memcmp.o)
                0x0201b2b4                memcmp
 .text._fclose_r
                0x0201b394      0x150 C:/devkitPro/devkitARM/bin/../lib/gcc/arm-none-eabi/13.2.0/../../../../arm-none-eabi/lib\libg.a(libc_a-fclose.o)
                0x0201b394                _fclose_r
 .text.fclose   0x0201b4e4       0x18 C:/devkitPro/devkitARM/bin/../lib/gcc/arm-none-eabi/13.2.0/../../../../arm-none-eabi/lib\libg.a(libc_a-fclose.o)
                0x0201b4e4                fclose
 .text.malloc   0x0201b4fc       0x1c C:/devkitPro/devkitARM/bin/../lib/gcc/arm-none-eabi/13.2.0/../../../../arm-none-eabi/lib\libg.a(libc_a-malloc.o)
                0x0201b4fc                malloc
 .text.free     0x0201b518       0x1c C:/devkitPro/devkitARM/bin/../lib/gcc/arm-none-eabi/13.2.0/../../../../arm-none-eabi/lib\libg.a(libc_a-malloc.o)
                0x0201b518                free
 .text.viprintf
                0x0201b534       0x28 C:/devkitPro/devkitARM/bin/../lib/gcc/arm-none-eabi/13.2.0/../../../../arm-none-eabi/lib\libg.a(libc_a-viprintf.o)
                0x0201b534                viprintf
 .text._malloc_r
                0x0201b55c      0x7a4 C:/devkitPro/devkitARM/bin/../lib/gcc/arm-none-eabi/13.2.0/../../../../arm-none-eabi/lib\libg.a(libc_a-mallocr.o)
                0x0201b55c                _malloc_r
 .text.memmove  0x0201bd00      0x154 C:/devkitPro/devkitARM/bin/../lib/gcc/arm-none-eabi/13.2.0/../../../../arm-none-eabi/lib\libg.a(libc_a-memmove.o)
                0x0201bd00                memmove
 .text.memset   0x0201be54       0xfc C:/devkitPro/devkitARM/bin/../lib/gcc/arm-none-eabi/13.2.0/../../../../arm-none-eabi/lib\libg.a(libc_a-memset.o)
                0x0201be54                memset
 .text.__malloc_lock
                0x0201bf50       0x18 C:/devkitPro/devkitARM/bin/../lib/gcc/arm-none-eabi/13.2.0/../../../../arm-none-eabi/lib\libg.a(libc_a-mlock.o)
                0x0201bf50                __malloc_lock
 .text.__malloc_unlock
                0x0201bf68       0x18 C:/devkitPro/devkitARM/bin/../lib/gcc/arm-none-eabi/13.2.0/../../../../arm-none-eabi/lib\libg.a(libc_a-mlock.o)
                0x0201bf68                __malloc_unlock
 .text.get_arg  0x0201bf80      0x654 C:/devkitPro/devkitARM/bin/../lib/gcc/arm-none-eabi/13.2.0/../../../../arm-none-eabi/lib\libg.a(libc_a-vfprintf.o)
 .text._vfprintf_r
                0x0201c5d4     0x35f8 C:/devkitPro/devkitARM/bin/../lib/gcc/arm-none-eabi/13.2.0/../../../../arm-none-eabi/lib\libg.a(libc_a-vfprintf.o)
                0x0201c5d4                _vfprintf_r
 .text.__sbprintf
                0x0201fbcc       0xbc C:/devkitPro/devkitARM/bin/../lib/gcc/arm-none-eabi/13.2.0/../../../../arm-none-eabi/lib\libg.a(libc_a-vfprintf.o)
 .text.strlen   0x0201fc88       0x94 C:/devkitPro/devkitARM/bin/../lib/gcc/arm-none-eabi/13.2.0/../../../../arm-none-eabi/lib\libg.a(libc_a-strlen.o)
                0x0201fc88                strlen
 .text._fopen_r
                0x0201fd1c      0x138 C:/devkitPro/devkitARM/bin/../lib/gcc/arm-none-eabi/13.2.0/../../../../arm-none-eabi/lib\libg.a(libc_a-fopen.o)
                0x0201fd1c                _fopen_r
 .text.fopen    0x0201fe54       0x20 C:/devkitPro/devkitARM/bin/../lib/gcc/arm-none-eabi/13.2.0/../../../../arm-none-eabi/lib\libg.a(libc_a-fopen.o)
                0x0201fe54                fopen
 .text.__sflush_r
                0x0201fe74      0x248 C:/devkitPro/devkitARM/bin/../lib/gcc/arm-none-eabi/13.2.0/../../../../arm-none-eabi/lib\libg.a(libc_a-fflush.o)
                0x0201fe74                __sflush_r
 .text._fflush_r
                0x020200bc       0x9c C:/devkitPro/devkitARM/bin/../lib/gcc/arm-none-eabi/13.2.0/../../../../arm-none-eabi/lib\libg.a(libc_a-fflush.o)
                0x020200bc                _fflush_r
 .text.strpbrk  0x02020158       0x7c C:/devkitPro/devkitARM/bin/../lib/gcc/arm-none-eabi/13.2.0/../../../../arm-none-eabi/lib\libg.a(libc_a-strpbrk.o)
                0x02020158                strpbrk
 .text.strdup   0x020201d4       0x1c C:/devkitPro/devkitARM/bin/../lib/gcc/arm-none-eabi/13.2.0/../../../../arm-none-eabi/lib\libg.a(libc_a-strdup.o)
                0x020201d4                strdup
 .text.strcasecmp
                0x020201f0       0x70 C:/devkitPro/devkitARM/bin/../lib/gcc/arm-none-eabi/13.2.0/../../../../arm-none-eabi/lib\libg.a(libc_a-strcasecmp.o)
                0x020201f0                strcasecmp
 .text.strrchr  0x02020260       0x58 C:/devkitPro/devkitARM/bin/../lib/gcc/arm-none-eabi/13.2.0/../../../../arm-none-eabi/lib\libg.a(libc_a-strrchr.o)
                0x02020260                strrchr
 .text.strncasecmp
                0x020202b8       0x8c C:/devkitPro/devkitARM/bin/../lib/gcc/arm-none-eabi/13.2.0/../../../../arm-none-eabi/lib\libg.a(libc_a-strncasecmp.o)
                0x020202b8                strncasecmp
 .text._strdup_r
                0x02020344       0x44 C:/devkitPro/devkitARM/bin/../lib/gcc/arm-none-eabi/13.2.0/../../../../arm-none-eabi/lib\libg.a(libc_a-strdup_r.o)
                0x02020344                _strdup_r
 .text.ftell    0x02020388       0x30 C:/devkitPro/devkitARM/bin/../lib/gcc/arm-none-eabi/13.2.0/../../../../arm-none-eabi/lib\libg.a(libc_a-ftell.o)
                0x02020388                ftell
 .text.__sfvwrite_r
                0x020203b8      0x4c8 C:/devkitPro/devkitARM/bin/../lib/gcc/arm-none-eabi/13.2.0/../../../../arm-none-eabi/lib\libg.a(libc_a-fvwrite.o)
                0x020203b8                __sfvwrite_r
 .text.strncmp  0x02020880       0xec C:/devkitPro/devkitARM/bin/../lib/gcc/arm-none-eabi/13.2.0/../../../../arm-none-eabi/lib\libg.a(libc_a-strncmp.o)
                0x02020880                strncmp
 .text._fwalk_sglue
                0x0202096c       0x78 C:/devkitPro/devkitARM/bin/../lib/gcc/arm-none-eabi/13.2.0/../../../../arm-none-eabi/lib\libg.a(libc_a-fwalk.o)
                0x0202096c                _fwalk_sglue
 .text._fread_r
                0x020209e4      0x33c C:/devkitPro/devkitARM/bin/../lib/gcc/arm-none-eabi/13.2.0/../../../../arm-none-eabi/lib\libg.a(libc_a-fread.o)
                0x020209e4                _fread_r
 .text.fread    0x02020d20       0x3c C:/devkitPro/devkitARM/bin/../lib/gcc/arm-none-eabi/13.2.0/../../../../arm-none-eabi/lib\libg.a(libc_a-fread.o)
                0x02020d20                fread
 .text._realloc_r
                0x02020d5c      0x4b8 C:/devkitPro/devkitARM/bin/../lib/gcc/arm-none-eabi/13.2.0/../../../../arm-none-eabi/lib\libg.a(libc_a-reallocr.o)
                0x02020d5c                _realloc_r
 .text.strncpy  0x02021214       0xd0 C:/devkitPro/devkitARM/bin/../lib/gcc/arm-none-eabi/13.2.0/../../../../arm-none-eabi/lib\libg.a(libc_a-strncpy.o)
                0x02021214                strncpy
 .text.stdio_exit_handler
                0x020212e4       0x28 C:/devkitPro/devkitARM/bin/../lib/gcc/arm-none-eabi/13.2.0/../../../../arm-none-eabi/lib\libg.a(libc_a-findfp.o)
 .text.cleanup_stdio
                0x0202130c       0x54 C:/devkitPro/devkitARM/bin/../lib/gcc/arm-none-eabi/13.2.0/../../../../arm-none-eabi/lib\libg.a(libc_a-findfp.o)
 .text.global_stdio_init.part.0
                0x02021360      0x158 C:/devkitPro/devkitARM/bin/../lib/gcc/arm-none-eabi/13.2.0/../../../../arm-none-eabi/lib\libg.a(libc_a-findfp.o)
 .text.__sfp    0x020214b8      0x138 C:/devkitPro/devkitARM/bin/../lib/gcc/arm-none-eabi/13.2.0/../../../../arm-none-eabi/lib\libg.a(libc_a-findfp.o)
                0x020214b8                __sfp
 .text.__sinit  0x020215f0       0x64 C:/devkitPro/devkitARM/bin/../lib/gcc/arm-none-eabi/13.2.0/../../../../arm-none-eabi/lib\libg.a(libc_a-findfp.o)
                0x020215f0                __sinit
 .text.__sfp_lock_acquire
                0x02021654       0x18 C:/devkitPro/devkitARM/bin/../lib/gcc/arm-none-eabi/13.2.0/../../../../arm-none-eabi/lib\libg.a(libc_a-findfp.o)
                0x02021654                __sfp_lock_acquire
 .text.__sfp_lock_release
                0x0202166c       0x18 C:/devkitPro/devkitARM/bin/../lib/gcc/arm-none-eabi/13.2.0/../../../../arm-none-eabi/lib\libg.a(libc_a-findfp.o)
                0x0202166c                __sfp_lock_release
 .text.localtime_r
                0x02021684      0x374 C:/devkitPro/devkitARM/bin/../lib/gcc/arm-none-eabi/13.2.0/../../../../arm-none-eabi/lib\libg.a(libc_a-lcltime_r.o)
                0x02021684                localtime_r
 .text.strnlen  0x020219f8       0x48 C:/devkitPro/devkitARM/bin/../lib/gcc/arm-none-eabi/13.2.0/../../../../arm-none-eabi/lib\libg.a(libc_a-strnlen.o)
                0x020219f8                strnlen
 .text._tzset_unlocked
                0x02021a40       0x14 C:/devkitPro/devkitARM/bin/../lib/gcc/arm-none-eabi/13.2.0/../../../../arm-none-eabi/lib\libg.a(libc_a-tzset.o)
                0x02021a40                _tzset_unlocked
 .text.validate_structure
                0x02021a54      0x2e0 C:/devkitPro/devkitARM/bin/../lib/gcc/arm-none-eabi/13.2.0/../../../../arm-none-eabi/lib\libg.a(libc_a-mktime.o)
 .text.mktime   0x02021d34      0x4cc C:/devkitPro/devkitARM/bin/../lib/gcc/arm-none-eabi/13.2.0/../../../../arm-none-eabi/lib\libg.a(libc_a-mktime.o)
                0x02021d34                mktime
 .text._fseek_r
                0x02022200       0x20 C:/devkitPro/devkitARM/bin/../lib/gcc/arm-none-eabi/13.2.0/../../../../arm-none-eabi/lib\libg.a(libc_a-fseek.o)
                0x02022200                _fseek_r
 .text.fseek    0x02022220       0x38 C:/devkitPro/devkitARM/bin/../lib/gcc/arm-none-eabi/13.2.0/../../../../arm-none-eabi/lib\libg.a(libc_a-fseek.o)
                0x02022220                fseek
 .text._tzset_unlocked_r
                0x02022258      0x688 C:/devkitPro/devkitARM/bin/../lib/gcc/arm-none-eabi/13.2.0/../../../../arm-none-eabi/lib\libg.a(libc_a-tzset_r.o)
                0x02022258                _tzset_unlocked_r
 .text._strtol_l.part.0
                0x020228e0      0x1b4 C:/devkitPro/devkitARM/bin/../lib/gcc/arm-none-eabi/13.2.0/../../../../arm-none-eabi/lib\libg.a(libc_a-strtol.o)
 .text._strtol_r
                0x02022a94       0x64 C:/devkitPro/devkitARM/bin/../lib/gcc/arm-none-eabi/13.2.0/../../../../arm-none-eabi/lib\libg.a(libc_a-strtol.o)
                0x02022a94                _strtol_r
 .text.realloc  0x02022af8       0x24 C:/devkitPro/devkitARM/bin/../lib/gcc/arm-none-eabi/13.2.0/../../../../arm-none-eabi/lib\libg.a(libc_a-realloc.o)
                0x02022af8                realloc
 .text.__gettzinfo
                0x02022b1c        0xc C:/devkitPro/devkitARM/bin/../lib/gcc/arm-none-eabi/13.2.0/../../../../arm-none-eabi/lib\libg.a(libc_a-gettzinfo.o)
                0x02022b1c                __gettzinfo
 .text._strtoul_l.isra.0
                0x02022b28      0x1dc C:/devkitPro/devkitARM/bin/../lib/gcc/arm-none-eabi/13.2.0/../../../../arm-none-eabi/lib\libg.a(libc_a-strtoul.o)
 .text._strtoul_r
                0x02022d04       0x30 C:/devkitPro/devkitARM/bin/../lib/gcc/arm-none-eabi/13.2.0/../../../../arm-none-eabi/lib\libg.a(libc_a-strtoul.o)
                0x02022d04                _strtoul_r
 .text.strtoul  0x02022d34       0x34 C:/devkitPro/devkitARM/bin/../lib/gcc/arm-none-eabi/13.2.0/../../../../arm-none-eabi/lib\libg.a(libc_a-strtoul.o)
                0x02022d34                strtoul
 .text.__locale_mb_cur_max
                0x02022d68       0x28 C:/devkitPro/devkitARM/bin/../lib/gcc/arm-none-eabi/13.2.0/../../../../arm-none-eabi/lib\libg.a(libc_a-locale.o)
                0x02022d68                __locale_mb_cur_max
 .text.time     0x02022d90       0x50 C:/devkitPro/devkitARM/bin/../lib/gcc/arm-none-eabi/13.2.0/../../../../arm-none-eabi/lib\libg.a(libc_a-time.o)
                0x02022d90                time
 .text._localeconv_r
                0x02022de0       0x28 C:/devkitPro/devkitARM/bin/../lib/gcc/arm-none-eabi/13.2.0/../../../../arm-none-eabi/lib\libg.a(libc_a-localeconv.o)
                0x02022de0                _localeconv_r
 .text.__tzcalc_limits
                0x02022e08      0x254 C:/devkitPro/devkitARM/bin/../lib/gcc/arm-none-eabi/13.2.0/../../../../arm-none-eabi/lib\libg.a(libc_a-tzcalc_limits.o)
                0x02022e08                __tzcalc_limits
 .text.strcpy   0x0202305c       0xf0 C:/devkitPro/devkitARM/bin/../lib/gcc/arm-none-eabi/13.2.0/../../../../arm-none-eabi/lib\libg.a(libc_a-strcpy.o)
                0x0202305c                strcpy
 .text.memchr   0x0202314c       0xf0 C:/devkitPro/devkitARM/bin/../lib/gcc/arm-none-eabi/13.2.0/../../../../arm-none-eabi/lib\libg.a(libc_a-memchr-stub.o)
                0x0202314c                memchr
 .text.__utf8_wctomb
                0x0202323c       0xf4 C:/devkitPro/devkitARM/bin/../lib/gcc/arm-none-eabi/13.2.0/../../../../arm-none-eabi/lib\libg.a(libc_a-wctomb_r.o)
                0x0202323c                __utf8_wctomb
 .text.memcpy   0x02023330      0x114 C:/devkitPro/devkitARM/bin/../lib/gcc/arm-none-eabi/13.2.0/../../../../arm-none-eabi/lib\libg.a(libc_a-memcpy-stub.o)
                0x02023330                memcpy
 .text.stpcpy   0x02023444       0x74 C:/devkitPro/devkitARM/bin/../lib/gcc/arm-none-eabi/13.2.0/../../../../arm-none-eabi/lib\libg.a(libc_a-stpcpy.o)
                0x02023444                stpcpy
 .text.__libc_init_array
                0x020234b8       0x90 C:/devkitPro/devkitARM/bin/../lib/gcc/arm-none-eabi/13.2.0/../../../../arm-none-eabi/lib\libg.a(libc_a-init.o)
                0x020234b8                __libc_init_array
 .text.__libc_fini_array
                0x02023548       0x44 C:/devkitPro/devkitARM/bin/../lib/gcc/arm-none-eabi/13.2.0/../../../../arm-none-eabi/lib\libg.a(libc_a-fini.o)
                0x02023548                __libc_fini_array
 .text.__errno  0x0202358c       0x10 C:/devkitPro/devkitARM/bin/../lib/gcc/arm-none-eabi/13.2.0/../../../../arm-none-eabi/lib\libg.a(libc_a-errno.o)
                0x0202358c                __errno
 .text.lseek    0x0202359c       0x3c C:/devkitPro/devkitARM/bin/../lib/gcc/arm-none-eabi/13.2.0/../../../../arm-none-eabi/lib\libg.a(libc_a-syslseek.o)
                0x0202359c                lseek
 .text.open     0x020235d8       0x40 C:/devkitPro/devkitARM/bin/../lib/gcc/arm-none-eabi/13.2.0/../../../../arm-none-eabi/lib\libg.a(libc_a-sysopen.o)
                0x020235d8                open
 .text.read     0x02023618       0x2c C:/devkitPro/devkitARM/bin/../lib/gcc/arm-none-eabi/13.2.0/../../../../arm-none-eabi/lib\libg.a(libc_a-sysread.o)
                0x02023618                read
 .text.frexp    0x02023644       0xa4 C:/devkitPro/devkitARM/bin/../lib/gcc/arm-none-eabi/13.2.0/../../../../arm-none-eabi/lib\libg.a(libm_a-s_frexp.o)
                0x02023644                frexp
 .text._strtoll_l.isra.0
                0x020236e8      0x23c C:/devkitPro/devkitARM/bin/../lib/gcc/arm-none-eabi/13.2.0/../../../../arm-none-eabi/lib\libg.a(libc_a-strtoll.o)
 .text._strtoll_r
                0x02023924       0x30 C:/devkitPro/devkitARM/bin/../lib/gcc/arm-none-eabi/13.2.0/../../../../arm-none-eabi/lib\libg.a(libc_a-strtoll.o)
                0x02023924                _strtoll_r
 .text._strtoull_l.isra.0
                0x02023954      0x260 C:/devkitPro/devkitARM/bin/../lib/gcc/arm-none-eabi/13.2.0/../../../../arm-none-eabi/lib\libg.a(libc_a-strtoull.o)
 .text._strtoull_r
                0x02023bb4       0x30 C:/devkitPro/devkitARM/bin/../lib/gcc/arm-none-eabi/13.2.0/../../../../arm-none-eabi/lib\libg.a(libc_a-strtoull.o)
                0x02023bb4                _strtoull_r
 .text.towctrans_l
                0x02023be4      0x244 C:/devkitPro/devkitARM/bin/../lib/gcc/arm-none-eabi/13.2.0/../../../../arm-none-eabi/lib\libg.a(libc_a-towctrans_l.o)
                0x02023be4                towctrans_l
 .text.iswspace
                0x02023e28       0x14 C:/devkitPro/devkitARM/bin/../lib/gcc/arm-none-eabi/13.2.0/../../../../arm-none-eabi/lib\libg.a(libc_a-iswspace.o)
                0x02023e28                iswspace
 .text.__smakebuf_r
                0x02023e3c      0x138 C:/devkitPro/devkitARM/bin/../lib/gcc/arm-none-eabi/13.2.0/../../../../arm-none-eabi/lib\libg.a(libc_a-makebuf.o)
                0x02023e3c                __smakebuf_r
 .text.__swhatbuf_r
                0x02023f74       0x80 C:/devkitPro/devkitARM/bin/../lib/gcc/arm-none-eabi/13.2.0/../../../../arm-none-eabi/lib\libg.a(libc_a-makebuf.o)
                0x02023f74                __swhatbuf_r
 .text.iswspace_l
                0x02023ff4       0x40 C:/devkitPro/devkitARM/bin/../lib/gcc/arm-none-eabi/13.2.0/../../../../arm-none-eabi/lib\libg.a(libc_a-iswspace_l.o)
                0x02023ff4                iswspace_l
 .text._mbsnrtowcs_r
                0x02024034      0x104 C:/devkitPro/devkitARM/bin/../lib/gcc/arm-none-eabi/13.2.0/../../../../arm-none-eabi/lib\libg.a(libc_a-mbsnrtowcs.o)
                0x02024034                _mbsnrtowcs_r
 .text._wcsrtombs_r
                0x02024138       0x2c C:/devkitPro/devkitARM/bin/../lib/gcc/arm-none-eabi/13.2.0/../../../../arm-none-eabi/lib\libg.a(libc_a-wcsrtombs.o)
                0x02024138                _wcsrtombs_r
 .text._putc_r  0x02024164       0xe4 C:/devkitPro/devkitARM/bin/../lib/gcc/arm-none-eabi/13.2.0/../../../../arm-none-eabi/lib\libg.a(libc_a-putc.o)
                0x02024164                _putc_r
 .text.__sccl   0x02024248       0xe4 C:/devkitPro/devkitARM/bin/../lib/gcc/arm-none-eabi/13.2.0/../../../../arm-none-eabi/lib\libg.a(libc_a-sccl.o)
                0x02024248                __sccl
 .text.lflush   0x0202432c       0x3c C:/devkitPro/devkitARM/bin/../lib/gcc/arm-none-eabi/13.2.0/../../../../arm-none-eabi/lib\libg.a(libc_a-refill.o)
 .text.__srefill_r
                0x02024368      0x19c C:/devkitPro/devkitARM/bin/../lib/gcc/arm-none-eabi/13.2.0/../../../../arm-none-eabi/lib\libg.a(libc_a-refill.o)
                0x02024368                __srefill_r
 .text.__submore
                0x02024504       0xa8 C:/devkitPro/devkitARM/bin/../lib/gcc/arm-none-eabi/13.2.0/../../../../arm-none-eabi/lib\libg.a(libc_a-ungetc.o)
                0x02024504                __submore
 .text.__sread  0x020245ac       0x4c C:/devkitPro/devkitARM/bin/../lib/gcc/arm-none-eabi/13.2.0/../../../../arm-none-eabi/lib\libg.a(libc_a-stdio.o)
                0x020245ac                __sread
 .text.__seofread
                0x020245f8        0x8 C:/devkitPro/devkitARM/bin/../lib/gcc/arm-none-eabi/13.2.0/../../../../arm-none-eabi/lib\libg.a(libc_a-stdio.o)
                0x020245f8                __seofread
 .text.__swrite
                0x02024600       0x6c C:/devkitPro/devkitARM/bin/../lib/gcc/arm-none-eabi/13.2.0/../../../../arm-none-eabi/lib\libg.a(libc_a-stdio.o)
                0x02024600                __swrite
 .text.__sseek  0x0202466c       0x48 C:/devkitPro/devkitARM/bin/../lib/gcc/arm-none-eabi/13.2.0/../../../../arm-none-eabi/lib\libg.a(libc_a-stdio.o)
                0x0202466c                __sseek
 .text.__sclose
                0x020246b4       0x14 C:/devkitPro/devkitARM/bin/../lib/gcc/arm-none-eabi/13.2.0/../../../../arm-none-eabi/lib\libg.a(libc_a-stdio.o)
                0x020246b4                __sclose
 .text.category
                0x020246c8       0x98 C:/devkitPro/devkitARM/bin/../lib/gcc/arm-none-eabi/13.2.0/../../../../arm-none-eabi/lib\libg.a(libc_a-categories.o)
                0x020246c8                category
 .text.get_arg  0x02024760      0x654 C:/devkitPro/devkitARM/bin/../lib/gcc/arm-none-eabi/13.2.0/../../../../arm-none-eabi/lib\libg.a(libc_a-vfiprintf.o)
 .text.__sprint_r
                0x02024db4       0x34 C:/devkitPro/devkitARM/bin/../lib/gcc/arm-none-eabi/13.2.0/../../../../arm-none-eabi/lib\libg.a(libc_a-vfiprintf.o)
                0x02024db4                __sprint_r
 .text._vfiprintf_r
                0x02024de8     0x2334 C:/devkitPro/devkitARM/bin/../lib/gcc/arm-none-eabi/13.2.0/../../../../arm-none-eabi/lib\libg.a(libc_a-vfiprintf.o)
                0x02024de8                _vfiprintf_r
 .text.__sbprintf
                0x0202711c       0xbc C:/devkitPro/devkitARM/bin/../lib/gcc/arm-none-eabi/13.2.0/../../../../arm-none-eabi/lib\libg.a(libc_a-vfiprintf.o)
 .text.__swbuf_r
                0x020271d8      0x110 C:/devkitPro/devkitARM/bin/../lib/gcc/arm-none-eabi/13.2.0/../../../../arm-none-eabi/lib\libg.a(libc_a-wbuf.o)
                0x020271d8                __swbuf_r
 .text.div      0x020272e8       0x2c C:/devkitPro/devkitARM/bin/../lib/gcc/arm-none-eabi/13.2.0/../../../../arm-none-eabi/lib\libg.a(libc_a-div.o)
                0x020272e8                div
 .text.__swsetup_r
                0x02027314      0x144 C:/devkitPro/devkitARM/bin/../lib/gcc/arm-none-eabi/13.2.0/../../../../arm-none-eabi/lib\libg.a(libc_a-wsetup.o)
                0x02027314                __swsetup_r
 .text.quorem   0x02027458      0x1d8 C:/devkitPro/devkitARM/bin/../lib/gcc/arm-none-eabi/13.2.0/../../../../arm-none-eabi/lib\libg.a(libc_a-dtoa.o)
 .text._dtoa_r  0x02027630     0x16cc C:/devkitPro/devkitARM/bin/../lib/gcc/arm-none-eabi/13.2.0/../../../../arm-none-eabi/lib\libg.a(libc_a-dtoa.o)
                0x02027630                _dtoa_r
 .text._fseeko_r
                0x02028cfc      0x5a4 C:/devkitPro/devkitARM/bin/../lib/gcc/arm-none-eabi/13.2.0/../../../../arm-none-eabi/lib\libg.a(libc_a-fseeko.o)
                0x02028cfc                _fseeko_r
 .text._findenv_r
                0x020292a0       0xd0 C:/devkitPro/devkitARM/bin/../lib/gcc/arm-none-eabi/13.2.0/../../../../arm-none-eabi/lib\libg.a(libc_a-getenv_r.o)
                0x020292a0                _findenv_r
 .text._getenv_r
                0x02029370       0x1c C:/devkitPro/devkitARM/bin/../lib/gcc/arm-none-eabi/13.2.0/../../../../arm-none-eabi/lib\libg.a(libc_a-getenv_r.o)
                0x02029370                _getenv_r
 .text._ftello_r
                0x0202938c      0x1c0 C:/devkitPro/devkitARM/bin/../lib/gcc/arm-none-eabi/13.2.0/../../../../arm-none-eabi/lib\libg.a(libc_a-ftello.o)
                0x0202938c                _ftello_r
 .text.__sflags
                0x0202954c       0xbc C:/devkitPro/devkitARM/bin/../lib/gcc/arm-none-eabi/13.2.0/../../../../arm-none-eabi/lib\libg.a(libc_a-flags.o)
                0x0202954c                __sflags
 .text._Balloc  0x02029608       0x8c C:/devkitPro/devkitARM/bin/../lib/gcc/arm-none-eabi/13.2.0/../../../../arm-none-eabi/lib\libg.a(libc_a-mprec.o)
                0x02029608                _Balloc
 .text._Bfree   0x02029694       0x1c C:/devkitPro/devkitARM/bin/../lib/gcc/arm-none-eabi/13.2.0/../../../../arm-none-eabi/lib\libg.a(libc_a-mprec.o)
                0x02029694                _Bfree
 .text.__multadd
                0x020296b0      0x100 C:/devkitPro/devkitARM/bin/../lib/gcc/arm-none-eabi/13.2.0/../../../../arm-none-eabi/lib\libg.a(libc_a-mprec.o)
                0x020296b0                __multadd
 .text.__hi0bits
                0x020297b0       0x60 C:/devkitPro/devkitARM/bin/../lib/gcc/arm-none-eabi/13.2.0/../../../../arm-none-eabi/lib\libg.a(libc_a-mprec.o)
                0x020297b0                __hi0bits
 .text.__lo0bits
                0x02029810       0xa0 C:/devkitPro/devkitARM/bin/../lib/gcc/arm-none-eabi/13.2.0/../../../../arm-none-eabi/lib\libg.a(libc_a-mprec.o)
                0x02029810                __lo0bits
 .text.__i2b    0x020298b0       0xac C:/devkitPro/devkitARM/bin/../lib/gcc/arm-none-eabi/13.2.0/../../../../arm-none-eabi/lib\libg.a(libc_a-mprec.o)
                0x020298b0                __i2b
 .text.__multiply
                0x0202995c      0x218 C:/devkitPro/devkitARM/bin/../lib/gcc/arm-none-eabi/13.2.0/../../../../arm-none-eabi/lib\libg.a(libc_a-mprec.o)
                0x0202995c                __multiply
 .text.__pow5mult
                0x02029b74      0x12c C:/devkitPro/devkitARM/bin/../lib/gcc/arm-none-eabi/13.2.0/../../../../arm-none-eabi/lib\libg.a(libc_a-mprec.o)
                0x02029b74                __pow5mult
 .text.__lshift
                0x02029ca0      0x144 C:/devkitPro/devkitARM/bin/../lib/gcc/arm-none-eabi/13.2.0/../../../../arm-none-eabi/lib\libg.a(libc_a-mprec.o)
                0x02029ca0                __lshift
 .text.__mcmp   0x02029de4       0x54 C:/devkitPro/devkitARM/bin/../lib/gcc/arm-none-eabi/13.2.0/../../../../arm-none-eabi/lib\libg.a(libc_a-mprec.o)
                0x02029de4                __mcmp
 .text.__mdiff  0x02029e38      0x214 C:/devkitPro/devkitARM/bin/../lib/gcc/arm-none-eabi/13.2.0/../../../../arm-none-eabi/lib\libg.a(libc_a-mprec.o)
                0x02029e38                __mdiff
 .text.__d2b    0x0202a04c      0x128 C:/devkitPro/devkitARM/bin/../lib/gcc/arm-none-eabi/13.2.0/../../../../arm-none-eabi/lib\libg.a(libc_a-mprec.o)
                0x0202a04c                __d2b
 .text.gmtime_r
                0x0202a174      0x26c C:/devkitPro/devkitARM/bin/../lib/gcc/arm-none-eabi/13.2.0/../../../../arm-none-eabi/lib\libg.a(libc_a-gmtime_r.o)
                0x0202a174                gmtime_r
 .text.__tz_lock
                0x0202a3e0       0x18 C:/devkitPro/devkitARM/bin/../lib/gcc/arm-none-eabi/13.2.0/../../../../arm-none-eabi/lib\libg.a(libc_a-tzlock.o)
                0x0202a3e0                __tz_lock
 .text.__tz_unlock
                0x0202a3f8       0x18 C:/devkitPro/devkitARM/bin/../lib/gcc/arm-none-eabi/13.2.0/../../../../arm-none-eabi/lib\libg.a(libc_a-tzlock.o)
                0x0202a3f8                __tz_unlock
 .text.__utf8_mbtowc
                0x0202a410      0x308 C:/devkitPro/devkitARM/bin/../lib/gcc/arm-none-eabi/13.2.0/../../../../arm-none-eabi/lib\libg.a(libc_a-mbtowc_r.o)
                0x0202a410                __utf8_mbtowc
 .text._wcsnrtombs_l
                0x0202a718      0x198 C:/devkitPro/devkitARM/bin/../lib/gcc/arm-none-eabi/13.2.0/../../../../arm-none-eabi/lib\libg.a(libc_a-wcsnrtombs.o)
                0x0202a718                _wcsnrtombs_l
 .text._wcsnrtombs_r
                0x0202a8b0       0x68 C:/devkitPro/devkitARM/bin/../lib/gcc/arm-none-eabi/13.2.0/../../../../arm-none-eabi/lib\libg.a(libc_a-wcsnrtombs.o)
                0x0202a8b0                _wcsnrtombs_r
 .text.__env_lock
                0x0202a918       0x18 C:/devkitPro/devkitARM/bin/../lib/gcc/arm-none-eabi/13.2.0/../../../../arm-none-eabi/lib\libg.a(libc_a-envlock.o)
                0x0202a918                __env_lock
 .text.__env_unlock
                0x0202a930       0x18 C:/devkitPro/devkitARM/bin/../lib/gcc/arm-none-eabi/13.2.0/../../../../arm-none-eabi/lib\libg.a(libc_a-envlock.o)
                0x0202a930                __env_unlock
 .text.__assert_func
                0x0202a948       0x5c C:/devkitPro/devkitARM/bin/../lib/gcc/arm-none-eabi/13.2.0/../../../../arm-none-eabi/lib\libg.a(libc_a-assert.o)
                0x0202a948                __assert_func
 .text.fiprintf
                0x0202a9a4       0x3c C:/devkitPro/devkitARM/bin/../lib/gcc/arm-none-eabi/13.2.0/../../../../arm-none-eabi/lib\libg.a(libc_a-fiprintf.o)
                0x0202a9a4                fiprintf
 .text.abort    0x0202a9e0       0x14 C:/devkitPro/devkitARM/bin/../lib/gcc/arm-none-eabi/13.2.0/../../../../arm-none-eabi/lib\libg.a(libc_a-abort.o)
                0x0202a9e0                abort
 .text._raise_r
                0x0202a9f4       0x94 C:/devkitPro/devkitARM/bin/../lib/gcc/arm-none-eabi/13.2.0/../../../../arm-none-eabi/lib\libg.a(libc_a-signal.o)
                0x0202a9f4                _raise_r
 .text.raise    0x0202aa88       0x18 C:/devkitPro/devkitARM/bin/../lib/gcc/arm-none-eabi/13.2.0/../../../../arm-none-eabi/lib\libg.a(libc_a-signal.o)
                0x0202aa88                raise
 .text._exit    0x0202aaa0       0x20 C:/devkitPro/devkitARM/bin/../lib/gcc/arm-none-eabi/13.2.0/../../../../arm-none-eabi/lib\libsysbase.a(libsysbase_libsysbase_a-_exit.o)
                0x0202aaa0                _exit
 .text.build_argv
                0x0202aac0       0x90 C:/devkitPro/devkitARM/bin/../lib/gcc/arm-none-eabi/13.2.0/../../../../arm-none-eabi/lib\libsysbase.a(libsysbase_libsysbase_a-build_argv.o)
                0x0202aac0                build_argv
 .text.chdir    0x0202ab50      0x144 C:/devkitPro/devkitARM/bin/../lib/gcc/arm-none-eabi/13.2.0/../../../../arm-none-eabi/lib\libsysbase.a(libsysbase_libsysbase_a-chdir.o)
                0x0202ab50                chdir
 .text.getcwd   0x0202ac94       0x8c C:/devkitPro/devkitARM/bin/../lib/gcc/arm-none-eabi/13.2.0/../../../../arm-none-eabi/lib\libsysbase.a(libsysbase_libsysbase_a-chdir.o)
                0x0202ac94                getcwd
 .text._concatenate_path
                0x0202ad20      0x1d4 C:/devkitPro/devkitARM/bin/../lib/gcc/arm-none-eabi/13.2.0/../../../../arm-none-eabi/lib\libsysbase.a(libsysbase_libsysbase_a-concatenate.o)
                0x0202ad20                _concatenate_path
 .text._fstat_r
                0x0202aef4       0x7c C:/devkitPro/devkitARM/bin/../lib/gcc/arm-none-eabi/13.2.0/../../../../arm-none-eabi/lib\libsysbase.a(libsysbase_libsysbase_a-fstat.o)
                0x0202aef4                _fstat_r
 .text._getpid_r
                0x0202af70       0x14 C:/devkitPro/devkitARM/bin/../lib/gcc/arm-none-eabi/13.2.0/../../../../arm-none-eabi/lib\libsysbase.a(libsysbase_libsysbase_a-getpid.o)
                0x0202af70                _getpid_r
 .text.__getreent
                0x0202af84       0x30 C:/devkitPro/devkitARM/bin/../lib/gcc/arm-none-eabi/13.2.0/../../../../arm-none-eabi/lib\libsysbase.a(libsysbase_libsysbase_a-getreent.o)
                0x0202af84                __getreent
 .text._gettimeofday_r
                0x0202afb4       0x34 C:/devkitPro/devkitARM/bin/../lib/gcc/arm-none-eabi/13.2.0/../../../../arm-none-eabi/lib\libsysbase.a(libsysbase_libsysbase_a-gettod.o)
                0x0202afb4                _gettimeofday_r
 .text.__release_handle
                0x0202afe8       0x90 C:/devkitPro/devkitARM/bin/../lib/gcc/arm-none-eabi/13.2.0/../../../../arm-none-eabi/lib\libsysbase.a(libsysbase_libsysbase_a-handle_manager.o)
                0x0202afe8                __release_handle
 .text.__alloc_handle
                0x0202b078       0xb4 C:/devkitPro/devkitARM/bin/../lib/gcc/arm-none-eabi/13.2.0/../../../../arm-none-eabi/lib\libsysbase.a(libsysbase_libsysbase_a-handle_manager.o)
                0x0202b078                __alloc_handle
 .text.__get_handle
                0x0202b12c       0x40 C:/devkitPro/devkitARM/bin/../lib/gcc/arm-none-eabi/13.2.0/../../../../arm-none-eabi/lib\libsysbase.a(libsysbase_libsysbase_a-handle_manager.o)
                0x0202b12c                __get_handle
 .text._close_r
                0x0202b16c       0xfc C:/devkitPro/devkitARM/bin/../lib/gcc/arm-none-eabi/13.2.0/../../../../arm-none-eabi/lib\libsysbase.a(libsysbase_libsysbase_a-handle_manager.o)
                0x0202b16c                _close_r
 .text.null_write
                0x0202b268        0x8 C:/devkitPro/devkitARM/bin/../lib/gcc/arm-none-eabi/13.2.0/../../../../arm-none-eabi/lib\libsysbase.a(libsysbase_libsysbase_a-iosupport.o)
 .text.setDefaultDevice
                0x0202b270       0x18 C:/devkitPro/devkitARM/bin/../lib/gcc/arm-none-eabi/13.2.0/../../../../arm-none-eabi/lib\libsysbase.a(libsysbase_libsysbase_a-iosupport.o)
                0x0202b270                setDefaultDevice
 .text.FindDevice
                0x0202b288       0xd4 C:/devkitPro/devkitARM/bin/../lib/gcc/arm-none-eabi/13.2.0/../../../../arm-none-eabi/lib\libsysbase.a(libsysbase_libsysbase_a-iosupport.o)
                0x0202b288                FindDevice
 .text.AddDevice
                0x0202b35c       0xa4 C:/devkitPro/devkitARM/bin/../lib/gcc/arm-none-eabi/13.2.0/../../../../arm-none-eabi/lib\libsysbase.a(libsysbase_libsysbase_a-iosupport.o)
                0x0202b35c                AddDevice
 .text.GetDeviceOpTab
                0x0202b400       0x24 C:/devkitPro/devkitARM/bin/../lib/gcc/arm-none-eabi/13.2.0/../../../../arm-none-eabi/lib\libsysbase.a(libsysbase_libsysbase_a-iosupport.o)
                0x0202b400                GetDeviceOpTab
 .text._isatty_r
                0x0202b424        0x8 C:/devkitPro/devkitARM/bin/../lib/gcc/arm-none-eabi/13.2.0/../../../../arm-none-eabi/lib\libsysbase.a(libsysbase_libsysbase_a-isatty.o)
                0x0202b424                _isatty_r
 .text._kill_r  0x0202b42c       0x14 C:/devkitPro/devkitARM/bin/../lib/gcc/arm-none-eabi/13.2.0/../../../../arm-none-eabi/lib\libsysbase.a(libsysbase_libsysbase_a-kill.o)
                0x0202b42c                _kill_r
 .text._lseek_r
                0x0202b440       0x88 C:/devkitPro/devkitARM/bin/../lib/gcc/arm-none-eabi/13.2.0/../../../../arm-none-eabi/lib\libsysbase.a(libsysbase_libsysbase_a-lseek.o)
                0x0202b440                _lseek_r
 .text._open_r  0x0202b4c8       0xc4 C:/devkitPro/devkitARM/bin/../lib/gcc/arm-none-eabi/13.2.0/../../../../arm-none-eabi/lib\libsysbase.a(libsysbase_libsysbase_a-open.o)
                0x0202b4c8                _open_r
 .text._read_r  0x0202b58c       0x84 C:/devkitPro/devkitARM/bin/../lib/gcc/arm-none-eabi/13.2.0/../../../../arm-none-eabi/lib\libsysbase.a(libsysbase_libsysbase_a-read.o)
                0x0202b58c                _read_r
 .text._sbrk_r  0x0202b610       0x7c C:/devkitPro/devkitARM/bin/../lib/gcc/arm-none-eabi/13.2.0/../../../../arm-none-eabi/lib\libsysbase.a(libsysbase_libsysbase_a-sbrk.o)
                0x0202b610                _sbrk_r
 .text.__libc_lock_acquire
                0x0202b68c       0x20 C:/devkitPro/devkitARM/bin/../lib/gcc/arm-none-eabi/13.2.0/../../../../arm-none-eabi/lib\libsysbase.a(libsysbase_libsysbase_a-syscall_support.o)
                0x0202b68c                __libc_lock_acquire
 .text.__libc_lock_release
                0x0202b6ac       0x20 C:/devkitPro/devkitARM/bin/../lib/gcc/arm-none-eabi/13.2.0/../../../../arm-none-eabi/lib\libsysbase.a(libsysbase_libsysbase_a-syscall_support.o)
                0x0202b6ac                __libc_lock_release
 .text.__libc_lock_acquire_recursive
                0x0202b6cc       0x20 C:/devkitPro/devkitARM/bin/../lib/gcc/arm-none-eabi/13.2.0/../../../../arm-none-eabi/lib\libsysbase.a(libsysbase_libsysbase_a-syscall_support.o)
                0x0202b6cc                __libc_lock_acquire_recursive
 .text.__libc_lock_release_recursive
                0x0202b6ec       0x20 C:/devkitPro/devkitARM/bin/../lib/gcc/arm-none-eabi/13.2.0/../../../../arm-none-eabi/lib\libsysbase.a(libsysbase_libsysbase_a-syscall_support.o)
                0x0202b6ec                __libc_lock_release_recursive
 .text._write_r
                0x0202b70c       0x84 C:/devkitPro/devkitARM/bin/../lib/gcc/arm-none-eabi/13.2.0/../../../../arm-none-eabi/lib\libsysbase.a(libsysbase_libsysbase_a-write.o)
                0x0202b70c                _write_r
 .text._write_r.__stub
                0x0202b790      0x3ac linker stubs
 *(EXCLUDE_FILE(*.twl*) .gnu.warning)
 *(EXCLUDE_FILE(*.twl*) .gnu.linkonce.t*)
 *(.glue_7)
 .glue_7        0x0202bbe0        0x0 linker stubs
 *(.glue_7t)
 .glue_7t       0x0202bbe0        0x0 linker stubs
                0x0202bbe0                        . = ALIGN (0x4)

.vfp11_veneer   0x0202bbe0        0x0
 .vfp11_veneer  0x0202bbe0        0x0 linker stubs

.v4_bx          0x0202bbe0        0x0
 .v4_bx         0x0202bbe0        0x0 linker stubs

.iplt           0x0202bbe0        0x0
 .iplt          0x0202bbe0        0x0 C:/devkitPro/devkitARM/bin/../lib/gcc/arm-none-eabi/13.2.0/../../../../arm-none-eabi/lib/ds_arm9_crt0.o

.fini           0x0202bbe0       0x18
 *(.fini)
 .fini          0x0202bbe0        0xc C:/devkitPro/devkitARM/bin/../lib/gcc/arm-none-eabi/13.2.0/crti.o
                0x0202bbe0                _fini
 .fini          0x0202bbec        0xc C:/devkitPro/devkitARM/bin/../lib/gcc/arm-none-eabi/13.2.0/crtn.o
                0x0202bbf8                        __text_end = .

.rodata         0x0202bbf8   0x26db68
 *(EXCLUDE_FILE(*.twl*) .rodata)
 .rodata        0x0202bbf8       0x9c main.o
                0x0202bc2c                CameraPosOff
                0x0202bc38                MiniMap
                0x0202bc90                Radians
 *all.rodata*(*)
 *(EXCLUDE_FILE(*.twl*) .roda)
 *(EXCLUDE_FILE(*.twl*) .rodata.*)
 .rodata.soundbank_bin
                0x0202bc94   0x266eb0 soundbank.bin.o
                0x0202bc94                soundbank_bin
                0x02292b44                soundbank_bin_end
 .rodata.str1.4
                0x02292b44      0xbc0 main.o
                                0x96e (size before relaxing)
 .rodata.nitroFSInit.str1.4
                0x02293704        0x8 C:/devkitPro/libnds/lib\libfilesystem.a(nitrofs.o)
 .rodata.str1.4
                0x02293704        0xe C:/devkitPro/libnds/lib\libfilesystem.a(nitrofs.o)
 .rodata.fatMount.part.0.str1.4
                0x02293704        0x2 C:/devkitPro/libnds/lib\libfat.a(libfat.o)
 .rodata.fatInit.str1.4
                0x02293704        0x3 C:/devkitPro/libnds/lib\libfat.a(libfat.o)
 .rodata.str1.4
                0x02293704        0x4 C:/devkitPro/libnds/lib\libfat.a(libfat.o)
 .rodata.dotab_fat
                0x02293704       0x70 C:/devkitPro/libnds/lib\libfat.a(libfat.o)
 .rodata.str1.4
                0x02293774        0x8 C:/devkitPro/libnds/lib\libfat.a(disc.o)
 .rodata._FAT_disc_interfaces
                0x02293774       0x18 C:/devkitPro/libnds/lib\libfat.a(disc.o)
                0x02293774                _FAT_disc_interfaces
 .rodata._FAT_directory_entryFromPath.str1.4
                0x0229378c        0x7 C:/devkitPro/libnds/lib\libfat.a(directory.o)
 .rodata.ILLEGAL_ALIAS_CHARACTERS
                0x0229378c       0x12 C:/devkitPro/libnds/lib\libfat.a(directory.o)
 *fill*         0x0229379e        0x2 ff
 .rodata.ILLEGAL_LFN_CHARACTERS
                0x022937a0        0xa C:/devkitPro/libnds/lib\libfat.a(directory.o)
 *fill*         0x022937aa        0x2 ff
 .rodata.LFN_offset_table
                0x022937ac       0x34 C:/devkitPro/libnds/lib\libfat.a(directory.o)
 .rodata.FAT_SIG
                0x022937e0        0x3 C:/devkitPro/libnds/lib\libfat.a(partition.o)
 *fill*         0x022937e3        0x1 ff
 .rodata.FS_TWL_SIG
                0x022937e4        0x8 C:/devkitPro/libnds/lib\libfat.a(partition.o)
 .rodata.SIN_LUT
                0x022937ec      0x102 C:/devkitPro/libnds/lib\libnds9.a(trig.o)
                0x022937ec                SIN_LUT
 *fill*         0x022938ee        0x2 ff
 .rodata.TAN_LUT
                0x022938f0      0x204 C:/devkitPro/libnds/lib\libnds9.a(trig.o)
                0x022938f0                TAN_LUT
 .rodata.__sassert.str1.4
                0x02293af4       0x42 C:/devkitPro/libnds/lib\libnds9.a(sassert.o)
 .rodata.con_write.str1.4
                0x02293af4       0x30 C:/devkitPro/libnds/lib\libnds9.a(console.o)
 .rodata.con_write
                0x02293af4       0xd4 C:/devkitPro/libnds/lib\libnds9.a(console.o)
 .rodata.consoleClear.str1.4
                0x02293bc8        0x5 C:/devkitPro/libnds/lib\libnds9.a(console.o)
 .rodata.str1.4
                0x02293bc8       0x14 C:/devkitPro/libnds/lib\libnds9.a(console.o)
 .rodata.dotab_stdout
                0x02293bc8       0x70 C:/devkitPro/libnds/lib\libnds9.a(console.o)
 .rodata.glMaterialf
                0x02293c38       0x44 C:/devkitPro/libnds/lib\libnds9.a(videoGL.o)
 .rodata.default_font_bin
                0x02293c7c     0x2000 C:/devkitPro/libnds/lib\libnds9.a(default_font.bin.o)
                0x02293c7c                default_font_bin
                0x02295c7c                default_font_bin_end
 .rodata._mbrtowc_r.str1.4
                0x02295c7c        0x1 C:/devkitPro/devkitARM/bin/../lib/gcc/arm-none-eabi/13.2.0/../../../../arm-none-eabi/lib\libg.a(libc_a-mbrtowc.o)
 .rodata._ctype_
                0x02295c7c      0x101 C:/devkitPro/devkitARM/bin/../lib/gcc/arm-none-eabi/13.2.0/../../../../arm-none-eabi/lib\libg.a(libc_a-ctype_.o)
                0x02295c7c                _ctype_
 .rodata._puts_r.str1.4
                0x02295d7d        0x2 C:/devkitPro/devkitARM/bin/../lib/gcc/arm-none-eabi/13.2.0/../../../../arm-none-eabi/lib\libg.a(libc_a-puts.o)
 *fill*         0x02295d7d        0x3 ff
 .rodata.basefix.0
                0x02295d80       0x22 C:/devkitPro/devkitARM/bin/../lib/gcc/arm-none-eabi/13.2.0/../../../../arm-none-eabi/lib\libg.a(libc_a-svfiscanf.o)
 .rodata._vfprintf_r.str1.1
                0x02295da2       0x3b C:/devkitPro/devkitARM/bin/../lib/gcc/arm-none-eabi/13.2.0/../../../../arm-none-eabi/lib\libg.a(libc_a-vfprintf.o)
 *fill*         0x02295ddd        0x3 ff
 .rodata.zeroes.0
                0x02295de0       0x10 C:/devkitPro/devkitARM/bin/../lib/gcc/arm-none-eabi/13.2.0/../../../../arm-none-eabi/lib\libg.a(libc_a-vfprintf.o)
 .rodata.blanks.1
                0x02295df0       0x10 C:/devkitPro/devkitARM/bin/../lib/gcc/arm-none-eabi/13.2.0/../../../../arm-none-eabi/lib\libg.a(libc_a-vfprintf.o)
 .rodata._DAYS_BEFORE_MONTH
                0x02295e00       0x30 C:/devkitPro/devkitARM/bin/../lib/gcc/arm-none-eabi/13.2.0/../../../../arm-none-eabi/lib\libg.a(libc_a-mktime.o)
 .rodata.DAYS_IN_MONTH
                0x02295e30       0x30 C:/devkitPro/devkitARM/bin/../lib/gcc/arm-none-eabi/13.2.0/../../../../arm-none-eabi/lib\libg.a(libc_a-mktime.o)
 .rodata._tzset_unlocked_r.str1.4
                0x02295e60       0x6b C:/devkitPro/devkitARM/bin/../lib/gcc/arm-none-eabi/13.2.0/../../../../arm-none-eabi/lib\libg.a(libc_a-tzset_r.o)
 .rodata.__month_lengths
                0x02295e60       0x60 C:/devkitPro/devkitARM/bin/../lib/gcc/arm-none-eabi/13.2.0/../../../../arm-none-eabi/lib\libg.a(libc_a-month_lengths.o)
                0x02295e60                __month_lengths
 .rodata.str1.4
                0x02295ec0        0x4 C:/devkitPro/devkitARM/bin/../lib/gcc/arm-none-eabi/13.2.0/../../../../arm-none-eabi/lib\libg.a(libc_a-tzvars.o)
 .rodata.str1.4
                0x02295ec0       0x4c C:/devkitPro/devkitARM/bin/../lib/gcc/arm-none-eabi/13.2.0/../../../../arm-none-eabi/lib\libg.a(libc_a-locale.o)
 .rodata.categories
                0x02295ec0     0x3528 C:/devkitPro/devkitARM/bin/../lib/gcc/arm-none-eabi/13.2.0/../../../../arm-none-eabi/lib\libg.a(libc_a-categories.o)
 .rodata._vfiprintf_r.str1.1
                0x022993e8       0x29 C:/devkitPro/devkitARM/bin/../lib/gcc/arm-none-eabi/13.2.0/../../../../arm-none-eabi/lib\libg.a(libc_a-vfiprintf.o)
 .rodata.zeroes.0
                0x022993e8       0x10 C:/devkitPro/devkitARM/bin/../lib/gcc/arm-none-eabi/13.2.0/../../../../arm-none-eabi/lib\libg.a(libc_a-vfiprintf.o)
 .rodata.blanks.1
                0x022993f8       0x10 C:/devkitPro/devkitARM/bin/../lib/gcc/arm-none-eabi/13.2.0/../../../../arm-none-eabi/lib\libg.a(libc_a-vfiprintf.o)
 .rodata.__action_table
                0x02299408       0x6c C:/devkitPro/devkitARM/bin/../lib/gcc/arm-none-eabi/13.2.0/../../../../arm-none-eabi/lib\libg.a(libc_a-svfiprintf.o)
                0x02299408                __action_table
 .rodata.__state_table
                0x02299474       0x6c C:/devkitPro/devkitARM/bin/../lib/gcc/arm-none-eabi/13.2.0/../../../../arm-none-eabi/lib\libg.a(libc_a-svfiprintf.o)
                0x02299474                __state_table
 .rodata.__chclass
                0x022994e0      0x100 C:/devkitPro/devkitARM/bin/../lib/gcc/arm-none-eabi/13.2.0/../../../../arm-none-eabi/lib\libg.a(libc_a-svfiprintf.o)
                0x022994e0                __chclass
 .rodata._dtoa_r.str1.4
                0x022995e0       0x64 C:/devkitPro/devkitARM/bin/../lib/gcc/arm-none-eabi/13.2.0/../../../../arm-none-eabi/lib\libg.a(libc_a-dtoa.o)
 .rodata.__multadd.str1.4
                0x022995e0       0x51 C:/devkitPro/devkitARM/bin/../lib/gcc/arm-none-eabi/13.2.0/../../../../arm-none-eabi/lib\libg.a(libc_a-mprec.o)
 .rodata.p05.0  0x022995e0        0xc C:/devkitPro/devkitARM/bin/../lib/gcc/arm-none-eabi/13.2.0/../../../../arm-none-eabi/lib\libg.a(libc_a-mprec.o)
 *fill*         0x022995ec        0x4 ff
 .rodata.__mprec_bigtens
                0x022995f0       0x28 C:/devkitPro/devkitARM/bin/../lib/gcc/arm-none-eabi/13.2.0/../../../../arm-none-eabi/lib\libg.a(libc_a-mprec.o)
                0x022995f0                __mprec_bigtens
 .rodata.__mprec_tens
                0x02299618       0xc8 C:/devkitPro/devkitARM/bin/../lib/gcc/arm-none-eabi/13.2.0/../../../../arm-none-eabi/lib\libg.a(libc_a-mprec.o)
                0x02299618                __mprec_tens
 .rodata.__assert_func.str1.4
                0x022996e0       0x43 C:/devkitPro/devkitARM/bin/../lib/gcc/arm-none-eabi/13.2.0/../../../../arm-none-eabi/lib\libg.a(libc_a-assert.o)
 .rodata.AddDevice.str1.4
                0x022996e0        0x8 C:/devkitPro/devkitARM/bin/../lib/gcc/arm-none-eabi/13.2.0/../../../../arm-none-eabi/lib\libsysbase.a(libsysbase_libsysbase_a-iosupport.o)
 .rodata.dotab_stdnull
                0x022996e0       0x80 C:/devkitPro/devkitARM/bin/../lib/gcc/arm-none-eabi/13.2.0/../../../../arm-none-eabi/lib\libsysbase.a(libsysbase_libsysbase_a-iosupport.o)
                0x022996e0                dotab_stdnull
 *(EXCLUDE_FILE(*.twl*) .gnu.linkonce.r*)
                0x02299760                        . = ALIGN (0x4)

.ARM.extab
 *(.ARM.extab* .gnu.linkonce.armextab.*)
                0x02299760                        __exidx_start = .

ARM.exidx
 *(.ARM.exidx* .gnu.linkonce.armexidx.*)
                0x02299760                        __exidx_end = .
                0x02299760                        . = ALIGN (0x4)